# command: ./l2 --stride 64 --reps 101 --steps 16384
# gpu: NVIDIA GB10
# compute_capability: 12.1
# sm_count: 48
# l2_bytes: 25165824
# sm_clock_max_khz: 2418000
# driver_version: 13000
# runtime_version: 13000
# seed: 42
# reps: 101
# steps: 16384
# warmup: 1
# buffer_elems: 1572864
# stride_bytes: 64
# cycle_length: 98304
benchmark,cluster_size,distance,mapped,block_size,steps,buffer_bytes,stride_bytes,seed,rep,cycles,ns,cycles_per_load,ns_per_load,ghz
l2,0,0,0,32,16384,6291456,64,42,0,5590619,2324704,341.2243,141.8887,2.4049
l2,0,0,0,32,16384,6291456,64,42,1,5589349,2324192,341.1468,141.8574,2.4049
l2,0,0,0,32,16384,6291456,64,42,2,5589764,2324384,341.1721,141.8691,2.4048
l2,0,0,0,32,16384,6291456,64,42,3,5590312,2324608,341.2056,141.8828,2.4048
l2,0,0,0,32,16384,6291456,64,42,4,5589897,2324384,341.1802,141.8691,2.4049
l2,0,0,0,32,16384,6291456,64,42,5,5590135,2324480,341.1948,141.8750,2.4049
l2,0,0,0,32,16384,6291456,64,42,6,5590038,2324448,341.1888,141.8730,2.4049
l2,0,0,0,32,16384,6291456,64,42,7,5589034,2324032,341.1276,141.8477,2.4049
l2,0,0,0,32,16384,6291456,64,42,8,5590182,2324512,341.1976,141.8770,2.4049
l2,0,0,0,32,16384,6291456,64,42,9,5590520,2324672,341.2183,141.8867,2.4049
l2,0,0,0,32,16384,6291456,64,42,10,5590164,2324544,341.1965,141.8789,2.4048
l2,0,0,0,32,16384,6291456,64,42,11,5589617,2324288,341.1631,141.8633,2.4049
l2,0,0,0,32,16384,6291456,64,42,12,5589419,2324160,341.1511,141.8555,2.4049
l2,0,0,0,32,16384,6291456,64,42,13,5589623,2324320,341.1635,141.8652,2.4048
l2,0,0,0,32,16384,6291456,64,42,14,5590393,2324576,341.2105,141.8809,2.4049
l2,0,0,0,32,16384,6291456,64,42,15,5589333,2324160,341.1458,141.8555,2.4049
l2,0,0,0,32,16384,6291456,64,42,16,5588894,2324000,341.1190,141.8457,2.4049
l2,0,0,0,32,16384,6291456,64,42,17,5590678,2324704,341.2279,141.8887,2.4049
l2,0,0,0,32,16384,6291456,64,42,18,5589420,2324192,341.1511,141.8574,2.4049
l2,0,0,0,32,16384,6291456,64,42,19,5589734,2324384,341.1703,141.8691,2.4048
l2,0,0,0,32,16384,6291456,64,42,20,5589886,2324384,341.1796,141.8691,2.4049
l2,0,0,0,32,16384,6291456,64,42,21,5589580,2324256,341.1609,141.8613,2.4049
l2,0,0,0,32,16384,6291456,64,42,22,5589112,2324064,341.1323,141.8496,2.4049
l2,0,0,0,32,16384,6291456,64,42,23,5590376,2324544,341.2095,141.8789,2.4049
l2,0,0,0,32,16384,6291456,64,42,24,5589927,2324416,341.1821,141.8711,2.4049
l2,0,0,0,32,16384,6291456,64,42,25,5589581,2324288,341.1609,141.8633,2.4049
l2,0,0,0,32,16384,6291456,64,42,26,5589529,2324288,341.1578,141.8633,2.4048
l2,0,0,0,32,16384,6291456,64,42,27,5588967,2324032,341.1235,141.8477,2.4049
l2,0,0,0,32,16384,6291456,64,42,28,5590371,2324576,341.2092,141.8809,2.4049
l2,0,0,0,32,16384,6291456,64,42,29,5590911,2324832,341.2421,141.8965,2.4049
l2,0,0,0,32,16384,6291456,64,42,30,5590369,2324608,341.2090,141.8828,2.4049
l2,0,0,0,32,16384,6291456,64,42,31,5591081,2324896,341.2525,141.9004,2.4049
l2,0,0,0,32,16384,6291456,64,42,32,5589553,2324288,341.1592,141.8633,2.4048
l2,0,0,0,32,16384,6291456,64,42,33,5587986,2323584,341.0636,141.8203,2.4049
l2,0,0,0,32,16384,6291456,64,42,34,5589810,2324352,341.1749,141.8672,2.4049
l2,0,0,0,32,16384,6291456,64,42,35,5588897,2323968,341.1192,141.8438,2.4049
l2,0,0,0,32,16384,6291456,64,42,36,5589012,2324000,341.1262,141.8457,2.4049
l2,0,0,0,32,16384,6291456,64,42,37,5590201,2324544,341.1988,141.8789,2.4049
l2,0,0,0,32,16384,6291456,64,42,38,5589884,2324384,341.1794,141.8691,2.4049
l2,0,0,0,32,16384,6291456,64,42,39,5589560,2324256,341.1597,141.8613,2.4049
l2,0,0,0,32,16384,6291456,64,42,40,5588212,2323680,341.0774,141.8262,2.4049
l2,0,0,0,32,16384,6291456,64,42,41,5588775,2323968,341.1118,141.8438,2.4048
l2,0,0,0,32,16384,6291456,64,42,42,5590275,2324544,341.2033,141.8789,2.4049
l2,0,0,0,32,16384,6291456,64,42,43,5589699,2324352,341.1682,141.8672,2.4048
l2,0,0,0,32,16384,6291456,64,42,44,5589479,2324192,341.1547,141.8574,2.4049
l2,0,0,0,32,16384,6291456,64,42,45,5589076,2324064,341.1301,141.8496,2.4049
l2,0,0,0,32,16384,6291456,64,42,46,5589829,2324384,341.1761,141.8691,2.4049
l2,0,0,0,32,16384,6291456,64,42,47,5590562,2324672,341.2208,141.8867,2.4049
l2,0,0,0,32,16384,6291456,64,42,48,5588439,2323776,341.0912,141.8320,2.4049
l2,0,0,0,32,16384,6291456,64,42,49,5589731,2324288,341.1701,141.8633,2.4049
l2,0,0,0,32,16384,6291456,64,42,50,5588987,2324064,341.1247,141.8496,2.4048
l2,0,0,0,32,16384,6291456,64,42,51,5590579,2324704,341.2219,141.8887,2.4049
l2,0,0,0,32,16384,6291456,64,42,52,5589251,2324128,341.1408,141.8535,2.4049
l2,0,0,0,32,16384,6291456,64,42,53,5589595,2324288,341.1618,141.8633,2.4049
l2,0,0,0,32,16384,6291456,64,42,54,5589578,2324256,341.1608,141.8613,2.4049
l2,0,0,0,32,16384,6291456,64,42,55,5589157,2324064,341.1351,141.8496,2.4049
l2,0,0,0,32,16384,6291456,64,42,56,5589656,2324288,341.1655,141.8633,2.4049
l2,0,0,0,32,16384,6291456,64,42,57,5589726,2324320,341.1698,141.8652,2.4049
l2,0,0,0,32,16384,6291456,64,42,58,5589576,2324256,341.1606,141.8613,2.4049
l2,0,0,0,32,16384,6291456,64,42,59,5589367,2324160,341.1479,141.8555,2.4049
l2,0,0,0,32,16384,6291456,64,42,60,5587901,2323584,341.0584,141.8203,2.4049
l2,0,0,0,32,16384,6291456,64,42,61,5588934,2324032,341.1215,141.8477,2.4048
l2,0,0,0,32,16384,6291456,64,42,62,5588946,2324000,341.1222,141.8457,2.4049
l2,0,0,0,32,16384,6291456,64,42,63,5588229,2323712,341.0784,141.8281,2.4049
l2,0,0,0,32,16384,6291456,64,42,64,5589819,2324384,341.1755,141.8691,2.4049
l2,0,0,0,32,16384,6291456,64,42,65,5590022,2324416,341.1879,141.8711,2.4049
l2,0,0,0,32,16384,6291456,64,42,66,5589883,2324416,341.1794,141.8711,2.4049
l2,0,0,0,32,16384,6291456,64,42,67,5590379,2324576,341.2097,141.8809,2.4049
l2,0,0,0,32,16384,6291456,64,42,68,5589917,2324384,341.1815,141.8691,2.4049
l2,0,0,0,32,16384,6291456,64,42,69,5589755,2324384,341.1716,141.8691,2.4048
l2,0,0,0,32,16384,6291456,64,42,70,5664953,2355616,345.7613,143.7754,2.4049
l2,0,0,0,32,16384,6291456,64,42,71,5589675,2324320,341.1667,141.8652,2.4049
l2,0,0,0,32,16384,6291456,64,42,72,5589521,2324256,341.1573,141.8613,2.4049
l2,0,0,0,32,16384,6291456,64,42,73,5589092,2324096,341.1311,141.8516,2.4048
l2,0,0,0,32,16384,6291456,64,42,74,5589680,2324320,341.1670,141.8652,2.4049
l2,0,0,0,32,16384,6291456,64,42,75,5590433,2324640,341.2130,141.8848,2.4049
l2,0,0,0,32,16384,6291456,64,42,76,5588686,2323904,341.1063,141.8398,2.4049
l2,0,0,0,32,16384,6291456,64,42,77,5589094,2324032,341.1312,141.8477,2.4049
l2,0,0,0,32,16384,6291456,64,42,78,5591062,2324864,341.2513,141.8984,2.4049
l2,0,0,0,32,16384,6291456,64,42,79,5590250,2324576,341.2018,141.8809,2.4048
l2,0,0,0,32,16384,6291456,64,42,80,5589137,2324128,341.1339,141.8535,2.4048
l2,0,0,0,32,16384,6291456,64,42,81,5590312,2324608,341.2056,141.8828,2.4048
l2,0,0,0,32,16384,6291456,64,42,82,5589958,2324416,341.1840,141.8711,2.4049
l2,0,0,0,32,16384,6291456,64,42,83,5589757,2324352,341.1717,141.8672,2.4049
l2,0,0,0,32,16384,6291456,64,42,84,5590310,2324576,341.2054,141.8809,2.4049
l2,0,0,0,32,16384,6291456,64,42,85,5589229,2324096,341.1395,141.8516,2.4049
l2,0,0,0,32,16384,6291456,64,42,86,5590299,2324576,341.2048,141.8809,2.4049
l2,0,0,0,32,16384,6291456,64,42,87,5589549,2324416,341.1590,141.8711,2.4047
l2,0,0,0,32,16384,6291456,64,42,88,5588865,2323968,341.1172,141.8438,2.4049
l2,0,0,0,32,16384,6291456,64,42,89,5589651,2324320,341.1652,141.8652,2.4049
l2,0,0,0,32,16384,6291456,64,42,90,5588998,2324032,341.1254,141.8477,2.4049
l2,0,0,0,32,16384,6291456,64,42,91,5589772,2324352,341.1726,141.8672,2.4049
l2,0,0,0,32,16384,6291456,64,42,92,5589631,2324352,341.1640,141.8672,2.4048
l2,0,0,0,32,16384,6291456,64,42,93,5591579,2325088,341.2829,141.9121,2.4049
l2,0,0,0,32,16384,6291456,64,42,94,5589560,2324256,341.1597,141.8613,2.4049
l2,0,0,0,32,16384,6291456,64,42,95,5588932,2324000,341.1213,141.8457,2.4049
l2,0,0,0,32,16384,6291456,64,42,96,5589714,2324320,341.1691,141.8652,2.4049
l2,0,0,0,32,16384,6291456,64,42,97,5589560,2324288,341.1597,141.8633,2.4048
l2,0,0,0,32,16384,6291456,64,42,98,5590838,2324800,341.2377,141.8945,2.4049
l2,0,0,0,32,16384,6291456,64,42,99,5589606,2324288,341.1625,141.8633,2.4049
l2,0,0,0,32,16384,6291456,64,42,100,5589978,2324416,341.1852,141.8711,2.4049
