# command: ./latency-many-threads --target remote --requesters 4 --chasers 256 --reps 11 --steps 16384
# gpu: NVIDIA GB10
# compute_capability: 12.1
# sm_count: 48
# l2_bytes: 25165824
# sm_clock_max_khz: 2418000
# driver_version: 13000
# runtime_version: 13000
# seed: 42
# reps: 11
# steps: 16384
# warmup: 1
# buffer_elems: 4096
# stride_bytes: 0
# cycle_length: 4096
# chasers: 256
# requesters: 4
# target: remote
# bank_aligned: 1
# warps_per_requester: 8
benchmark,cluster_size,distance,mapped,block_size,steps,buffer_bytes,stride_bytes,seed,rep,cycles,ns,cycles_per_load,ns_per_load,ghz,chasers,warp
dsmem_loaded,5,0,1,256,16384,0,0,42,0,224840058,93494080,13723.1481,5706.4258,2.4049,256,0
dsmem_loaded,5,0,1,256,16384,0,0,42,0,224840058,93494080,13723.1481,5706.4258,2.4049,256,1
dsmem_loaded,5,0,1,256,16384,0,0,42,0,224840058,93494080,13723.1481,5706.4258,2.4049,256,2
dsmem_loaded,5,0,1,256,16384,0,0,42,0,224840058,93494048,13723.1481,5706.4238,2.4049,256,3
dsmem_loaded,5,0,1,256,16384,0,0,42,0,224840058,93494080,13723.1481,5706.4258,2.4049,256,4
dsmem_loaded,5,0,1,256,16384,0,0,42,0,224840058,93494080,13723.1481,5706.4258,2.4049,256,5
dsmem_loaded,5,0,1,256,16384,0,0,42,0,224840058,93494048,13723.1481,5706.4238,2.4049,256,6
dsmem_loaded,5,0,1,256,16384,0,0,42,0,224840058,93494048,13723.1481,5706.4238,2.4049,256,7
dsmem_loaded,5,0,1,256,16384,0,0,42,0,224840058,93494080,13723.1481,5706.4258,2.4049,256,8
dsmem_loaded,5,0,1,256,16384,0,0,42,0,224840058,93494080,13723.1481,5706.4258,2.4049,256,9
dsmem_loaded,5,0,1,256,16384,0,0,42,0,224840058,93494048,13723.1481,5706.4238,2.4049,256,10
dsmem_loaded,5,0,1,256,16384,0,0,42,0,224840058,93494080,13723.1481,5706.4258,2.4049,256,11
dsmem_loaded,5,0,1,256,16384,0,0,42,0,224840058,93494048,13723.1481,5706.4238,2.4049,256,12
dsmem_loaded,5,0,1,256,16384,0,0,42,0,224840058,93494080,13723.1481,5706.4258,2.4049,256,13
dsmem_loaded,5,0,1,256,16384,0,0,42,0,224840058,93494048,13723.1481,5706.4238,2.4049,256,14
dsmem_loaded,5,0,1,256,16384,0,0,42,0,224840058,93494048,13723.1481,5706.4238,2.4049,256,15
dsmem_loaded,5,0,1,256,16384,0,0,42,0,224840058,93494048,13723.1481,5706.4238,2.4049,256,16
dsmem_loaded,5,0,1,256,16384,0,0,42,0,224840058,93494080,13723.1481,5706.4258,2.4049,256,17
dsmem_loaded,5,0,1,256,16384,0,0,42,0,224840058,93494080,13723.1481,5706.4258,2.4049,256,18
dsmem_loaded,5,0,1,256,16384,0,0,42,0,224840058,93494080,13723.1481,5706.4258,2.4049,256,19
dsmem_loaded,5,0,1,256,16384,0,0,42,0,224840058,93494080,13723.1481,5706.4258,2.4049,256,20
dsmem_loaded,5,0,1,256,16384,0,0,42,0,224840058,93494048,13723.1481,5706.4238,2.4049,256,21
dsmem_loaded,5,0,1,256,16384,0,0,42,0,224840058,93494080,13723.1481,5706.4258,2.4049,256,22
dsmem_loaded,5,0,1,256,16384,0,0,42,0,224840058,93494048,13723.1481,5706.4238,2.4049,256,23
dsmem_loaded,5,0,1,256,16384,0,0,42,0,224840058,93494080,13723.1481,5706.4258,2.4049,256,24
dsmem_loaded,5,0,1,256,16384,0,0,42,0,224840058,93494048,13723.1481,5706.4238,2.4049,256,25
dsmem_loaded,5,0,1,256,16384,0,0,42,0,224840058,93494080,13723.1481,5706.4258,2.4049,256,26
dsmem_loaded,5,0,1,256,16384,0,0,42,0,224840058,93494080,13723.1481,5706.4258,2.4049,256,27
dsmem_loaded,5,0,1,256,16384,0,0,42,0,224840058,93494048,13723.1481,5706.4238,2.4049,256,28
dsmem_loaded,5,0,1,256,16384,0,0,42,0,224840058,93494080,13723.1481,5706.4258,2.4049,256,29
dsmem_loaded,5,0,1,256,16384,0,0,42,0,224840058,93494080,13723.1481,5706.4258,2.4049,256,30
dsmem_loaded,5,0,1,256,16384,0,0,42,0,224840058,93494080,13723.1481,5706.4258,2.4049,256,31
dsmem_loaded,5,0,1,256,16384,0,0,42,1,224827514,93488832,13722.3824,5706.1055,2.4049,256,0
dsmem_loaded,5,0,1,256,16384,0,0,42,1,224827514,93488864,13722.3824,5706.1074,2.4049,256,1
dsmem_loaded,5,0,1,256,16384,0,0,42,1,224827514,93488864,13722.3824,5706.1074,2.4049,256,2
dsmem_loaded,5,0,1,256,16384,0,0,42,1,224827514,93488832,13722.3824,5706.1055,2.4049,256,3
dsmem_loaded,5,0,1,256,16384,0,0,42,1,224827514,93488832,13722.3824,5706.1055,2.4049,256,4
dsmem_loaded,5,0,1,256,16384,0,0,42,1,224827514,93488864,13722.3824,5706.1074,2.4049,256,5
dsmem_loaded,5,0,1,256,16384,0,0,42,1,224827514,93488864,13722.3824,5706.1074,2.4049,256,6
dsmem_loaded,5,0,1,256,16384,0,0,42,1,224827514,93488832,13722.3824,5706.1055,2.4049,256,7
dsmem_loaded,5,0,1,256,16384,0,0,42,1,224827514,93488832,13722.3824,5706.1055,2.4049,256,8
dsmem_loaded,5,0,1,256,16384,0,0,42,1,224827514,93488832,13722.3824,5706.1055,2.4049,256,9
dsmem_loaded,5,0,1,256,16384,0,0,42,1,224827514,93488864,13722.3824,5706.1074,2.4049,256,10
dsmem_loaded,5,0,1,256,16384,0,0,42,1,224827514,93488832,13722.3824,5706.1055,2.4049,256,11
dsmem_loaded,5,0,1,256,16384,0,0,42,1,224827514,93488864,13722.3824,5706.1074,2.4049,256,12
dsmem_loaded,5,0,1,256,16384,0,0,42,1,224827514,93488832,13722.3824,5706.1055,2.4049,256,13
dsmem_loaded,5,0,1,256,16384,0,0,42,1,224827514,93488864,13722.3824,5706.1074,2.4049,256,14
dsmem_loaded,5,0,1,256,16384,0,0,42,1,224827514,93488864,13722.3824,5706.1074,2.4049,256,15
dsmem_loaded,5,0,1,256,16384,0,0,42,1,224827514,93488800,13722.3824,5706.1035,2.4049,256,16
dsmem_loaded,5,0,1,256,16384,0,0,42,1,224827514,93488832,13722.3824,5706.1055,2.4049,256,17
dsmem_loaded,5,0,1,256,16384,0,0,42,1,224827514,93488864,13722.3824,5706.1074,2.4049,256,18
dsmem_loaded,5,0,1,256,16384,0,0,42,1,224827514,93488832,13722.3824,5706.1055,2.4049,256,19
dsmem_loaded,5,0,1,256,16384,0,0,42,1,224827514,93488864,13722.3824,5706.1074,2.4049,256,20
dsmem_loaded,5,0,1,256,16384,0,0,42,1,224827514,93488864,13722.3824,5706.1074,2.4049,256,21
dsmem_loaded,5,0,1,256,16384,0,0,42,1,224827514,93488864,13722.3824,5706.1074,2.4049,256,22
dsmem_loaded,5,0,1,256,16384,0,0,42,1,224827514,93488864,13722.3824,5706.1074,2.4049,256,23
dsmem_loaded,5,0,1,256,16384,0,0,42,1,224827514,93488832,13722.3824,5706.1055,2.4049,256,24
dsmem_loaded,5,0,1,256,16384,0,0,42,1,224827514,93488832,13722.3824,5706.1055,2.4049,256,25
dsmem_loaded,5,0,1,256,16384,0,0,42,1,224827514,93488832,13722.3824,5706.1055,2.4049,256,26
dsmem_loaded,5,0,1,256,16384,0,0,42,1,224827514,93488832,13722.3824,5706.1055,2.4049,256,27
dsmem_loaded,5,0,1,256,16384,0,0,42,1,224827514,93488832,13722.3824,5706.1055,2.4049,256,28
dsmem_loaded,5,0,1,256,16384,0,0,42,1,224827514,93488832,13722.3824,5706.1055,2.4049,256,29
dsmem_loaded,5,0,1,256,16384,0,0,42,1,224827514,93488832,13722.3824,5706.1055,2.4049,256,30
dsmem_loaded,5,0,1,256,16384,0,0,42,1,224827514,93488864,13722.3824,5706.1074,2.4049,256,31
dsmem_loaded,5,0,1,256,16384,0,0,42,2,224830074,93489856,13722.5387,5706.1680,2.4049,256,0
dsmem_loaded,5,0,1,256,16384,0,0,42,2,224830074,93489824,13722.5387,5706.1660,2.4049,256,1
dsmem_loaded,5,0,1,256,16384,0,0,42,2,224830074,93489824,13722.5387,5706.1660,2.4049,256,2
dsmem_loaded,5,0,1,256,16384,0,0,42,2,224830074,93489856,13722.5387,5706.1680,2.4049,256,3
dsmem_loaded,5,0,1,256,16384,0,0,42,2,224830074,93489824,13722.5387,5706.1660,2.4049,256,4
dsmem_loaded,5,0,1,256,16384,0,0,42,2,224830074,93489824,13722.5387,5706.1660,2.4049,256,5
dsmem_loaded,5,0,1,256,16384,0,0,42,2,224830074,93489824,13722.5387,5706.1660,2.4049,256,6
dsmem_loaded,5,0,1,256,16384,0,0,42,2,224830074,93489824,13722.5387,5706.1660,2.4049,256,7
dsmem_loaded,5,0,1,256,16384,0,0,42,2,224830074,93489856,13722.5387,5706.1680,2.4049,256,8
dsmem_loaded,5,0,1,256,16384,0,0,42,2,224830074,93489856,13722.5387,5706.1680,2.4049,256,9
dsmem_loaded,5,0,1,256,16384,0,0,42,2,224830074,93489824,13722.5387,5706.1660,2.4049,256,10
dsmem_loaded,5,0,1,256,16384,0,0,42,2,224830074,93489856,13722.5387,5706.1680,2.4049,256,11
dsmem_loaded,5,0,1,256,16384,0,0,42,2,224830074,93489824,13722.5387,5706.1660,2.4049,256,12
dsmem_loaded,5,0,1,256,16384,0,0,42,2,224830074,93489824,13722.5387,5706.1660,2.4049,256,13
dsmem_loaded,5,0,1,256,16384,0,0,42,2,224830074,93489824,13722.5387,5706.1660,2.4049,256,14
dsmem_loaded,5,0,1,256,16384,0,0,42,2,224830074,93489856,13722.5387,5706.1680,2.4049,256,15
dsmem_loaded,5,0,1,256,16384,0,0,42,2,224830074,93489856,13722.5387,5706.1680,2.4049,256,16
dsmem_loaded,5,0,1,256,16384,0,0,42,2,224830074,93489824,13722.5387,5706.1660,2.4049,256,17
dsmem_loaded,5,0,1,256,16384,0,0,42,2,224830074,93489824,13722.5387,5706.1660,2.4049,256,18
dsmem_loaded,5,0,1,256,16384,0,0,42,2,224830074,93489856,13722.5387,5706.1680,2.4049,256,19
dsmem_loaded,5,0,1,256,16384,0,0,42,2,224830074,93489824,13722.5387,5706.1660,2.4049,256,20
dsmem_loaded,5,0,1,256,16384,0,0,42,2,224830074,93489824,13722.5387,5706.1660,2.4049,256,21
dsmem_loaded,5,0,1,256,16384,0,0,42,2,224830074,93489824,13722.5387,5706.1660,2.4049,256,22
dsmem_loaded,5,0,1,256,16384,0,0,42,2,224830074,93489824,13722.5387,5706.1660,2.4049,256,23
dsmem_loaded,5,0,1,256,16384,0,0,42,2,224830074,93489824,13722.5387,5706.1660,2.4049,256,24
dsmem_loaded,5,0,1,256,16384,0,0,42,2,224830074,93489856,13722.5387,5706.1680,2.4049,256,25
dsmem_loaded,5,0,1,256,16384,0,0,42,2,224830074,93489824,13722.5387,5706.1660,2.4049,256,26
dsmem_loaded,5,0,1,256,16384,0,0,42,2,224830074,93489856,13722.5387,5706.1680,2.4049,256,27
dsmem_loaded,5,0,1,256,16384,0,0,42,2,224830074,93489824,13722.5387,5706.1660,2.4049,256,28
dsmem_loaded,5,0,1,256,16384,0,0,42,2,224830074,93489824,13722.5387,5706.1660,2.4049,256,29
dsmem_loaded,5,0,1,256,16384,0,0,42,2,224830074,93489824,13722.5387,5706.1660,2.4049,256,30
dsmem_loaded,5,0,1,256,16384,0,0,42,2,224830074,93489856,13722.5387,5706.1680,2.4049,256,31
dsmem_loaded,5,0,1,256,16384,0,0,42,3,224841338,93494592,13723.2262,5706.4570,2.4049,256,0
dsmem_loaded,5,0,1,256,16384,0,0,42,3,224841338,93494592,13723.2262,5706.4570,2.4049,256,1
dsmem_loaded,5,0,1,256,16384,0,0,42,3,224841338,93494592,13723.2262,5706.4570,2.4049,256,2
dsmem_loaded,5,0,1,256,16384,0,0,42,3,224841338,93494592,13723.2262,5706.4570,2.4049,256,3
dsmem_loaded,5,0,1,256,16384,0,0,42,3,224841338,93494624,13723.2262,5706.4590,2.4049,256,4
dsmem_loaded,5,0,1,256,16384,0,0,42,3,224841338,93494592,13723.2262,5706.4570,2.4049,256,5
dsmem_loaded,5,0,1,256,16384,0,0,42,3,224841338,93494592,13723.2262,5706.4570,2.4049,256,6
dsmem_loaded,5,0,1,256,16384,0,0,42,3,224841338,93494624,13723.2262,5706.4590,2.4049,256,7
dsmem_loaded,5,0,1,256,16384,0,0,42,3,224841338,93494624,13723.2262,5706.4590,2.4049,256,8
dsmem_loaded,5,0,1,256,16384,0,0,42,3,224841338,93494592,13723.2262,5706.4570,2.4049,256,9
dsmem_loaded,5,0,1,256,16384,0,0,42,3,224841338,93494592,13723.2262,5706.4570,2.4049,256,10
dsmem_loaded,5,0,1,256,16384,0,0,42,3,224841338,93494592,13723.2262,5706.4570,2.4049,256,11
dsmem_loaded,5,0,1,256,16384,0,0,42,3,224841338,93494592,13723.2262,5706.4570,2.4049,256,12
dsmem_loaded,5,0,1,256,16384,0,0,42,3,224841338,93494624,13723.2262,5706.4590,2.4049,256,13
dsmem_loaded,5,0,1,256,16384,0,0,42,3,224841338,93494592,13723.2262,5706.4570,2.4049,256,14
dsmem_loaded,5,0,1,256,16384,0,0,42,3,224841338,93494624,13723.2262,5706.4590,2.4049,256,15
dsmem_loaded,5,0,1,256,16384,0,0,42,3,224841338,93494592,13723.2262,5706.4570,2.4049,256,16
dsmem_loaded,5,0,1,256,16384,0,0,42,3,224841338,93494592,13723.2262,5706.4570,2.4049,256,17
dsmem_loaded,5,0,1,256,16384,0,0,42,3,224841338,93494592,13723.2262,5706.4570,2.4049,256,18
dsmem_loaded,5,0,1,256,16384,0,0,42,3,224841338,93494592,13723.2262,5706.4570,2.4049,256,19
dsmem_loaded,5,0,1,256,16384,0,0,42,3,224841338,93494624,13723.2262,5706.4590,2.4049,256,20
dsmem_loaded,5,0,1,256,16384,0,0,42,3,224841338,93494592,13723.2262,5706.4570,2.4049,256,21
dsmem_loaded,5,0,1,256,16384,0,0,42,3,224841338,93494592,13723.2262,5706.4570,2.4049,256,22
dsmem_loaded,5,0,1,256,16384,0,0,42,3,224841338,93494624,13723.2262,5706.4590,2.4049,256,23
dsmem_loaded,5,0,1,256,16384,0,0,42,3,224841338,93494592,13723.2262,5706.4570,2.4049,256,24
dsmem_loaded,5,0,1,256,16384,0,0,42,3,224841338,93494592,13723.2262,5706.4570,2.4049,256,25
dsmem_loaded,5,0,1,256,16384,0,0,42,3,224841338,93494592,13723.2262,5706.4570,2.4049,256,26
dsmem_loaded,5,0,1,256,16384,0,0,42,3,224841338,93494592,13723.2262,5706.4570,2.4049,256,27
dsmem_loaded,5,0,1,256,16384,0,0,42,3,224841338,93494592,13723.2262,5706.4570,2.4049,256,28
dsmem_loaded,5,0,1,256,16384,0,0,42,3,224841338,93494592,13723.2262,5706.4570,2.4049,256,29
dsmem_loaded,5,0,1,256,16384,0,0,42,3,224841338,93494592,13723.2262,5706.4570,2.4049,256,30
dsmem_loaded,5,0,1,256,16384,0,0,42,3,224841338,93494624,13723.2262,5706.4590,2.4049,256,31
dsmem_loaded,5,0,1,256,16384,0,0,42,4,224830074,93489792,13722.5387,5706.1641,2.4049,256,0
dsmem_loaded,5,0,1,256,16384,0,0,42,4,224830074,93489792,13722.5387,5706.1641,2.4049,256,1
dsmem_loaded,5,0,1,256,16384,0,0,42,4,224830074,93489824,13722.5387,5706.1660,2.4049,256,2
dsmem_loaded,5,0,1,256,16384,0,0,42,4,224830074,93489792,13722.5387,5706.1641,2.4049,256,3
dsmem_loaded,5,0,1,256,16384,0,0,42,4,224830074,93489792,13722.5387,5706.1641,2.4049,256,4
dsmem_loaded,5,0,1,256,16384,0,0,42,4,224830074,93489824,13722.5387,5706.1660,2.4049,256,5
dsmem_loaded,5,0,1,256,16384,0,0,42,4,224830074,93489824,13722.5387,5706.1660,2.4049,256,6
dsmem_loaded,5,0,1,256,16384,0,0,42,4,224830074,93489824,13722.5387,5706.1660,2.4049,256,7
dsmem_loaded,5,0,1,256,16384,0,0,42,4,224830074,93489792,13722.5387,5706.1641,2.4049,256,8
dsmem_loaded,5,0,1,256,16384,0,0,42,4,224830074,93489792,13722.5387,5706.1641,2.4049,256,9
dsmem_loaded,5,0,1,256,16384,0,0,42,4,224830074,93489792,13722.5387,5706.1641,2.4049,256,10
dsmem_loaded,5,0,1,256,16384,0,0,42,4,224830074,93489792,13722.5387,5706.1641,2.4049,256,11
dsmem_loaded,5,0,1,256,16384,0,0,42,4,224830074,93489792,13722.5387,5706.1641,2.4049,256,12
dsmem_loaded,5,0,1,256,16384,0,0,42,4,224830074,93489792,13722.5387,5706.1641,2.4049,256,13
dsmem_loaded,5,0,1,256,16384,0,0,42,4,224830074,93489824,13722.5387,5706.1660,2.4049,256,14
dsmem_loaded,5,0,1,256,16384,0,0,42,4,224830074,93489824,13722.5387,5706.1660,2.4049,256,15
dsmem_loaded,5,0,1,256,16384,0,0,42,4,224830074,93489792,13722.5387,5706.1641,2.4049,256,16
dsmem_loaded,5,0,1,256,16384,0,0,42,4,224830074,93489792,13722.5387,5706.1641,2.4049,256,17
dsmem_loaded,5,0,1,256,16384,0,0,42,4,224830074,93489824,13722.5387,5706.1660,2.4049,256,18
dsmem_loaded,5,0,1,256,16384,0,0,42,4,224830074,93489824,13722.5387,5706.1660,2.4049,256,19
dsmem_loaded,5,0,1,256,16384,0,0,42,4,224830074,93489792,13722.5387,5706.1641,2.4049,256,20
dsmem_loaded,5,0,1,256,16384,0,0,42,4,224830074,93489824,13722.5387,5706.1660,2.4049,256,21
dsmem_loaded,5,0,1,256,16384,0,0,42,4,224830074,93489824,13722.5387,5706.1660,2.4049,256,22
dsmem_loaded,5,0,1,256,16384,0,0,42,4,224830074,93489792,13722.5387,5706.1641,2.4049,256,23
dsmem_loaded,5,0,1,256,16384,0,0,42,4,224830074,93489792,13722.5387,5706.1641,2.4049,256,24
dsmem_loaded,5,0,1,256,16384,0,0,42,4,224830074,93489792,13722.5387,5706.1641,2.4049,256,25
dsmem_loaded,5,0,1,256,16384,0,0,42,4,224830074,93489824,13722.5387,5706.1660,2.4049,256,26
dsmem_loaded,5,0,1,256,16384,0,0,42,4,224830074,93489792,13722.5387,5706.1641,2.4049,256,27
dsmem_loaded,5,0,1,256,16384,0,0,42,4,224830074,93489792,13722.5387,5706.1641,2.4049,256,28
dsmem_loaded,5,0,1,256,16384,0,0,42,4,224830074,93489824,13722.5387,5706.1660,2.4049,256,29
dsmem_loaded,5,0,1,256,16384,0,0,42,4,224830074,93489824,13722.5387,5706.1660,2.4049,256,30
dsmem_loaded,5,0,1,256,16384,0,0,42,4,224830074,93489824,13722.5387,5706.1660,2.4049,256,31
dsmem_loaded,5,0,1,256,16384,0,0,42,5,224835578,93492064,13722.8746,5706.3027,2.4049,256,0
dsmem_loaded,5,0,1,256,16384,0,0,42,5,224835578,93492064,13722.8746,5706.3027,2.4049,256,1
dsmem_loaded,5,0,1,256,16384,0,0,42,5,224835578,93492064,13722.8746,5706.3027,2.4049,256,2
dsmem_loaded,5,0,1,256,16384,0,0,42,5,224835578,93492032,13722.8746,5706.3008,2.4049,256,3
dsmem_loaded,5,0,1,256,16384,0,0,42,5,224835578,93492064,13722.8746,5706.3027,2.4049,256,4
dsmem_loaded,5,0,1,256,16384,0,0,42,5,224835578,93492064,13722.8746,5706.3027,2.4049,256,5
dsmem_loaded,5,0,1,256,16384,0,0,42,5,224835578,93492032,13722.8746,5706.3008,2.4049,256,6
dsmem_loaded,5,0,1,256,16384,0,0,42,5,224835578,93492064,13722.8746,5706.3027,2.4049,256,7
dsmem_loaded,5,0,1,256,16384,0,0,42,5,224835578,93492064,13722.8746,5706.3027,2.4049,256,8
dsmem_loaded,5,0,1,256,16384,0,0,42,5,224835578,93492064,13722.8746,5706.3027,2.4049,256,9
dsmem_loaded,5,0,1,256,16384,0,0,42,5,224835578,93492064,13722.8746,5706.3027,2.4049,256,10
dsmem_loaded,5,0,1,256,16384,0,0,42,5,224835578,93492032,13722.8746,5706.3008,2.4049,256,11
dsmem_loaded,5,0,1,256,16384,0,0,42,5,224835578,93492064,13722.8746,5706.3027,2.4049,256,12
dsmem_loaded,5,0,1,256,16384,0,0,42,5,224835578,93492032,13722.8746,5706.3008,2.4049,256,13
dsmem_loaded,5,0,1,256,16384,0,0,42,5,224835578,93492032,13722.8746,5706.3008,2.4049,256,14
dsmem_loaded,5,0,1,256,16384,0,0,42,5,224835578,93492032,13722.8746,5706.3008,2.4049,256,15
dsmem_loaded,5,0,1,256,16384,0,0,42,5,224835578,93492064,13722.8746,5706.3027,2.4049,256,16
dsmem_loaded,5,0,1,256,16384,0,0,42,5,224835578,93492096,13722.8746,5706.3047,2.4049,256,17
dsmem_loaded,5,0,1,256,16384,0,0,42,5,224835578,93492032,13722.8746,5706.3008,2.4049,256,18
dsmem_loaded,5,0,1,256,16384,0,0,42,5,224835578,93492064,13722.8746,5706.3027,2.4049,256,19
dsmem_loaded,5,0,1,256,16384,0,0,42,5,224835578,93492064,13722.8746,5706.3027,2.4049,256,20
dsmem_loaded,5,0,1,256,16384,0,0,42,5,224835578,93492064,13722.8746,5706.3027,2.4049,256,21
dsmem_loaded,5,0,1,256,16384,0,0,42,5,224835578,93492032,13722.8746,5706.3008,2.4049,256,22
dsmem_loaded,5,0,1,256,16384,0,0,42,5,224835578,93492064,13722.8746,5706.3027,2.4049,256,23
dsmem_loaded,5,0,1,256,16384,0,0,42,5,224835578,93492064,13722.8746,5706.3027,2.4049,256,24
dsmem_loaded,5,0,1,256,16384,0,0,42,5,224835578,93492064,13722.8746,5706.3027,2.4049,256,25
dsmem_loaded,5,0,1,256,16384,0,0,42,5,224835578,93492032,13722.8746,5706.3008,2.4049,256,26
dsmem_loaded,5,0,1,256,16384,0,0,42,5,224835578,93492064,13722.8746,5706.3027,2.4049,256,27
dsmem_loaded,5,0,1,256,16384,0,0,42,5,224835578,93492064,13722.8746,5706.3027,2.4049,256,28
dsmem_loaded,5,0,1,256,16384,0,0,42,5,224835578,93492032,13722.8746,5706.3008,2.4049,256,29
dsmem_loaded,5,0,1,256,16384,0,0,42,5,224835578,93492032,13722.8746,5706.3008,2.4049,256,30
dsmem_loaded,5,0,1,256,16384,0,0,42,5,224835578,93492032,13722.8746,5706.3008,2.4049,256,31
dsmem_loaded,5,0,1,256,16384,0,0,42,6,224830074,93489792,13722.5387,5706.1641,2.4049,256,0
dsmem_loaded,5,0,1,256,16384,0,0,42,6,224830074,93489792,13722.5387,5706.1641,2.4049,256,1
dsmem_loaded,5,0,1,256,16384,0,0,42,6,224830074,93489824,13722.5387,5706.1660,2.4049,256,2
dsmem_loaded,5,0,1,256,16384,0,0,42,6,224830074,93489824,13722.5387,5706.1660,2.4049,256,3
dsmem_loaded,5,0,1,256,16384,0,0,42,6,224830074,93489824,13722.5387,5706.1660,2.4049,256,4
dsmem_loaded,5,0,1,256,16384,0,0,42,6,224830074,93489856,13722.5387,5706.1680,2.4049,256,5
dsmem_loaded,5,0,1,256,16384,0,0,42,6,224830074,93489824,13722.5387,5706.1660,2.4049,256,6
dsmem_loaded,5,0,1,256,16384,0,0,42,6,224830074,93489856,13722.5387,5706.1680,2.4049,256,7
dsmem_loaded,5,0,1,256,16384,0,0,42,6,224830074,93489824,13722.5387,5706.1660,2.4049,256,8
dsmem_loaded,5,0,1,256,16384,0,0,42,6,224830074,93489824,13722.5387,5706.1660,2.4049,256,9
dsmem_loaded,5,0,1,256,16384,0,0,42,6,224830074,93489824,13722.5387,5706.1660,2.4049,256,10
dsmem_loaded,5,0,1,256,16384,0,0,42,6,224830074,93489824,13722.5387,5706.1660,2.4049,256,11
dsmem_loaded,5,0,1,256,16384,0,0,42,6,224830074,93489792,13722.5387,5706.1641,2.4049,256,12
dsmem_loaded,5,0,1,256,16384,0,0,42,6,224830074,93489824,13722.5387,5706.1660,2.4049,256,13
dsmem_loaded,5,0,1,256,16384,0,0,42,6,224830074,93489824,13722.5387,5706.1660,2.4049,256,14
dsmem_loaded,5,0,1,256,16384,0,0,42,6,224830074,93489824,13722.5387,5706.1660,2.4049,256,15
dsmem_loaded,5,0,1,256,16384,0,0,42,6,224830074,93489792,13722.5387,5706.1641,2.4049,256,16
dsmem_loaded,5,0,1,256,16384,0,0,42,6,224830074,93489824,13722.5387,5706.1660,2.4049,256,17
dsmem_loaded,5,0,1,256,16384,0,0,42,6,224830074,93489824,13722.5387,5706.1660,2.4049,256,18
dsmem_loaded,5,0,1,256,16384,0,0,42,6,224830074,93489792,13722.5387,5706.1641,2.4049,256,19
dsmem_loaded,5,0,1,256,16384,0,0,42,6,224830074,93489824,13722.5387,5706.1660,2.4049,256,20
dsmem_loaded,5,0,1,256,16384,0,0,42,6,224830074,93489824,13722.5387,5706.1660,2.4049,256,21
dsmem_loaded,5,0,1,256,16384,0,0,42,6,224830074,93489856,13722.5387,5706.1680,2.4049,256,22
dsmem_loaded,5,0,1,256,16384,0,0,42,6,224830074,93489824,13722.5387,5706.1660,2.4049,256,23
dsmem_loaded,5,0,1,256,16384,0,0,42,6,224830074,93489824,13722.5387,5706.1660,2.4049,256,24
dsmem_loaded,5,0,1,256,16384,0,0,42,6,224830074,93489824,13722.5387,5706.1660,2.4049,256,25
dsmem_loaded,5,0,1,256,16384,0,0,42,6,224830074,93489824,13722.5387,5706.1660,2.4049,256,26
dsmem_loaded,5,0,1,256,16384,0,0,42,6,224830074,93489824,13722.5387,5706.1660,2.4049,256,27
dsmem_loaded,5,0,1,256,16384,0,0,42,6,224830074,93489824,13722.5387,5706.1660,2.4049,256,28
dsmem_loaded,5,0,1,256,16384,0,0,42,6,224830074,93489824,13722.5387,5706.1660,2.4049,256,29
dsmem_loaded,5,0,1,256,16384,0,0,42,6,224830074,93489824,13722.5387,5706.1660,2.4049,256,30
dsmem_loaded,5,0,1,256,16384,0,0,42,6,224830074,93489856,13722.5387,5706.1680,2.4049,256,31
dsmem_loaded,5,0,1,256,16384,0,0,42,7,224841850,93494656,13723.2574,5706.4609,2.4049,256,0
dsmem_loaded,5,0,1,256,16384,0,0,42,7,224841850,93494656,13723.2574,5706.4609,2.4049,256,1
dsmem_loaded,5,0,1,256,16384,0,0,42,7,224841850,93494624,13723.2574,5706.4590,2.4049,256,2
dsmem_loaded,5,0,1,256,16384,0,0,42,7,224841850,93494656,13723.2574,5706.4609,2.4049,256,3
dsmem_loaded,5,0,1,256,16384,0,0,42,7,224841850,93494656,13723.2574,5706.4609,2.4049,256,4
dsmem_loaded,5,0,1,256,16384,0,0,42,7,224841850,93494656,13723.2574,5706.4609,2.4049,256,5
dsmem_loaded,5,0,1,256,16384,0,0,42,7,224841850,93494656,13723.2574,5706.4609,2.4049,256,6
dsmem_loaded,5,0,1,256,16384,0,0,42,7,224841850,93494688,13723.2574,5706.4629,2.4049,256,7
dsmem_loaded,5,0,1,256,16384,0,0,42,7,224841850,93494656,13723.2574,5706.4609,2.4049,256,8
dsmem_loaded,5,0,1,256,16384,0,0,42,7,224841850,93494624,13723.2574,5706.4590,2.4049,256,9
dsmem_loaded,5,0,1,256,16384,0,0,42,7,224841850,93494624,13723.2574,5706.4590,2.4049,256,10
dsmem_loaded,5,0,1,256,16384,0,0,42,7,224841850,93494624,13723.2574,5706.4590,2.4049,256,11
dsmem_loaded,5,0,1,256,16384,0,0,42,7,224841850,93494656,13723.2574,5706.4609,2.4049,256,12
dsmem_loaded,5,0,1,256,16384,0,0,42,7,224841850,93494688,13723.2574,5706.4629,2.4049,256,13
dsmem_loaded,5,0,1,256,16384,0,0,42,7,224841850,93494656,13723.2574,5706.4609,2.4049,256,14
dsmem_loaded,5,0,1,256,16384,0,0,42,7,224841850,93494688,13723.2574,5706.4629,2.4049,256,15
dsmem_loaded,5,0,1,256,16384,0,0,42,7,224841850,93494656,13723.2574,5706.4609,2.4049,256,16
dsmem_loaded,5,0,1,256,16384,0,0,42,7,224841850,93494624,13723.2574,5706.4590,2.4049,256,17
dsmem_loaded,5,0,1,256,16384,0,0,42,7,224841850,93494624,13723.2574,5706.4590,2.4049,256,18
dsmem_loaded,5,0,1,256,16384,0,0,42,7,224841850,93494656,13723.2574,5706.4609,2.4049,256,19
dsmem_loaded,5,0,1,256,16384,0,0,42,7,224841850,93494688,13723.2574,5706.4629,2.4049,256,20
dsmem_loaded,5,0,1,256,16384,0,0,42,7,224841850,93494624,13723.2574,5706.4590,2.4049,256,21
dsmem_loaded,5,0,1,256,16384,0,0,42,7,224841850,93494656,13723.2574,5706.4609,2.4049,256,22
dsmem_loaded,5,0,1,256,16384,0,0,42,7,224841850,93494688,13723.2574,5706.4629,2.4049,256,23
dsmem_loaded,5,0,1,256,16384,0,0,42,7,224841850,93494656,13723.2574,5706.4609,2.4049,256,24
dsmem_loaded,5,0,1,256,16384,0,0,42,7,224841850,93494656,13723.2574,5706.4609,2.4049,256,25
dsmem_loaded,5,0,1,256,16384,0,0,42,7,224841850,93494624,13723.2574,5706.4590,2.4049,256,26
dsmem_loaded,5,0,1,256,16384,0,0,42,7,224841850,93494656,13723.2574,5706.4609,2.4049,256,27
dsmem_loaded,5,0,1,256,16384,0,0,42,7,224841850,93494656,13723.2574,5706.4609,2.4049,256,28
dsmem_loaded,5,0,1,256,16384,0,0,42,7,224841850,93494656,13723.2574,5706.4609,2.4049,256,29
dsmem_loaded,5,0,1,256,16384,0,0,42,7,224841850,93494656,13723.2574,5706.4609,2.4049,256,30
dsmem_loaded,5,0,1,256,16384,0,0,42,7,224841850,93494688,13723.2574,5706.4629,2.4049,256,31
dsmem_loaded,5,0,1,256,16384,0,0,42,8,224821498,93486240,13722.0153,5705.9473,2.4049,256,0
dsmem_loaded,5,0,1,256,16384,0,0,42,8,224821498,93486272,13722.0153,5705.9492,2.4049,256,1
dsmem_loaded,5,0,1,256,16384,0,0,42,8,224821498,93486240,13722.0153,5705.9473,2.4049,256,2
dsmem_loaded,5,0,1,256,16384,0,0,42,8,224821498,93486272,13722.0153,5705.9492,2.4049,256,3
dsmem_loaded,5,0,1,256,16384,0,0,42,8,224821498,93486272,13722.0153,5705.9492,2.4049,256,4
dsmem_loaded,5,0,1,256,16384,0,0,42,8,224821498,93486272,13722.0153,5705.9492,2.4049,256,5
dsmem_loaded,5,0,1,256,16384,0,0,42,8,224821498,93486240,13722.0153,5705.9473,2.4049,256,6
dsmem_loaded,5,0,1,256,16384,0,0,42,8,224821498,93486272,13722.0153,5705.9492,2.4049,256,7
dsmem_loaded,5,0,1,256,16384,0,0,42,8,224821498,93486272,13722.0153,5705.9492,2.4049,256,8
dsmem_loaded,5,0,1,256,16384,0,0,42,8,224821498,93486240,13722.0153,5705.9473,2.4049,256,9
dsmem_loaded,5,0,1,256,16384,0,0,42,8,224821498,93486272,13722.0153,5705.9492,2.4049,256,10
dsmem_loaded,5,0,1,256,16384,0,0,42,8,224821498,93486272,13722.0153,5705.9492,2.4049,256,11
dsmem_loaded,5,0,1,256,16384,0,0,42,8,224821498,93486272,13722.0153,5705.9492,2.4049,256,12
dsmem_loaded,5,0,1,256,16384,0,0,42,8,224821498,93486240,13722.0153,5705.9473,2.4049,256,13
dsmem_loaded,5,0,1,256,16384,0,0,42,8,224821498,93486240,13722.0153,5705.9473,2.4049,256,14
dsmem_loaded,5,0,1,256,16384,0,0,42,8,224821498,93486272,13722.0153,5705.9492,2.4049,256,15
dsmem_loaded,5,0,1,256,16384,0,0,42,8,224821498,93486240,13722.0153,5705.9473,2.4049,256,16
dsmem_loaded,5,0,1,256,16384,0,0,42,8,224821498,93486240,13722.0153,5705.9473,2.4049,256,17
dsmem_loaded,5,0,1,256,16384,0,0,42,8,224821498,93486240,13722.0153,5705.9473,2.4049,256,18
dsmem_loaded,5,0,1,256,16384,0,0,42,8,224821498,93486272,13722.0153,5705.9492,2.4049,256,19
dsmem_loaded,5,0,1,256,16384,0,0,42,8,224821498,93486272,13722.0153,5705.9492,2.4049,256,20
dsmem_loaded,5,0,1,256,16384,0,0,42,8,224821498,93486240,13722.0153,5705.9473,2.4049,256,21
dsmem_loaded,5,0,1,256,16384,0,0,42,8,224821498,93486240,13722.0153,5705.9473,2.4049,256,22
dsmem_loaded,5,0,1,256,16384,0,0,42,8,224821498,93486240,13722.0153,5705.9473,2.4049,256,23
dsmem_loaded,5,0,1,256,16384,0,0,42,8,224821498,93486240,13722.0153,5705.9473,2.4049,256,24
dsmem_loaded,5,0,1,256,16384,0,0,42,8,224821498,93486240,13722.0153,5705.9473,2.4049,256,25
dsmem_loaded,5,0,1,256,16384,0,0,42,8,224821498,93486304,13722.0153,5705.9512,2.4049,256,26
dsmem_loaded,5,0,1,256,16384,0,0,42,8,224821498,93486240,13722.0153,5705.9473,2.4049,256,27
dsmem_loaded,5,0,1,256,16384,0,0,42,8,224821498,93486272,13722.0153,5705.9492,2.4049,256,28
dsmem_loaded,5,0,1,256,16384,0,0,42,8,224821498,93486272,13722.0153,5705.9492,2.4049,256,29
dsmem_loaded,5,0,1,256,16384,0,0,42,8,224821498,93486272,13722.0153,5705.9492,2.4049,256,30
dsmem_loaded,5,0,1,256,16384,0,0,42,8,224821498,93486240,13722.0153,5705.9473,2.4049,256,31
dsmem_loaded,5,0,1,256,16384,0,0,42,9,224825082,93487808,13722.2340,5706.0430,2.4049,256,0
dsmem_loaded,5,0,1,256,16384,0,0,42,9,224825082,93487840,13722.2340,5706.0449,2.4049,256,1
dsmem_loaded,5,0,1,256,16384,0,0,42,9,224825082,93487840,13722.2340,5706.0449,2.4049,256,2
dsmem_loaded,5,0,1,256,16384,0,0,42,9,224825082,93487808,13722.2340,5706.0430,2.4049,256,3
dsmem_loaded,5,0,1,256,16384,0,0,42,9,224825082,93487840,13722.2340,5706.0449,2.4049,256,4
dsmem_loaded,5,0,1,256,16384,0,0,42,9,224825082,93487808,13722.2340,5706.0430,2.4049,256,5
dsmem_loaded,5,0,1,256,16384,0,0,42,9,224825082,93487808,13722.2340,5706.0430,2.4049,256,6
dsmem_loaded,5,0,1,256,16384,0,0,42,9,224825082,93487840,13722.2340,5706.0449,2.4049,256,7
dsmem_loaded,5,0,1,256,16384,0,0,42,9,224825082,93487808,13722.2340,5706.0430,2.4049,256,8
dsmem_loaded,5,0,1,256,16384,0,0,42,9,224825082,93487840,13722.2340,5706.0449,2.4049,256,9
dsmem_loaded,5,0,1,256,16384,0,0,42,9,224825082,93487808,13722.2340,5706.0430,2.4049,256,10
dsmem_loaded,5,0,1,256,16384,0,0,42,9,224825082,93487840,13722.2340,5706.0449,2.4049,256,11
dsmem_loaded,5,0,1,256,16384,0,0,42,9,224825082,93487808,13722.2340,5706.0430,2.4049,256,12
dsmem_loaded,5,0,1,256,16384,0,0,42,9,224825082,93487808,13722.2340,5706.0430,2.4049,256,13
dsmem_loaded,5,0,1,256,16384,0,0,42,9,224825082,93487808,13722.2340,5706.0430,2.4049,256,14
dsmem_loaded,5,0,1,256,16384,0,0,42,9,224825082,93487840,13722.2340,5706.0449,2.4049,256,15
dsmem_loaded,5,0,1,256,16384,0,0,42,9,224825082,93487840,13722.2340,5706.0449,2.4049,256,16
dsmem_loaded,5,0,1,256,16384,0,0,42,9,224825082,93487808,13722.2340,5706.0430,2.4049,256,17
dsmem_loaded,5,0,1,256,16384,0,0,42,9,224825082,93487840,13722.2340,5706.0449,2.4049,256,18
dsmem_loaded,5,0,1,256,16384,0,0,42,9,224825082,93487808,13722.2340,5706.0430,2.4049,256,19
dsmem_loaded,5,0,1,256,16384,0,0,42,9,224825082,93487840,13722.2340,5706.0449,2.4049,256,20
dsmem_loaded,5,0,1,256,16384,0,0,42,9,224825082,93487840,13722.2340,5706.0449,2.4049,256,21
dsmem_loaded,5,0,1,256,16384,0,0,42,9,224825082,93487808,13722.2340,5706.0430,2.4049,256,22
dsmem_loaded,5,0,1,256,16384,0,0,42,9,224825082,93487840,13722.2340,5706.0449,2.4049,256,23
dsmem_loaded,5,0,1,256,16384,0,0,42,9,224825082,93487808,13722.2340,5706.0430,2.4049,256,24
dsmem_loaded,5,0,1,256,16384,0,0,42,9,224825082,93487808,13722.2340,5706.0430,2.4049,256,25
dsmem_loaded,5,0,1,256,16384,0,0,42,9,224825082,93487840,13722.2340,5706.0449,2.4049,256,26
dsmem_loaded,5,0,1,256,16384,0,0,42,9,224825082,93487808,13722.2340,5706.0430,2.4049,256,27
dsmem_loaded,5,0,1,256,16384,0,0,42,9,224825082,93487840,13722.2340,5706.0449,2.4049,256,28
dsmem_loaded,5,0,1,256,16384,0,0,42,9,224825082,93487840,13722.2340,5706.0449,2.4049,256,29
dsmem_loaded,5,0,1,256,16384,0,0,42,9,224825082,93487808,13722.2340,5706.0430,2.4049,256,30
dsmem_loaded,5,0,1,256,16384,0,0,42,9,224825082,93487808,13722.2340,5706.0430,2.4049,256,31
dsmem_loaded,5,0,1,256,16384,0,0,42,10,224844282,93495840,13723.4059,5706.5332,2.4049,256,0
dsmem_loaded,5,0,1,256,16384,0,0,42,10,224844282,93495840,13723.4059,5706.5332,2.4049,256,1
dsmem_loaded,5,0,1,256,16384,0,0,42,10,224844282,93495872,13723.4059,5706.5352,2.4049,256,2
dsmem_loaded,5,0,1,256,16384,0,0,42,10,224844282,93495840,13723.4059,5706.5332,2.4049,256,3
dsmem_loaded,5,0,1,256,16384,0,0,42,10,224844282,93495872,13723.4059,5706.5352,2.4049,256,4
dsmem_loaded,5,0,1,256,16384,0,0,42,10,224844282,93495872,13723.4059,5706.5352,2.4049,256,5
dsmem_loaded,5,0,1,256,16384,0,0,42,10,224844282,93495872,13723.4059,5706.5352,2.4049,256,6
dsmem_loaded,5,0,1,256,16384,0,0,42,10,224844282,93495840,13723.4059,5706.5332,2.4049,256,7
dsmem_loaded,5,0,1,256,16384,0,0,42,10,224844282,93495840,13723.4059,5706.5332,2.4049,256,8
dsmem_loaded,5,0,1,256,16384,0,0,42,10,224844282,93495840,13723.4059,5706.5332,2.4049,256,9
dsmem_loaded,5,0,1,256,16384,0,0,42,10,224844282,93495872,13723.4059,5706.5352,2.4049,256,10
dsmem_loaded,5,0,1,256,16384,0,0,42,10,224844282,93495840,13723.4059,5706.5332,2.4049,256,11
dsmem_loaded,5,0,1,256,16384,0,0,42,10,224844282,93495840,13723.4059,5706.5332,2.4049,256,12
dsmem_loaded,5,0,1,256,16384,0,0,42,10,224844282,93495872,13723.4059,5706.5352,2.4049,256,13
dsmem_loaded,5,0,1,256,16384,0,0,42,10,224844282,93495872,13723.4059,5706.5352,2.4049,256,14
dsmem_loaded,5,0,1,256,16384,0,0,42,10,224844282,93495840,13723.4059,5706.5332,2.4049,256,15
dsmem_loaded,5,0,1,256,16384,0,0,42,10,224844282,93495840,13723.4059,5706.5332,2.4049,256,16
dsmem_loaded,5,0,1,256,16384,0,0,42,10,224844282,93495840,13723.4059,5706.5332,2.4049,256,17
dsmem_loaded,5,0,1,256,16384,0,0,42,10,224844282,93495840,13723.4059,5706.5332,2.4049,256,18
dsmem_loaded,5,0,1,256,16384,0,0,42,10,224844282,93495840,13723.4059,5706.5332,2.4049,256,19
dsmem_loaded,5,0,1,256,16384,0,0,42,10,224844282,93495840,13723.4059,5706.5332,2.4049,256,20
dsmem_loaded,5,0,1,256,16384,0,0,42,10,224844282,93495840,13723.4059,5706.5332,2.4049,256,21
dsmem_loaded,5,0,1,256,16384,0,0,42,10,224844282,93495840,13723.4059,5706.5332,2.4049,256,22
dsmem_loaded,5,0,1,256,16384,0,0,42,10,224844282,93495872,13723.4059,5706.5352,2.4049,256,23
dsmem_loaded,5,0,1,256,16384,0,0,42,10,224844282,93495872,13723.4059,5706.5352,2.4049,256,24
dsmem_loaded,5,0,1,256,16384,0,0,42,10,224844282,93495840,13723.4059,5706.5332,2.4049,256,25
dsmem_loaded,5,0,1,256,16384,0,0,42,10,224844282,93495872,13723.4059,5706.5352,2.4049,256,26
dsmem_loaded,5,0,1,256,16384,0,0,42,10,224844282,93495872,13723.4059,5706.5352,2.4049,256,27
dsmem_loaded,5,0,1,256,16384,0,0,42,10,224844282,93495872,13723.4059,5706.5352,2.4049,256,28
dsmem_loaded,5,0,1,256,16384,0,0,42,10,224844282,93495872,13723.4059,5706.5352,2.4049,256,29
dsmem_loaded,5,0,1,256,16384,0,0,42,10,224844282,93495840,13723.4059,5706.5332,2.4049,256,30
dsmem_loaded,5,0,1,256,16384,0,0,42,10,224844282,93495872,13723.4059,5706.5352,2.4049,256,31
