# command: ./dram --stride 128 --reps 101 --steps 16384
# gpu: NVIDIA GB10
# compute_capability: 12.1
# sm_count: 48
# l2_bytes: 25165824
# sm_clock_max_khz: 2418000
# driver_version: 13000
# runtime_version: 13000
# seed: 42
# reps: 101
# steps: 16384
# warmup: 1
# buffer_elems: 268435456
# stride_bytes: 128
# cycle_length: 8388608
benchmark,cluster_size,distance,mapped,block_size,steps,buffer_bytes,stride_bytes,seed,rep,cycles,ns,cycles_per_load,ns_per_load,ghz
dram,0,0,0,32,16384,1073741824,128,42,0,15465589,6430976,943.9446,392.5156,2.4049
dram,0,0,0,32,16384,1073741824,128,42,1,15472660,6433888,944.3762,392.6934,2.4049
dram,0,0,0,32,16384,1073741824,128,42,2,15464736,6430560,943.8926,392.4902,2.4049
dram,0,0,0,32,16384,1073741824,128,42,3,15508549,6448832,946.5667,393.6055,2.4049
dram,0,0,0,32,16384,1073741824,128,42,4,15510046,6449408,946.6581,393.6406,2.4049
dram,0,0,0,32,16384,1073741824,128,42,5,15476673,6435552,944.6212,392.7949,2.4049
dram,0,0,0,32,16384,1073741824,128,42,6,15482854,6438176,944.9984,392.9551,2.4049
dram,0,0,0,32,16384,1073741824,128,42,7,15462722,6429792,943.7697,392.4434,2.4049
dram,0,0,0,32,16384,1073741824,128,42,8,15467045,6431584,944.0335,392.5527,2.4049
dram,0,0,0,32,16384,1073741824,128,42,9,15468834,6432320,944.1427,392.5977,2.4049
dram,0,0,0,32,16384,1073741824,128,42,10,15459512,6428448,943.5737,392.3613,2.4049
dram,0,0,0,32,16384,1073741824,128,42,11,15472022,6433632,944.3373,392.6777,2.4049
dram,0,0,0,32,16384,1073741824,128,42,12,15470040,6432768,944.2163,392.6250,2.4049
dram,0,0,0,32,16384,1073741824,128,42,13,15469867,6432704,944.2057,392.6211,2.4049
dram,0,0,0,32,16384,1073741824,128,42,14,15458443,6427968,943.5085,392.3320,2.4049
dram,0,0,0,32,16384,1073741824,128,42,15,15462651,6429728,943.7653,392.4395,2.4049
dram,0,0,0,32,16384,1073741824,128,42,16,15472249,6433728,944.3511,392.6836,2.4049
dram,0,0,0,32,16384,1073741824,128,42,17,15467046,6431552,944.0336,392.5508,2.4049
dram,0,0,0,32,16384,1073741824,128,42,18,15449894,6424384,942.9867,392.1133,2.4049
dram,0,0,0,32,16384,1073741824,128,42,19,15467881,6431904,944.0845,392.5723,2.4049
dram,0,0,0,32,16384,1073741824,128,42,20,15462228,6429536,943.7395,392.4277,2.4049
dram,0,0,0,32,16384,1073741824,128,42,21,15463797,6430144,943.8353,392.4648,2.4049
dram,0,0,0,32,16384,1073741824,128,42,22,15465052,6430720,943.9119,392.5000,2.4049
dram,0,0,0,32,16384,1073741824,128,42,23,15468609,6432160,944.1290,392.5879,2.4049
dram,0,0,0,32,16384,1073741824,128,42,24,15476195,6435360,944.5920,392.7832,2.4049
dram,0,0,0,32,16384,1073741824,128,42,25,15461294,6429120,943.6825,392.4023,2.4049
dram,0,0,0,32,16384,1073741824,128,42,26,15459193,6428256,943.5543,392.3496,2.4049
dram,0,0,0,32,16384,1073741824,128,42,27,15463135,6429920,943.7949,392.4512,2.4049
dram,0,0,0,32,16384,1073741824,128,42,28,15459047,6428224,943.5453,392.3477,2.4049
dram,0,0,0,32,16384,1073741824,128,42,29,15456918,6427328,943.4154,392.2930,2.4049
dram,0,0,0,32,16384,1073741824,128,42,30,15467563,6431744,944.0651,392.5625,2.4049
dram,0,0,0,32,16384,1073741824,128,42,31,15462829,6429792,943.7762,392.4434,2.4049
dram,0,0,0,32,16384,1073741824,128,42,32,15467921,6431936,944.0870,392.5742,2.4049
dram,0,0,0,32,16384,1073741824,128,42,33,16393371,6816768,1000.5720,416.0625,2.4049
dram,0,0,0,32,16384,1073741824,128,42,34,15468917,6432320,944.1478,392.5977,2.4049
dram,0,0,0,32,16384,1073741824,128,42,35,15470389,6432960,944.2376,392.6367,2.4049
dram,0,0,0,32,16384,1073741824,128,42,36,15465025,6430720,943.9102,392.5000,2.4049
dram,0,0,0,32,16384,1073741824,128,42,37,15467128,6431584,944.0386,392.5527,2.4049
dram,0,0,0,32,16384,1073741824,128,42,38,15473889,6434368,944.4512,392.7227,2.4049
dram,0,0,0,32,16384,1073741824,128,42,39,15458126,6427808,943.4891,392.3223,2.4049
dram,0,0,0,32,16384,1073741824,128,42,40,15449308,6424192,942.9509,392.1016,2.4049
dram,0,0,0,32,16384,1073741824,128,42,41,15476367,6435392,944.6025,392.7852,2.4049
dram,0,0,0,32,16384,1073741824,128,42,42,15464442,6430432,943.8746,392.4824,2.4049
dram,0,0,0,32,16384,1073741824,128,42,43,15464682,6430528,943.8893,392.4883,2.4049
dram,0,0,0,32,16384,1073741824,128,42,44,15472930,6433952,944.3927,392.6973,2.4049
dram,0,0,0,32,16384,1073741824,128,42,45,15465131,6430784,943.9167,392.5039,2.4049
dram,0,0,0,32,16384,1073741824,128,42,46,15390649,6399808,939.3707,390.6133,2.4049
dram,0,0,0,32,16384,1073741824,128,42,47,15392251,6400416,939.4684,390.6504,2.4049
dram,0,0,0,32,16384,1073741824,128,42,48,15400798,6404000,939.9901,390.8691,2.4049
dram,0,0,0,32,16384,1073741824,128,42,49,15483394,6438400,945.0314,392.9688,2.4049
dram,0,0,0,32,16384,1073741824,128,42,50,15472818,6433952,944.3859,392.6973,2.4049
dram,0,0,0,32,16384,1073741824,128,42,51,15467076,6431520,944.0354,392.5488,2.4049
dram,0,0,0,32,16384,1073741824,128,42,52,15465913,6431104,943.9644,392.5234,2.4049
dram,0,0,0,32,16384,1073741824,128,42,53,15463352,6430016,943.8081,392.4570,2.4049
dram,0,0,0,32,16384,1073741824,128,42,54,15464236,6430368,943.8621,392.4785,2.4049
dram,0,0,0,32,16384,1073741824,128,42,55,15479881,6436896,944.8170,392.8770,2.4049
dram,0,0,0,32,16384,1073741824,128,42,56,15443782,6421888,942.6136,391.9609,2.4049
dram,0,0,0,32,16384,1073741824,128,42,57,15425322,6414208,941.4869,391.4922,2.4049
dram,0,0,0,32,16384,1073741824,128,42,58,15440984,6420672,942.4429,391.8867,2.4049
dram,0,0,0,32,16384,1073741824,128,42,59,15435142,6418304,942.0863,391.7422,2.4049
dram,0,0,0,32,16384,1073741824,128,42,60,15434035,6417824,942.0187,391.7129,2.4049
dram,0,0,0,32,16384,1073741824,128,42,61,15420230,6412032,941.1761,391.3594,2.4049
dram,0,0,0,32,16384,1073741824,128,42,62,15469094,6432416,944.1586,392.6035,2.4049
dram,0,0,0,32,16384,1073741824,128,42,63,15468142,6432032,944.1005,392.5801,2.4049
dram,0,0,0,32,16384,1073741824,128,42,64,15451091,6424928,943.0598,392.1465,2.4049
dram,0,0,0,32,16384,1073741824,128,42,65,15466207,6431168,943.9824,392.5273,2.4049
dram,0,0,0,32,16384,1073741824,128,42,66,15782267,6562656,963.2731,400.5527,2.4049
dram,0,0,0,32,16384,1073741824,128,42,67,15465629,6431008,943.9471,392.5176,2.4049
dram,0,0,0,32,16384,1073741824,128,42,68,15468555,6432224,944.1257,392.5918,2.4049
dram,0,0,0,32,16384,1073741824,128,42,69,15467960,6431968,944.0894,392.5762,2.4049
dram,0,0,0,32,16384,1073741824,128,42,70,15460177,6428736,943.6143,392.3789,2.4049
dram,0,0,0,32,16384,1073741824,128,42,71,15463840,6430208,943.8379,392.4688,2.4049
dram,0,0,0,32,16384,1073741824,128,42,72,16254385,6759168,992.0889,412.5469,2.4048
dram,0,0,0,32,16384,1073741824,128,42,73,15461788,6429376,943.7126,392.4180,2.4049
dram,0,0,0,32,16384,1073741824,128,42,74,15459976,6428640,943.6021,392.3730,2.4049
dram,0,0,0,32,16384,1073741824,128,42,75,15453135,6425760,943.1845,392.1973,2.4049
dram,0,0,0,32,16384,1073741824,128,42,76,15471093,6433248,944.2806,392.6543,2.4049
dram,0,0,0,32,16384,1073741824,128,42,77,15465870,6431072,943.9618,392.5215,2.4049
dram,0,0,0,32,16384,1073741824,128,42,78,15470848,6433120,944.2656,392.6465,2.4049
dram,0,0,0,32,16384,1073741824,128,42,79,15460536,6428864,943.6362,392.3867,2.4049
dram,0,0,0,32,16384,1073741824,128,42,80,15437229,6419136,942.2137,391.7930,2.4049
dram,0,0,0,32,16384,1073741824,128,42,81,15456773,6427232,943.4066,392.2871,2.4049
dram,0,0,0,32,16384,1073741824,128,42,82,15415396,6410080,940.8811,391.2402,2.4049
dram,0,0,0,32,16384,1073741824,128,42,83,15473028,6434048,944.3987,392.7031,2.4049
dram,0,0,0,32,16384,1073741824,128,42,84,15458681,6428064,943.5230,392.3379,2.4049
dram,0,0,0,32,16384,1073741824,128,42,85,15459446,6428384,943.5697,392.3574,2.4049
dram,0,0,0,32,16384,1073741824,128,42,86,15485795,6439328,945.1779,393.0254,2.4049
dram,0,0,0,32,16384,1073741824,128,42,87,15467466,6431744,944.0592,392.5625,2.4049
dram,0,0,0,32,16384,1073741824,128,42,88,15473026,6434016,944.3986,392.7012,2.4049
dram,0,0,0,32,16384,1073741824,128,42,89,15460261,6428704,943.6194,392.3770,2.4049
dram,0,0,0,32,16384,1073741824,128,42,90,15459704,6428512,943.5854,392.3652,2.4049
dram,0,0,0,32,16384,1073741824,128,42,91,15471989,6433664,944.3353,392.6797,2.4048
dram,0,0,0,32,16384,1073741824,128,42,92,15461587,6429312,943.7004,392.4141,2.4049
dram,0,0,0,32,16384,1073741824,128,42,93,15468886,6432320,944.1459,392.5977,2.4049
dram,0,0,0,32,16384,1073741824,128,42,94,15465312,6430848,943.9277,392.5078,2.4049
dram,0,0,0,32,16384,1073741824,128,42,95,15466642,6431360,944.0089,392.5391,2.4049
dram,0,0,0,32,16384,1073741824,128,42,96,15461428,6429248,943.6907,392.4102,2.4049
dram,0,0,0,32,16384,1073741824,128,42,97,15477269,6435808,944.6575,392.8105,2.4049
dram,0,0,0,32,16384,1073741824,128,42,98,15465318,6430848,943.9281,392.5078,2.4049
dram,0,0,0,32,16384,1073741824,128,42,99,15454877,6426464,943.2908,392.2402,2.4049
dram,0,0,0,32,16384,1073741824,128,42,100,15459622,6428480,943.5804,392.3633,2.4049
