This is pdfTeX, Version 3.141592653-2.6-1.40.29 (TeX Live 2026) (preloaded format=pdflatex)
 \write18 enabled.
entering extended mode
(./slides.tex
LaTeX2e <2026-06-01>
L3 programming layer <2026-08-10>
(/home/fabio.missagia/texlive/2026/texmf-dist/tex/latex/beamer/beamer.cls
Document Class: beamer 2026/08/20 v3.78 A class for typesetting presentations

(/home/fabio.missagia/texlive/2026/texmf-dist/tex/latex/beamer/beamerbasemodes.
sty
(/home/fabio.missagia/texlive/2026/texmf-dist/tex/latex/etoolbox/etoolbox.sty)
(/home/fabio.missagia/texlive/2026/texmf-dist/tex/latex/beamer/beamerbasedecode
.sty))
(/home/fabio.missagia/texlive/2026/texmf-dist/tex/generic/iftex/iftex.sty)
(/home/fabio.missagia/texlive/2026/texmf-dist/tex/latex/beamer/beamerbaseoption
s.sty
(/home/fabio.missagia/texlive/2026/texmf-dist/tex/latex/graphics/keyval.sty))
(/home/fabio.missagia/texlive/2026/texmf-dist/tex/latex/geometry/geometry.sty
(/home/fabio.missagia/texlive/2026/texmf-dist/tex/generic/iftex/ifvtex.sty))
(/home/fabio.missagia/texlive/2026/texmf-dist/tex/latex/pgf/math/pgfmath.sty
(/home/fabio.missagia/texlive/2026/texmf-dist/tex/latex/pgf/utilities/pgfrcs.st
y
(/home/fabio.missagia/texlive/2026/texmf-dist/tex/generic/pgf/utilities/pgfutil
-common.tex)
(/home/fabio.missagia/texlive/2026/texmf-dist/tex/generic/pgf/utilities/pgfutil
-latex.def)
(/home/fabio.missagia/texlive/2026/texmf-dist/tex/generic/pgf/utilities/pgfrcs.
code.tex
(/home/fabio.missagia/texlive/2026/texmf-dist/tex/generic/pgf/pgf.revision.tex)
))
(/home/fabio.missagia/texlive/2026/texmf-dist/tex/latex/pgf/utilities/pgfkeys.s
ty
(/home/fabio.missagia/texlive/2026/texmf-dist/tex/generic/pgf/utilities/pgfkeys
.code.tex
(/home/fabio.missagia/texlive/2026/texmf-dist/tex/generic/pgf/utilities/pgfkeys
libraryfiltered.code.tex)))
(/home/fabio.missagia/texlive/2026/texmf-dist/tex/generic/pgf/math/pgfmath.code
.tex
(/home/fabio.missagia/texlive/2026/texmf-dist/tex/generic/pgf/math/pgfmathutil.
code.tex)
(/home/fabio.missagia/texlive/2026/texmf-dist/tex/generic/pgf/math/pgfmathparse
r.code.tex)
(/home/fabio.missagia/texlive/2026/texmf-dist/tex/generic/pgf/math/pgfmathfunct
ions.code.tex)
(/home/fabio.missagia/texlive/2026/texmf-dist/tex/generic/pgf/math/pgfmathfunct
ions.basic.code.tex)
(/home/fabio.missagia/texlive/2026/texmf-dist/tex/generic/pgf/math/pgfmathfunct
ions.trigonometric.code.tex)
(/home/fabio.missagia/texlive/2026/texmf-dist/tex/generic/pgf/math/pgfmathfunct
ions.random.code.tex)
(/home/fabio.missagia/texlive/2026/texmf-dist/tex/generic/pgf/math/pgfmathfunct
ions.comparison.code.tex)
(/home/fabio.missagia/texlive/2026/texmf-dist/tex/generic/pgf/math/pgfmathfunct
ions.base.code.tex)
(/home/fabio.missagia/texlive/2026/texmf-dist/tex/generic/pgf/math/pgfmathfunct
ions.round.code.tex)
(/home/fabio.missagia/texlive/2026/texmf-dist/tex/generic/pgf/math/pgfmathfunct
ions.misc.code.tex)
(/home/fabio.missagia/texlive/2026/texmf-dist/tex/generic/pgf/math/pgfmathfunct
ions.integerarithmetics.code.tex)
(/home/fabio.missagia/texlive/2026/texmf-dist/tex/generic/pgf/math/pgfmathcalc.
code.tex)
(/home/fabio.missagia/texlive/2026/texmf-dist/tex/generic/pgf/math/pgfmathfloat
.code.tex)))
(/home/fabio.missagia/texlive/2026/texmf-dist/tex/latex/base/size11.clo)
(/home/fabio.missagia/texlive/2026/texmf-dist/tex/latex/pgf/basiclayer/pgfcore.
sty
(/home/fabio.missagia/texlive/2026/texmf-dist/tex/latex/graphics/graphicx.sty
(/home/fabio.missagia/texlive/2026/texmf-dist/tex/latex/graphics/graphics.sty
(/home/fabio.missagia/texlive/2026/texmf-dist/tex/latex/graphics/trig.sty)
(/home/fabio.missagia/texlive/2026/texmf-dist/tex/latex/graphics-cfg/graphics.c
fg)
(/home/fabio.missagia/texlive/2026/texmf-dist/tex/latex/graphics-def/pdftex.def
)))
(/home/fabio.missagia/texlive/2026/texmf-dist/tex/latex/pgf/systemlayer/pgfsys.
sty
(/home/fabio.missagia/texlive/2026/texmf-dist/tex/generic/pgf/systemlayer/pgfsy
s.code.tex
(/home/fabio.missagia/texlive/2026/texmf-dist/tex/generic/pgf/systemlayer/pgf.c
fg)
(/home/fabio.missagia/texlive/2026/texmf-dist/tex/generic/pgf/systemlayer/pgfsy
s-pdftex.def
(/home/fabio.missagia/texlive/2026/texmf-dist/tex/generic/pgf/systemlayer/pgfsy
s-common-pdf.def)))
(/home/fabio.missagia/texlive/2026/texmf-dist/tex/generic/pgf/systemlayer/pgfsy
ssoftpath.code.tex)
(/home/fabio.missagia/texlive/2026/texmf-dist/tex/generic/pgf/systemlayer/pgfsy
sprotocol.code.tex))
(/home/fabio.missagia/texlive/2026/texmf-dist/tex/latex/xcolor/xcolor.sty
(/home/fabio.missagia/texlive/2026/texmf-dist/tex/latex/graphics-cfg/color.cfg)
(/home/fabio.missagia/texlive/2026/texmf-dist/tex/latex/graphics/mathcolor.ltx)
)
(/home/fabio.missagia/texlive/2026/texmf-dist/tex/generic/pgf/basiclayer/pgfcor
e.code.tex
(/home/fabio.missagia/texlive/2026/texmf-dist/tex/generic/pgf/math/pgfint.code.
tex)
(/home/fabio.missagia/texlive/2026/texmf-dist/tex/generic/pgf/basiclayer/pgfcor
epoints.code.tex)
(/home/fabio.missagia/texlive/2026/texmf-dist/tex/generic/pgf/basiclayer/pgfcor
epathconstruct.code.tex)
(/home/fabio.missagia/texlive/2026/texmf-dist/tex/generic/pgf/basiclayer/pgfcor
epathusage.code.tex)
(/home/fabio.missagia/texlive/2026/texmf-dist/tex/generic/pgf/basiclayer/pgfcor
escopes.code.tex)
(/home/fabio.missagia/texlive/2026/texmf-dist/tex/generic/pgf/basiclayer/pgfcor
egraphicstate.code.tex)
(/home/fabio.missagia/texlive/2026/texmf-dist/tex/generic/pgf/basiclayer/pgfcor
etransformations.code.tex)
(/home/fabio.missagia/texlive/2026/texmf-dist/tex/generic/pgf/basiclayer/pgfcor
equick.code.tex)
(/home/fabio.missagia/texlive/2026/texmf-dist/tex/generic/pgf/basiclayer/pgfcor
eobjects.code.tex)
(/home/fabio.missagia/texlive/2026/texmf-dist/tex/generic/pgf/basiclayer/pgfcor
epathprocessing.code.tex)
(/home/fabio.missagia/texlive/2026/texmf-dist/tex/generic/pgf/basiclayer/pgfcor
earrows.code.tex)
(/home/fabio.missagia/texlive/2026/texmf-dist/tex/generic/pgf/basiclayer/pgfcor
eshade.code.tex)
(/home/fabio.missagia/texlive/2026/texmf-dist/tex/generic/pgf/basiclayer/pgfcor
eimage.code.tex)
(/home/fabio.missagia/texlive/2026/texmf-dist/tex/generic/pgf/basiclayer/pgfcor
eexternal.code.tex)
(/home/fabio.missagia/texlive/2026/texmf-dist/tex/generic/pgf/basiclayer/pgfcor
elayers.code.tex)
(/home/fabio.missagia/texlive/2026/texmf-dist/tex/generic/pgf/basiclayer/pgfcor
etransparency.code.tex)
(/home/fabio.missagia/texlive/2026/texmf-dist/tex/generic/pgf/basiclayer/pgfcor
epatterns.code.tex)
(/home/fabio.missagia/texlive/2026/texmf-dist/tex/generic/pgf/basiclayer/pgfcor
erdf.code.tex)))
(/home/fabio.missagia/texlive/2026/texmf-dist/tex/latex/pgf/utilities/xxcolor.s
ty)
(/home/fabio.missagia/texlive/2026/texmf-dist/tex/latex/base/atbegshi-ltx.sty)
(/home/fabio.missagia/texlive/2026/texmf-dist/tex/latex/hyperref/hyperref.sty
(/home/fabio.missagia/texlive/2026/texmf-dist/tex/latex/kvsetkeys/kvsetkeys.sty
)
(/home/fabio.missagia/texlive/2026/texmf-dist/tex/generic/kvdefinekeys/kvdefine
keys.sty)
(/home/fabio.missagia/texlive/2026/texmf-dist/tex/generic/pdfescape/pdfescape.s
ty
(/home/fabio.missagia/texlive/2026/texmf-dist/tex/generic/ltxcmds/ltxcmds.sty)
(/home/fabio.missagia/texlive/2026/texmf-dist/tex/generic/pdftexcmds/pdftexcmds
.sty
(/home/fabio.missagia/texlive/2026/texmf-dist/tex/generic/infwarerr/infwarerr.s
ty)))
(/home/fabio.missagia/texlive/2026/texmf-dist/tex/latex/hycolor/hycolor.sty)
(/home/fabio.missagia/texlive/2026/texmf-dist/tex/latex/hyperref/nameref.sty
(/home/fabio.missagia/texlive/2026/texmf-dist/tex/latex/refcount/refcount.sty)
(/home/fabio.missagia/texlive/2026/texmf-dist/tex/generic/gettitlestring/gettit
lestring.sty
(/home/fabio.missagia/texlive/2026/texmf-dist/tex/latex/kvoptions/kvoptions.sty
)))
(/home/fabio.missagia/texlive/2026/texmf-dist/tex/generic/stringenc/stringenc.s
ty) (/home/fabio.missagia/texlive/2026/texmf-dist/tex/latex/hyperref/pd1enc.def
) (/home/fabio.missagia/texlive/2026/texmf-dist/tex/generic/intcalc/intcalc.sty
) (/home/fabio.missagia/texlive/2026/texmf-dist/tex/latex/hyperref/puenc.def)
(/home/fabio.missagia/texlive/2026/texmf-dist/tex/latex/url/url.sty)
(/home/fabio.missagia/texlive/2026/texmf-dist/tex/generic/bitset/bitset.sty
(/home/fabio.missagia/texlive/2026/texmf-dist/tex/generic/bigintcalc/bigintcalc
.sty))

Package hyperref Message: Stopped early.

) (/home/fabio.missagia/texlive/2026/texmf-dist/tex/latex/hyperref/hpdftex.def
(/home/fabio.missagia/texlive/2026/texmf-dist/tex/latex/rerunfilecheck/rerunfil
echeck.sty
(/home/fabio.missagia/texlive/2026/texmf-dist/tex/generic/uniquecounter/uniquec
ounter.sty)))
(/home/fabio.missagia/texlive/2026/texmf-dist/tex/latex/beamer/beamerbaserequir
es.sty
(/home/fabio.missagia/texlive/2026/texmf-dist/tex/latex/beamer/beamerbasecompat
ibility.sty)
(/home/fabio.missagia/texlive/2026/texmf-dist/tex/latex/beamer/beamerbasefont.s
ty (/home/fabio.missagia/texlive/2026/texmf-dist/tex/latex/amsfonts/amssymb.sty
(/home/fabio.missagia/texlive/2026/texmf-dist/tex/latex/amsfonts/amsfonts.sty))
)
(/home/fabio.missagia/texlive/2026/texmf-dist/tex/latex/beamer/beamerbasetransl
ator.sty
(/home/fabio.missagia/texlive/2026/texmf-dist/tex/latex/translator/translator.s
ty))
(/home/fabio.missagia/texlive/2026/texmf-dist/tex/latex/beamer/beamerbasemisc.s
ty)
(/home/fabio.missagia/texlive/2026/texmf-dist/tex/latex/beamer/beamerbasetwoscr
eens.sty)
(/home/fabio.missagia/texlive/2026/texmf-dist/tex/latex/beamer/beamerbaseoverla
y.sty)
(/home/fabio.missagia/texlive/2026/texmf-dist/tex/latex/beamer/beamerbasetitle.
sty)
(/home/fabio.missagia/texlive/2026/texmf-dist/tex/latex/beamer/beamerbasesectio
n.sty)
(/home/fabio.missagia/texlive/2026/texmf-dist/tex/latex/beamer/beamerbaseframe.
sty)
(/home/fabio.missagia/texlive/2026/texmf-dist/tex/latex/beamer/beamerbaseverbat
im.sty)
(/home/fabio.missagia/texlive/2026/texmf-dist/tex/latex/beamer/beamerbaseframes
ize.sty)
(/home/fabio.missagia/texlive/2026/texmf-dist/tex/latex/beamer/beamerbaseframec
omponents.sty)
(/home/fabio.missagia/texlive/2026/texmf-dist/tex/latex/beamer/beamerbasecolor.
sty)
(/home/fabio.missagia/texlive/2026/texmf-dist/tex/latex/beamer/beamerbasenotes.
sty)
(/home/fabio.missagia/texlive/2026/texmf-dist/tex/latex/beamer/beamerbasetoc.st
y)
(/home/fabio.missagia/texlive/2026/texmf-dist/tex/latex/beamer/beamerbasetempla
tes.sty
(/home/fabio.missagia/texlive/2026/texmf-dist/tex/latex/beamer/beamerbaseauxtem
plates.sty
(/home/fabio.missagia/texlive/2026/texmf-dist/tex/latex/beamer/beamerbaseboxes.
sty)))
(/home/fabio.missagia/texlive/2026/texmf-dist/tex/latex/beamer/beamerbaselocals
tructure.sty
(/home/fabio.missagia/texlive/2026/texmf-dist/tex/latex/tools/enumerate.sty))
(/home/fabio.missagia/texlive/2026/texmf-dist/tex/latex/beamer/beamerbasenaviga
tion.sty
(/home/fabio.missagia/texlive/2026/texmf-dist/tex/latex/beamer/beamerbasenaviga
tionsymbols.tex))
(/home/fabio.missagia/texlive/2026/texmf-dist/tex/latex/beamer/beamerbasetheore
ms.sty
(/home/fabio.missagia/texlive/2026/texmf-dist/tex/latex/amsmath/amsmath.sty
For additional information on amsmath, use the `?' option.
(/home/fabio.missagia/texlive/2026/texmf-dist/tex/latex/amsmath/amstext.sty
(/home/fabio.missagia/texlive/2026/texmf-dist/tex/latex/amsmath/amsgen.sty))
(/home/fabio.missagia/texlive/2026/texmf-dist/tex/latex/amsmath/amsbsy.sty)
(/home/fabio.missagia/texlive/2026/texmf-dist/tex/latex/amsmath/amsopn.sty))
(/home/fabio.missagia/texlive/2026/texmf-dist/tex/latex/amscls/amsthm.sty))
(/home/fabio.missagia/texlive/2026/texmf-dist/tex/latex/beamer/beamerbasethemes
.sty))
(/home/fabio.missagia/texlive/2026/texmf-dist/tex/latex/beamer/beamerthemedefau
lt.sty
(/home/fabio.missagia/texlive/2026/texmf-dist/tex/latex/beamer/beamerfontthemed
efault.sty)
(/home/fabio.missagia/texlive/2026/texmf-dist/tex/latex/beamer/beamercolortheme
default.sty)
(/home/fabio.missagia/texlive/2026/texmf-dist/tex/latex/beamer/beamerinnertheme
default.sty)
(/home/fabio.missagia/texlive/2026/texmf-dist/tex/latex/beamer/beameroutertheme
default.sty)))
(/home/fabio.missagia/texlive/2026/texmf-dist/tex/latex/beamertheme-metropolis/
beamerthememetropolis.sty
(/home/fabio.missagia/texlive/2026/texmf-dist/tex/latex/pgfopts/pgfopts.sty)
(/home/fabio.missagia/texlive/2026/texmf-dist/tex/latex/beamertheme-metropolis/
beamerinnerthememetropolis.sty
(/home/fabio.missagia/texlive/2026/texmf-dist/tex/latex/tools/calc.sty)
(/home/fabio.missagia/texlive/2026/texmf-dist/tex/latex/pgf/frontendlayer/tikz.
sty
(/home/fabio.missagia/texlive/2026/texmf-dist/tex/latex/pgf/basiclayer/pgf.sty
(/home/fabio.missagia/texlive/2026/texmf-dist/tex/generic/pgf/modules/pgfmodule
shapes.code.tex)
(/home/fabio.missagia/texlive/2026/texmf-dist/tex/generic/pgf/modules/pgfmodule
plot.code.tex)
(/home/fabio.missagia/texlive/2026/texmf-dist/tex/latex/pgf/compatibility/pgfco
mp-version-0-65.sty)
(/home/fabio.missagia/texlive/2026/texmf-dist/tex/latex/pgf/compatibility/pgfco
mp-version-1-18.sty))
(/home/fabio.missagia/texlive/2026/texmf-dist/tex/latex/pgf/utilities/pgffor.st
y
(/home/fabio.missagia/texlive/2026/texmf-dist/tex/generic/pgf/utilities/pgffor.
code.tex))
(/home/fabio.missagia/texlive/2026/texmf-dist/tex/generic/pgf/frontendlayer/tik
z/tikz.code.tex
(/home/fabio.missagia/texlive/2026/texmf-dist/tex/generic/pgf/libraries/pgflibr
aryplothandlers.code.tex)
(/home/fabio.missagia/texlive/2026/texmf-dist/tex/generic/pgf/modules/pgfmodule
matrix.code.tex)
(/home/fabio.missagia/texlive/2026/texmf-dist/tex/generic/pgf/frontendlayer/tik
z/libraries/tikzlibrarytopaths.code.tex))))
(/home/fabio.missagia/texlive/2026/texmf-dist/tex/latex/beamertheme-metropolis/
beamerouterthememetropolis.sty)
(/home/fabio.missagia/texlive/2026/texmf-dist/tex/latex/beamertheme-metropolis/
beamercolorthememetropolis.sty)
(/home/fabio.missagia/texlive/2026/texmf-dist/tex/latex/beamertheme-metropolis/
beamerfontthememetropolis.sty
(/home/fabio.missagia/texlive/2026/texmf-dist/tex/generic/iftex/ifxetex.sty)
(/home/fabio.missagia/texlive/2026/texmf-dist/tex/generic/iftex/ifluatex.sty)

Package beamerthememetropolis Warning: You need to compile with XeLaTeX or LuaL
aTeX to use the Fira fonts on input line 95.

))
(/home/fabio.missagia/texlive/2026/texmf-dist/tex/latex/appendixnumberbeamer/ap
pendixnumberbeamer.sty)
(/home/fabio.missagia/texlive/2026/texmf-dist/tex/latex/booktabs/booktabs.sty)
(/home/fabio.missagia/texlive/2026/texmf-dist/tex/latex/minted/minted.sty
(/home/fabio.missagia/texlive/2026/texmf-dist/tex/generic/catchfile/catchfile.s
ty
(/home/fabio.missagia/texlive/2026/texmf-dist/tex/generic/etexcmds/etexcmds.sty
)) (/home/fabio.missagia/texlive/2026/texmf-dist/tex/latex/fvextra/fvextra.sty
(/home/fabio.missagia/texlive/2026/texmf-dist/tex/latex/fancyvrb/fancyvrb.sty)
(/home/fabio.missagia/texlive/2026/texmf-dist/tex/latex/upquote/upquote.sty)
(/home/fabio.missagia/texlive/2026/texmf-dist/tex/latex/lineno/lineno.sty))
(/home/fabio.missagia/texlive/2026/texmf-dist/tex/latex/latex2pydata/latex2pyda
ta.sty)
(/home/fabio.missagia/texlive/2026/texmf-dist/tex/latex/tools/shellesc.sty)
(/home/fabio.missagia/texlive/2026/texmf-dist/tex/latex/float/float.sty))
(/home/fabio.missagia/texlive/2026/texmf-dist/tex/latex/cleveref/cleveref.sty

Package cleveref Warning: hyperref package loaded with implicit=false option - 
disabling cleveref's hyperref support. This situation is not supported by cleve
ref, and there's no guarantee anything will work. You're on your own! on input 
line 2370.

)
==> First Aid for cleveref.sty applied!
(/home/fabio.missagia/texlive/2026/texmf-dist/tex/latex/biblatex/biblatex.sty
(/home/fabio.missagia/texlive/2026/texmf-dist/tex/latex/logreq/logreq.sty
(/home/fabio.missagia/texlive/2026/texmf-dist/tex/latex/logreq/logreq.def))
(/home/fabio.missagia/texlive/2026/texmf-dist/tex/latex/base/ifthen.sty)
(/home/fabio.missagia/texlive/2026/texmf-dist/tex/latex/biblatex/blx-dm.def)
(/home/fabio.missagia/texlive/2026/texmf-dist/tex/latex/biblatex/blx-compat.def
)
(/home/fabio.missagia/texlive/2026/texmf-dist/tex/latex/biblatex/blx-bibtex.def

Package biblatex Warning: Using fall-back bibtex backend:
(biblatex)                functionality may be reduced/unavailable.

) (/home/fabio.missagia/texlive/2026/texmf-dist/tex/latex/biblatex/biblatex.def
)
(/home/fabio.missagia/texlive/2026/texmf-dist/tex/latex/biblatex/bbx/authortitl
e.bbx
(/home/fabio.missagia/texlive/2026/texmf-dist/tex/latex/biblatex/bbx/standard.b
bx))
(/home/fabio.missagia/texlive/2026/texmf-dist/tex/latex/biblatex/cbx/authortitl
e.cbx)
(/home/fabio.missagia/texlive/2026/texmf-dist/tex/latex/biblatex/biblatex.cfg)
(/home/fabio.missagia/texlive/2026/texmf-dist/tex/latex/l3kernel/expl3.sty
(/home/fabio.missagia/texlive/2026/texmf-dist/tex/latex/l3kernel/l3backend-pdft
ex.def))
(/home/fabio.missagia/texlive/2026/texmf-dist/tex/latex/biblatex/blx-case-expl3
.sty
(/home/fabio.missagia/texlive/2026/texmf-dist/tex/latex/l3packages/xparse/xpars
e.sty)))
(/home/fabio.missagia/texlive/2026/texmf-dist/tex/latex/base/fontenc.sty)
(/home/fabio.missagia/texlive/2026/texmf-dist/tex/latex/tools/xspace.sty)
(/home/fabio.missagia/texlive/2026/texmf-dist/tex/latex/tools/tabularx.sty
(/home/fabio.missagia/texlive/2026/texmf-dist/tex/latex/tools/array.sty))
(/home/fabio.missagia/texlive/2026/texmf-dist/tex/latex/caption/caption.sty
(/home/fabio.missagia/texlive/2026/texmf-dist/tex/latex/caption/caption3.sty
(/home/fabio.missagia/texlive/2026/texmf-dist/tex/latex/caption/caption-beamer.
sto))) (/home/fabio.missagia/texlive/2026/texmf-dist/tex/generic/nth/nth.sty)
(/home/fabio.missagia/texlive/2026/texmf-dist/tex/latex/caption/subcaption.sty)

(/home/fabio.missagia/texlive/2026/texmf-dist/tex/generic/pgf/frontendlayer/tik
z/libraries/tikzlibraryshapes.geometric.code.tex
(/home/fabio.missagia/texlive/2026/texmf-dist/tex/generic/pgf/libraries/shapes/
pgflibraryshapes.geometric.code.tex))
(/home/fabio.missagia/texlive/2026/texmf-dist/tex/generic/pgf/libraries/pgflibr
aryarrows.meta.code.tex)
(/home/fabio.missagia/texlive/2026/texmf-dist/tex/generic/pgf/frontendlayer/tik
z/libraries/tikzlibrarypositioning.code.tex)
(/home/fabio.missagia/texlive/2026/texmf-dist/tex/generic/pgf/frontendlayer/tik
z/libraries/tikzlibrarycalc.code.tex)
(/home/fabio.missagia/texlive/2026/texmf-dist/tex/generic/pgf/frontendlayer/tik
z/libraries/tikzlibraryfit.code.tex)
(/home/fabio.missagia/texlive/2026/texmf-dist/tex/generic/pgf/frontendlayer/tik
z/libraries/tikzlibraryshapes.multipart.code.tex
(/home/fabio.missagia/texlive/2026/texmf-dist/tex/generic/pgf/libraries/shapes/
pgflibraryshapes.multipart.code.tex))
(/home/fabio.missagia/texlive/2026/texmf-dist/tex/generic/pgf/frontendlayer/tik
z/libraries/tikzlibraryshapes.callouts.code.tex
(/home/fabio.missagia/texlive/2026/texmf-dist/tex/generic/pgf/libraries/shapes/
pgflibraryshapes.callouts.code.tex
(/home/fabio.missagia/texlive/2026/texmf-dist/tex/generic/pgf/libraries/shapes/
pgflibraryshapes.symbols.code.tex)))

Package hyperref Warning: Token not allowed in a PDF string (Unicode):
(hyperref)                removing `\\' on input line 93.

(/home/fabio.missagia/texlive/2026/texmf-dist/tex/latex/base/textcomp.sty)
(./slides.aux)
*geometry* driver: auto-detecting
*geometry* detected driver: pdftex

(/home/fabio.missagia/texlive/2026/texmf-dist/tex/context/base/mkii/supp-pdf.mk
ii
[Loading MPS to PDF converter (version 2006.09.02).]
)
(/home/fabio.missagia/texlive/2026/texmf-dist/tex/latex/epstopdf-pkg/epstopdf-b
ase.sty
(/home/fabio.missagia/texlive/2026/texmf-dist/tex/latex/latexconfig/epstopdf-sy
s.cfg)) (./slides.out) (./slides.out)
(/home/fabio.missagia/texlive/2026/texmf-dist/tex/latex/translator/translator-b
asic-dictionary-English.dict)
(/home/fabio.missagia/texlive/2026/texmf-dist/tex/latex/translator/translator-b
ibliography-dictionary-English.dict)
(/home/fabio.missagia/texlive/2026/texmf-dist/tex/latex/translator/translator-e
nvironment-dictionary-English.dict)
(/home/fabio.missagia/texlive/2026/texmf-dist/tex/latex/translator/translator-m
onths-dictionary-English.dict)
(/home/fabio.missagia/texlive/2026/texmf-dist/tex/latex/translator/translator-n
umbers-dictionary-English.dict)
(/home/fabio.missagia/texlive/2026/texmf-dist/tex/latex/translator/translator-t
heorem-dictionary-English.dict)
(/home/fabio.missagia/texlive/2026/texmf-dist/tex/latex/biblatex/lbx/english.lb
x)
No file slides.bbl.
(./slides.nav)
(/home/fabio.missagia/texlive/2026/texmf-dist/tex/latex/amsfonts/umsa.fd)
(/home/fabio.missagia/texlive/2026/texmf-dist/tex/latex/amsfonts/umsb.fd)
Overfull \vbox (50.21278pt too high) detected at line 115
[1{/home/fabio.missagia/texlive/2026/texmf-var/fonts/map/pdftex/updmap/pdftex.m
ap}{/home/fabio.missagia/texlive/2026/texmf-dist/fonts/enc/dvips/cm-super/cm-su
per-t1.enc} <./images/logo.png> <./images/hicrest.png>] [2]
Overfull \vbox (0.49722pt too high) detected at line 172
[3]
Overfull \vbox (5.52226pt too high) detected at line 204
[4{/home/fabio.missagia/texlive/2026/texmf-dist/fonts/enc/dvips/cm-super/cm-sup
er-ts1.enc}] [5] [6]
Overfull \vbox (8.99426pt too high) detected at line 294
[7]
Overfull \hbox (21.68262pt too wide) in paragraph at lines 353--353
 [][] 

Overfull \vbox (8.79738pt too high) detected at line 353
[8] [9] [10 <./images/chain_latency.png>]
Overfull \vbox (13.53424pt too high) detected at line 415
[11 <./images/dsmem-distance.png>]
Overfull \vbox (9.84143pt too high) detected at line 446
[12 <./images/dsmem-matrix.png>]

LaTeX Font Warning: Font shape `T1/cmss/b/n' undefined
(Font)              using `T1/cmss/m/n' instead on input line 511.


LaTeX Font Warning: Font shape `T1/cmss/b/it' undefined
(Font)              using `T1/cmss/b/n' instead on input line 511.

[13]
Overfull \vbox (6.92267pt too high) detected at line 538
[14 <./images/stride-smem.png> <./images/stride-dsmem-c2-d1.png> <./images/stri
de-l2.png> <./images/stride-dram.png>] [15]
Overfull \vbox (2.72116pt too high) detected at line 601
[16] [17 <./images/loaded_latency.png>] [18]

Package caption Warning: Unused \captionsetup[sub] on input line 18.
See the caption package documentation for explanation.

(./slides.aux)

LaTeX Font Warning: Some font shapes were not available, defaults substituted.

 )
(see the transcript file for additional information)</home/fabio.missagia/texli
ve/2026/texmf-dist/fonts/type1/public/amsfonts/cm/cmmi5.pfb></home/fabio.missag
ia/texlive/2026/texmf-dist/fonts/type1/public/amsfonts/cm/cmmi6.pfb></home/fabi
o.missagia/texlive/2026/texmf-dist/fonts/type1/public/amsfonts/cm/cmmi8.pfb></h
ome/fabio.missagia/texlive/2026/texmf-dist/fonts/type1/public/amsfonts/cm/cmmi9
.pfb></home/fabio.missagia/texlive/2026/texmf-dist/fonts/type1/public/amsfonts/
cm/cmss8.pfb></home/fabio.missagia/texlive/2026/texmf-dist/fonts/type1/public/a
msfonts/cm/cmss9.pfb></home/fabio.missagia/texlive/2026/texmf-dist/fonts/type1/
public/amsfonts/cm/cmsy10.pfb></home/fabio.missagia/texlive/2026/texmf-dist/fon
ts/type1/public/amsfonts/cm/cmsy6.pfb></home/fabio.missagia/texlive/2026/texmf-
dist/fonts/type1/public/amsfonts/cm/cmsy8.pfb></home/fabio.missagia/texlive/202
6/texmf-dist/fonts/type1/public/amsfonts/cm/cmsy9.pfb></home/fabio.missagia/tex
live/2026/texmf-dist/fonts/type1/public/cm-super/sfrm0800.pfb></home/fabio.miss
agia/texlive/2026/texmf-dist/fonts/type1/public/cm-super/sfsi0600.pfb></home/fa
bio.missagia/texlive/2026/texmf-dist/fonts/type1/public/cm-super/sfsi0800.pfb><
/home/fabio.missagia/texlive/2026/texmf-dist/fonts/type1/public/cm-super/sfsi09
00.pfb></home/fabio.missagia/texlive/2026/texmf-dist/fonts/type1/public/cm-supe
r/sfsi1000.pfb></home/fabio.missagia/texlive/2026/texmf-dist/fonts/type1/public
/cm-super/sfss0600.pfb></home/fabio.missagia/texlive/2026/texmf-dist/fonts/type
1/public/cm-super/sfss0800.pfb></home/fabio.missagia/texlive/2026/texmf-dist/fo
nts/type1/public/cm-super/sfss0900.pfb></home/fabio.missagia/texlive/2026/texmf
-dist/fonts/type1/public/cm-super/sfss1000.pfb></home/fabio.missagia/texlive/20
26/texmf-dist/fonts/type1/public/cm-super/sfsx0600.pfb></home/fabio.missagia/te
xlive/2026/texmf-dist/fonts/type1/public/cm-super/sfsx0800.pfb></home/fabio.mis
sagia/texlive/2026/texmf-dist/fonts/type1/public/cm-super/sfsx0900.pfb></home/f
abio.missagia/texlive/2026/texmf-dist/fonts/type1/public/cm-super/sfsx1000.pfb>
</home/fabio.missagia/texlive/2026/texmf-dist/fonts/type1/public/cm-super/sfsx1
200.pfb></home/fabio.missagia/texlive/2026/texmf-dist/fonts/type1/public/cm-sup
er/sfsx1440.pfb></home/fabio.missagia/texlive/2026/texmf-dist/fonts/type1/publi
c/cm-super/sftt0800.pfb></home/fabio.missagia/texlive/2026/texmf-dist/fonts/typ
e1/public/cm-super/sftt0900.pfb></home/fabio.missagia/texlive/2026/texmf-dist/f
onts/type1/public/cm-super/sftt1000.pfb>
Output written on slides.pdf (18 pages, 1333382 bytes).
Transcript written on slides.log.
