This is pdfTeX, Version 3.141592653-2.6-1.40.29 (TeX Live 2026) (preloaded format=pdflatex 2026.9.6)  21 SEP 2026 09:58
entering extended mode
 restricted \write18 enabled.
 %&-line parsing enabled.
**slides.tex
(./slides.tex
LaTeX2e <2026-06-01>
L3 programming layer <2026-08-10>
(/home/fabio.missagia/texlive/2026/texmf-dist/tex/latex/beamer/beamer.cls
Document Class: beamer 2026/08/20 v3.78 A class for typesetting presentations

(/home/fabio.missagia/texlive/2026/texmf-dist/tex/latex/beamer/beamerbasemodes.
sty
(/home/fabio.missagia/texlive/2026/texmf-dist/tex/latex/etoolbox/etoolbox.sty
Package: etoolbox 2025/10/02 v2.5m e-TeX tools for LaTeX (JAW)
\etb@tempcnta=\count276
)
\beamer@tempbox=\box53
\beamer@tempcount=\count277
\c@beamerpauses=\count278

(/home/fabio.missagia/texlive/2026/texmf-dist/tex/latex/beamer/beamerbasedecode
.sty
\beamer@slideinframe=\count279
\beamer@minimum=\count280
\beamer@decode@box=\box54
)
\beamer@commentbox=\box55
\beamer@modecount=\count281
)
(/home/fabio.missagia/texlive/2026/texmf-dist/tex/generic/iftex/iftex.sty
Package: iftex 2024/12/12 v1.0g TeX engine tests
)
\headdp=\dimen150
\footheight=\dimen151
\sidebarheight=\dimen152
\beamer@tempdim=\dimen153
\beamer@finalheight=\dimen154
\beamer@animht=\dimen155
\beamer@animdp=\dimen156
\beamer@animwd=\dimen157
\beamer@leftmargin=\dimen158
\beamer@rightmargin=\dimen159
\beamer@leftsidebar=\dimen160
\beamer@rightsidebar=\dimen161
\beamer@boxsize=\dimen162
\beamer@vboxoffset=\dimen163
\beamer@descdefault=\dimen164
\beamer@descriptionwidth=\dimen165
\beamer@lastskip=\skip49
\beamer@areabox=\box56
\beamer@animcurrent=\box57
\beamer@animshowbox=\box58
\beamer@sectionbox=\box59
\beamer@logobox=\box60
\beamer@linebox=\box61
\beamer@sectioncount=\count282
\beamer@subsubsectionmax=\count283
\beamer@subsectionmax=\count284
\beamer@sectionmax=\count285
\beamer@totalheads=\count286
\beamer@headcounter=\count287
\beamer@partstartpage=\count288
\beamer@sectionstartpage=\count289
\beamer@subsectionstartpage=\count290
\beamer@animationtempa=\count291
\beamer@animationtempb=\count292
\beamer@xpos=\count293
\beamer@ypos=\count294
\beamer@ypos@offset=\count295
\beamer@showpartnumber=\count296
\beamer@currentsubsection=\count297
\beamer@coveringdepth=\count298
\beamer@sectionadjust=\count299
\beamer@toclastsection=\count300
\beamer@tocsectionnumber=\count301

(/home/fabio.missagia/texlive/2026/texmf-dist/tex/latex/beamer/beamerbaseoption
s.sty
(/home/fabio.missagia/texlive/2026/texmf-dist/tex/latex/graphics/keyval.sty
Package: keyval 2026-05-17 v1.15 key=value parser (DPC)
\KV@toks@=\toks17
))
\beamer@paperwidth=\skip50
\beamer@paperheight=\skip51

(/home/fabio.missagia/texlive/2026/texmf-dist/tex/latex/geometry/geometry.sty
Package: geometry 2026/03/07 v6.0 Page Geometry

(/home/fabio.missagia/texlive/2026/texmf-dist/tex/generic/iftex/ifvtex.sty
Package: ifvtex 2019/10/25 v1.7 ifvtex legacy package. Use iftex instead.
)
\Gm@cnth=\count302
\Gm@cntv=\count303
\c@Gm@tempcnt=\count304
\Gm@bindingoffset=\dimen166
\Gm@wd@mp=\dimen167
\Gm@odd@mp=\dimen168
\Gm@even@mp=\dimen169
\Gm@layoutwidth=\dimen170
\Gm@layoutheight=\dimen171
\Gm@layouthoffset=\dimen172
\Gm@layoutvoffset=\dimen173
\Gm@dimlist=\toks18
)
(/home/fabio.missagia/texlive/2026/texmf-dist/tex/latex/pgf/math/pgfmath.sty
(/home/fabio.missagia/texlive/2026/texmf-dist/tex/latex/pgf/utilities/pgfrcs.st
y
(/home/fabio.missagia/texlive/2026/texmf-dist/tex/generic/pgf/utilities/pgfutil
-common.tex
\pgfutil@everybye=\toks19
\pgfutil@tempdima=\dimen174
\pgfutil@tempdimb=\dimen175
)
(/home/fabio.missagia/texlive/2026/texmf-dist/tex/generic/pgf/utilities/pgfutil
-latex.def
\pgfutil@abb=\box62
)
(/home/fabio.missagia/texlive/2026/texmf-dist/tex/generic/pgf/utilities/pgfrcs.
code.tex
(/home/fabio.missagia/texlive/2026/texmf-dist/tex/generic/pgf/pgf.revision.tex)
Package: pgfrcs 2026-08-01 v3.1.12 (3.1.12)
))
(/home/fabio.missagia/texlive/2026/texmf-dist/tex/latex/pgf/utilities/pgfkeys.s
ty
(/home/fabio.missagia/texlive/2026/texmf-dist/tex/generic/pgf/utilities/pgfkeys
.code.tex
\pgfkeys@pathtoks=\toks20
\pgfkeys@temptoks=\toks21

(/home/fabio.missagia/texlive/2026/texmf-dist/tex/generic/pgf/utilities/pgfkeys
libraryfiltered.code.tex
\pgfkeys@tmptoks=\toks22
)))
(/home/fabio.missagia/texlive/2026/texmf-dist/tex/generic/pgf/math/pgfmath.code
.tex
(/home/fabio.missagia/texlive/2026/texmf-dist/tex/generic/pgf/math/pgfmathutil.
code.tex
\pgf@x=\dimen176
\pgf@xa=\dimen177
\pgf@xb=\dimen178
\pgf@xc=\dimen179
\pgf@y=\dimen180
\pgf@ya=\dimen181
\pgf@yb=\dimen182
\pgf@yc=\dimen183
\c@pgf@counta=\count305
\c@pgf@countb=\count306
\c@pgf@countc=\count307
\c@pgf@countd=\count308
)
(/home/fabio.missagia/texlive/2026/texmf-dist/tex/generic/pgf/math/pgfmathparse
r.code.tex
\pgfmath@dimen=\dimen184
\pgfmath@count=\count309
\pgfmath@box=\box63
\pgfmath@toks=\toks23
\pgfmath@stack@operand=\toks24
\pgfmath@stack@operation=\toks25
)
(/home/fabio.missagia/texlive/2026/texmf-dist/tex/generic/pgf/math/pgfmathfunct
ions.code.tex)
(/home/fabio.missagia/texlive/2026/texmf-dist/tex/generic/pgf/math/pgfmathfunct
ions.basic.code.tex)
(/home/fabio.missagia/texlive/2026/texmf-dist/tex/generic/pgf/math/pgfmathfunct
ions.trigonometric.code.tex)
(/home/fabio.missagia/texlive/2026/texmf-dist/tex/generic/pgf/math/pgfmathfunct
ions.random.code.tex)
(/home/fabio.missagia/texlive/2026/texmf-dist/tex/generic/pgf/math/pgfmathfunct
ions.comparison.code.tex)
(/home/fabio.missagia/texlive/2026/texmf-dist/tex/generic/pgf/math/pgfmathfunct
ions.base.code.tex)
(/home/fabio.missagia/texlive/2026/texmf-dist/tex/generic/pgf/math/pgfmathfunct
ions.round.code.tex)
(/home/fabio.missagia/texlive/2026/texmf-dist/tex/generic/pgf/math/pgfmathfunct
ions.misc.code.tex)
(/home/fabio.missagia/texlive/2026/texmf-dist/tex/generic/pgf/math/pgfmathfunct
ions.integerarithmetics.code.tex)
(/home/fabio.missagia/texlive/2026/texmf-dist/tex/generic/pgf/math/pgfmathcalc.
code.tex)
(/home/fabio.missagia/texlive/2026/texmf-dist/tex/generic/pgf/math/pgfmathfloat
.code.tex
\c@pgfmathroundto@lastzeros=\count310
)))
(/home/fabio.missagia/texlive/2026/texmf-dist/tex/latex/base/size11.clo
File: size11.clo 2025/01/22 v1.4n Standard LaTeX file (size option)
)
(/home/fabio.missagia/texlive/2026/texmf-dist/tex/latex/pgf/basiclayer/pgfcore.
sty
(/home/fabio.missagia/texlive/2026/texmf-dist/tex/latex/graphics/graphicx.sty
Package: graphicx 2026-05-17 v1.2e Enhanced LaTeX Graphics (DPC,SPQR)

(/home/fabio.missagia/texlive/2026/texmf-dist/tex/latex/graphics/graphics.sty
Package: graphics 2026-05-17 v1.4h Standard LaTeX Graphics (DPC,SPQR)

(/home/fabio.missagia/texlive/2026/texmf-dist/tex/latex/graphics/trig.sty
Package: trig 2023/12/02 v1.11 sin cos tan (DPC)
)
(/home/fabio.missagia/texlive/2026/texmf-dist/tex/latex/graphics-cfg/graphics.c
fg
File: graphics.cfg 2016/06/04 v1.11 sample graphics configuration
)
Package graphics Info: Driver file: pdftex.def on input line 106.

(/home/fabio.missagia/texlive/2026/texmf-dist/tex/latex/graphics-def/pdftex.def
File: pdftex.def 2025/09/29 v1.2d Graphics/color driver for pdftex
))
\Gin@req@height=\dimen185
\Gin@req@width=\dimen186
)
(/home/fabio.missagia/texlive/2026/texmf-dist/tex/latex/pgf/systemlayer/pgfsys.
sty
(/home/fabio.missagia/texlive/2026/texmf-dist/tex/generic/pgf/systemlayer/pgfsy
s.code.tex
Package: pgfsys 2026-08-01 v3.1.12 (3.1.12)
\pgf@x=\dimen187
\pgf@y=\dimen188
\pgf@xa=\dimen189
\pgf@ya=\dimen190
\pgf@xb=\dimen191
\pgf@yb=\dimen192
\pgf@xc=\dimen193
\pgf@yc=\dimen194
\pgf@xd=\dimen195
\pgf@yd=\dimen196
\w@pgf@writea=\write3
\r@pgf@reada=\read2
\c@pgf@counta=\count311
\c@pgf@countb=\count312
\c@pgf@countc=\count313
\c@pgf@countd=\count314
\t@pgf@toka=\toks26
\t@pgf@tokb=\toks27
\t@pgf@tokc=\toks28
\pgf@sys@id@count=\count315

(/home/fabio.missagia/texlive/2026/texmf-dist/tex/generic/pgf/systemlayer/pgf.c
fg
File: pgf.cfg 2026-08-01 v3.1.12 (3.1.12)
)
Driver file for pgf: pgfsys-pdftex.def

(/home/fabio.missagia/texlive/2026/texmf-dist/tex/generic/pgf/systemlayer/pgfsy
s-pdftex.def
File: pgfsys-pdftex.def 2026-08-01 v3.1.12 (3.1.12)

(/home/fabio.missagia/texlive/2026/texmf-dist/tex/generic/pgf/systemlayer/pgfsy
s-common-pdf.def
File: pgfsys-common-pdf.def 2026-08-01 v3.1.12 (3.1.12)
)))
(/home/fabio.missagia/texlive/2026/texmf-dist/tex/generic/pgf/systemlayer/pgfsy
ssoftpath.code.tex
File: pgfsyssoftpath.code.tex 2026-08-01 v3.1.12 (3.1.12)
\pgfsyssoftpath@smallbuffer@items=\count316
\pgfsyssoftpath@bigbuffer@items=\count317
)
(/home/fabio.missagia/texlive/2026/texmf-dist/tex/generic/pgf/systemlayer/pgfsy
sprotocol.code.tex
File: pgfsysprotocol.code.tex 2026-08-01 v3.1.12 (3.1.12)
))
(/home/fabio.missagia/texlive/2026/texmf-dist/tex/latex/xcolor/xcolor.sty
Package: xcolor 2024/09/29 v3.02 LaTeX color extensions (UK)

(/home/fabio.missagia/texlive/2026/texmf-dist/tex/latex/graphics-cfg/color.cfg
File: color.cfg 2016/01/02 v1.6 sample color configuration
)
Package xcolor Info: Driver file: pdftex.def on input line 274.
(/home/fabio.missagia/texlive/2026/texmf-dist/tex/latex/graphics/mathcolor.ltx)
Package xcolor Info: Model `cmy' substituted by `cmy0' on input line 1349.
Package xcolor Info: Model `hsb' substituted by `rgb' on input line 1353.
Package xcolor Info: Model `RGB' extended on input line 1365.
Package xcolor Info: Model `HTML' substituted by `rgb' on input line 1367.
Package xcolor Info: Model `Hsb' substituted by `hsb' on input line 1368.
Package xcolor Info: Model `tHsb' substituted by `hsb' on input line 1369.
Package xcolor Info: Model `HSB' substituted by `hsb' on input line 1370.
Package xcolor Info: Model `Gray' substituted by `gray' on input line 1371.
Package xcolor Info: Model `wave' substituted by `hsb' on input line 1372.
)
(/home/fabio.missagia/texlive/2026/texmf-dist/tex/generic/pgf/basiclayer/pgfcor
e.code.tex
Package: pgfcore 2026-08-01 v3.1.12 (3.1.12)

(/home/fabio.missagia/texlive/2026/texmf-dist/tex/generic/pgf/math/pgfint.code.
tex)
(/home/fabio.missagia/texlive/2026/texmf-dist/tex/generic/pgf/basiclayer/pgfcor
epoints.code.tex
File: pgfcorepoints.code.tex 2026-08-01 v3.1.12 (3.1.12)
\pgf@picminx=\dimen197
\pgf@picmaxx=\dimen198
\pgf@picminy=\dimen199
\pgf@picmaxy=\dimen256
\pgf@pathminx=\dimen257
\pgf@pathmaxx=\dimen258
\pgf@pathminy=\dimen259
\pgf@pathmaxy=\dimen260
\pgf@xx=\dimen261
\pgf@xy=\dimen262
\pgf@yx=\dimen263
\pgf@yy=\dimen264
\pgf@zx=\dimen265
\pgf@zy=\dimen266
)
(/home/fabio.missagia/texlive/2026/texmf-dist/tex/generic/pgf/basiclayer/pgfcor
epathconstruct.code.tex
File: pgfcorepathconstruct.code.tex 2026-08-01 v3.1.12 (3.1.12)
\pgf@path@lastx=\dimen267
\pgf@path@lasty=\dimen268
)
(/home/fabio.missagia/texlive/2026/texmf-dist/tex/generic/pgf/basiclayer/pgfcor
epathusage.code.tex
File: pgfcorepathusage.code.tex 2026-08-01 v3.1.12 (3.1.12)
\pgf@shorten@end@additional=\dimen269
\pgf@shorten@start@additional=\dimen270
)
(/home/fabio.missagia/texlive/2026/texmf-dist/tex/generic/pgf/basiclayer/pgfcor
escopes.code.tex
File: pgfcorescopes.code.tex 2026-08-01 v3.1.12 (3.1.12)
\pgfpic=\box64
\pgf@hbox=\box65
\pgf@layerbox@main=\box66
\pgf@picture@serial@count=\count318
)
(/home/fabio.missagia/texlive/2026/texmf-dist/tex/generic/pgf/basiclayer/pgfcor
egraphicstate.code.tex
File: pgfcoregraphicstate.code.tex 2026-08-01 v3.1.12 (3.1.12)
\pgflinewidth=\dimen271
)
(/home/fabio.missagia/texlive/2026/texmf-dist/tex/generic/pgf/basiclayer/pgfcor
etransformations.code.tex
File: pgfcoretransformations.code.tex 2026-08-01 v3.1.12 (3.1.12)
\pgf@pt@x=\dimen272
\pgf@pt@y=\dimen273
\pgf@pt@temp=\dimen274
)
(/home/fabio.missagia/texlive/2026/texmf-dist/tex/generic/pgf/basiclayer/pgfcor
equick.code.tex
File: pgfcorequick.code.tex 2026-08-01 v3.1.12 (3.1.12)
)
(/home/fabio.missagia/texlive/2026/texmf-dist/tex/generic/pgf/basiclayer/pgfcor
eobjects.code.tex
File: pgfcoreobjects.code.tex 2026-08-01 v3.1.12 (3.1.12)
)
(/home/fabio.missagia/texlive/2026/texmf-dist/tex/generic/pgf/basiclayer/pgfcor
epathprocessing.code.tex
File: pgfcorepathprocessing.code.tex 2026-08-01 v3.1.12 (3.1.12)
)
(/home/fabio.missagia/texlive/2026/texmf-dist/tex/generic/pgf/basiclayer/pgfcor
earrows.code.tex
File: pgfcorearrows.code.tex 2026-08-01 v3.1.12 (3.1.12)
\pgfarrowsep=\dimen275
)
(/home/fabio.missagia/texlive/2026/texmf-dist/tex/generic/pgf/basiclayer/pgfcor
eshade.code.tex
File: pgfcoreshade.code.tex 2026-08-01 v3.1.12 (3.1.12)
\pgf@max=\dimen276
\pgf@sys@shading@range@num=\count319
\pgf@shadingcount=\count320
)
(/home/fabio.missagia/texlive/2026/texmf-dist/tex/generic/pgf/basiclayer/pgfcor
eimage.code.tex
File: pgfcoreimage.code.tex 2026-08-01 v3.1.12 (3.1.12)
)
(/home/fabio.missagia/texlive/2026/texmf-dist/tex/generic/pgf/basiclayer/pgfcor
eexternal.code.tex
File: pgfcoreexternal.code.tex 2026-08-01 v3.1.12 (3.1.12)
\pgfexternal@startupbox=\box67
)
(/home/fabio.missagia/texlive/2026/texmf-dist/tex/generic/pgf/basiclayer/pgfcor
elayers.code.tex
File: pgfcorelayers.code.tex 2026-08-01 v3.1.12 (3.1.12)
)
(/home/fabio.missagia/texlive/2026/texmf-dist/tex/generic/pgf/basiclayer/pgfcor
etransparency.code.tex
File: pgfcoretransparency.code.tex 2026-08-01 v3.1.12 (3.1.12)
)
(/home/fabio.missagia/texlive/2026/texmf-dist/tex/generic/pgf/basiclayer/pgfcor
epatterns.code.tex
File: pgfcorepatterns.code.tex 2026-08-01 v3.1.12 (3.1.12)
)
(/home/fabio.missagia/texlive/2026/texmf-dist/tex/generic/pgf/basiclayer/pgfcor
erdf.code.tex
File: pgfcorerdf.code.tex 2026-08-01 v3.1.12 (3.1.12)
)))
(/home/fabio.missagia/texlive/2026/texmf-dist/tex/latex/pgf/utilities/xxcolor.s
ty
Package: xxcolor 2003/10/24 ver 0.1
\XC@nummixins=\count321
\XC@countmixins=\count322
)
(/home/fabio.missagia/texlive/2026/texmf-dist/tex/latex/base/atbegshi-ltx.sty
Package: atbegshi-ltx 2021/01/10 v1.0c Emulation of the original atbegshi
package with kernel methods
)
(/home/fabio.missagia/texlive/2026/texmf-dist/tex/latex/hyperref/hyperref.sty
Package: hyperref 2026-06-17 v7.01r Hypertext links for LaTeX

(/home/fabio.missagia/texlive/2026/texmf-dist/tex/latex/kvsetkeys/kvsetkeys.sty
Package: kvsetkeys 2022-10-05 v1.19 Key value parser (HO)
)
(/home/fabio.missagia/texlive/2026/texmf-dist/tex/generic/kvdefinekeys/kvdefine
keys.sty
Package: kvdefinekeys 2019-12-19 v1.6 Define keys (HO)
)
(/home/fabio.missagia/texlive/2026/texmf-dist/tex/generic/pdfescape/pdfescape.s
ty
Package: pdfescape 2019/12/09 v1.15 Implements pdfTeX's escape features (HO)

(/home/fabio.missagia/texlive/2026/texmf-dist/tex/generic/ltxcmds/ltxcmds.sty
Package: ltxcmds 2023-12-04 v1.26 LaTeX kernel commands for general use (HO)
)
(/home/fabio.missagia/texlive/2026/texmf-dist/tex/generic/pdftexcmds/pdftexcmds
.sty
Package: pdftexcmds 2020-06-27 v0.33 Utility functions of pdfTeX for LuaTeX (HO
)

(/home/fabio.missagia/texlive/2026/texmf-dist/tex/generic/infwarerr/infwarerr.s
ty
Package: infwarerr 2019/12/03 v1.5 Providing info/warning/error messages (HO)
)
Package pdftexcmds Info: \pdf@primitive is available.
Package pdftexcmds Info: \pdf@ifprimitive is available.
Package pdftexcmds Info: \pdfdraftmode found.
))
(/home/fabio.missagia/texlive/2026/texmf-dist/tex/latex/hycolor/hycolor.sty
Package: hycolor 2020-01-27 v1.10 Color options for hyperref/bookmark (HO)
)
(/home/fabio.missagia/texlive/2026/texmf-dist/tex/latex/hyperref/nameref.sty
Package: nameref 2026-01-29 v2.58 Cross-referencing by name of section

(/home/fabio.missagia/texlive/2026/texmf-dist/tex/latex/refcount/refcount.sty
Package: refcount 2019/12/15 v3.6 Data extraction from label references (HO)
)
(/home/fabio.missagia/texlive/2026/texmf-dist/tex/generic/gettitlestring/gettit
lestring.sty
Package: gettitlestring 2019/12/15 v1.6 Cleanup title references (HO)

(/home/fabio.missagia/texlive/2026/texmf-dist/tex/latex/kvoptions/kvoptions.sty
Package: kvoptions 2022-06-15 v3.15 Key value format for package options (HO)
))
\c@section@level=\count323
)
(/home/fabio.missagia/texlive/2026/texmf-dist/tex/generic/stringenc/stringenc.s
ty
Package: stringenc 2019/11/29 v1.12 Convert strings between diff. encodings (HO
)
)
\@linkdim=\dimen277
\Hy@linkcounter=\count324
\Hy@pagecounter=\count325
 (/home/fabio.missagia/texlive/2026/texmf-dist/tex/latex/hyperref/pd1enc.def
File: pd1enc.def 2026-06-17 v7.01r Hyperref: PDFDocEncoding definition (HO)
Now handling font encoding PD1 ...
... no UTF-8 mapping file for font encoding PD1
) (/home/fabio.missagia/texlive/2026/texmf-dist/tex/generic/intcalc/intcalc.sty
Package: intcalc 2019/12/15 v1.3 Expandable calculations with integers (HO)
)
\Hy@SavedSpaceFactor=\count326
 (/home/fabio.missagia/texlive/2026/texmf-dist/tex/latex/hyperref/puenc.def
File: puenc.def 2026-06-17 v7.01r Hyperref: PDF Unicode definition (HO)
Now handling font encoding PU ...
... no UTF-8 mapping file for font encoding PU
)
Package hyperref Info: Option `bookmarks' set `true' on input line 4070.
Package hyperref Info: Option `bookmarksopen' set `true' on input line 4070.
Package hyperref Info: Option `implicit' set `false' on input line 4070.
Package hyperref Info: Hyper figures OFF on input line 4199.
Package hyperref Info: Link nesting OFF on input line 4204.
Package hyperref Info: Hyper index ON on input line 4207.
Package hyperref Info: Plain pages OFF on input line 4214.
Package hyperref Info: Backreferencing OFF on input line 4219.
Package hyperref Info: Implicit mode OFF; no redefinition of LaTeX internals.
Package hyperref Info: Bookmarks ON on input line 4466.
\c@Hy@tempcnt=\count327

(/home/fabio.missagia/texlive/2026/texmf-dist/tex/latex/url/url.sty
\Urlmuskip=\muskip17
Package: url 2013/09/16  ver 3.4  Verb mode for urls, etc.
)
LaTeX Info: Redefining \url on input line 4805.
\XeTeXLinkMargin=\dimen278

(/home/fabio.missagia/texlive/2026/texmf-dist/tex/generic/bitset/bitset.sty
Package: bitset 2019/12/09 v1.3 Handle bit-vector datatype (HO)

(/home/fabio.missagia/texlive/2026/texmf-dist/tex/generic/bigintcalc/bigintcalc
.sty
Package: bigintcalc 2019/12/15 v1.5 Expandable calculations on big integers (HO
)
))
\Fld@menulength=\count328
\Field@Width=\dimen279
\Fld@charsize=\dimen280
Package hyperref Info: Hyper figures OFF on input line 6091.
Package hyperref Info: Link nesting OFF on input line 6096.
Package hyperref Info: Hyper index ON on input line 6099.
Package hyperref Info: backreferencing OFF on input line 6106.
Package hyperref Info: Link coloring OFF on input line 6111.
Package hyperref Info: Link coloring with OCG OFF on input line 6116.
Package hyperref Info: PDF/A mode OFF on input line 6121.
\Hy@abspage=\count329


Package hyperref Message: Stopped early.

)
Package hyperref Info: Driver (autodetected): hpdftex.
 (/home/fabio.missagia/texlive/2026/texmf-dist/tex/latex/hyperref/hpdftex.def
File: hpdftex.def 2026-06-17 v7.01r Hyperref driver for pdfTeX
\Fld@listcount=\count330
\c@bookmark@seq@number=\count331

(/home/fabio.missagia/texlive/2026/texmf-dist/tex/latex/rerunfilecheck/rerunfil
echeck.sty
Package: rerunfilecheck 2025-06-21 v1.11 Rerun checks for auxiliary files (HO)

(/home/fabio.missagia/texlive/2026/texmf-dist/tex/generic/uniquecounter/uniquec
ounter.sty
Package: uniquecounter 2019/12/15 v1.4 Provide unlimited unique counter (HO)
)
Package uniquecounter Info: New unique counter `rerunfilecheck' on input line 2
84.
))
(/home/fabio.missagia/texlive/2026/texmf-dist/tex/latex/beamer/beamerbaserequir
es.sty
(/home/fabio.missagia/texlive/2026/texmf-dist/tex/latex/beamer/beamerbasecompat
ibility.sty)
(/home/fabio.missagia/texlive/2026/texmf-dist/tex/latex/beamer/beamerbasefont.s
ty (/home/fabio.missagia/texlive/2026/texmf-dist/tex/latex/amsfonts/amssymb.sty
Package: amssymb 2013/01/14 v3.01 AMS font symbols
(/home/fabio.missagia/texlive/2026/texmf-dist/tex/latex/amsfonts/amsfonts.sty
Package: amsfonts 2013/01/14 v3.01 Basic AMSFonts support
\@emptytoks=\toks29
\symAMSa=\mathgroup4
\symAMSb=\mathgroup5
LaTeX Font Info:    Redeclaring math symbol \hbar on input line 98.
LaTeX Font Info:    Overwriting math alphabet `\mathfrak' in version `bold'
(Font)                  U/euf/m/n --> U/euf/b/n on input line 106.
)))
(/home/fabio.missagia/texlive/2026/texmf-dist/tex/latex/beamer/beamerbasetransl
ator.sty
(/home/fabio.missagia/texlive/2026/texmf-dist/tex/latex/translator/translator.s
ty
Package: translator 2021-05-31 v1.12d Easy translation of strings in LaTeX
))
(/home/fabio.missagia/texlive/2026/texmf-dist/tex/latex/beamer/beamerbasemisc.s
ty)
(/home/fabio.missagia/texlive/2026/texmf-dist/tex/latex/beamer/beamerbasetwoscr
eens.sty)
(/home/fabio.missagia/texlive/2026/texmf-dist/tex/latex/beamer/beamerbaseoverla
y.sty
\beamer@argscount=\count332
\beamer@lastskipcover=\skip52
\beamer@trivlistdepth=\count333
)
(/home/fabio.missagia/texlive/2026/texmf-dist/tex/latex/beamer/beamerbasetitle.
sty)
(/home/fabio.missagia/texlive/2026/texmf-dist/tex/latex/beamer/beamerbasesectio
n.sty
\c@lecture=\count334
\c@part=\count335
\c@section=\count336
\c@subsection=\count337
\c@subsubsection=\count338
)
(/home/fabio.missagia/texlive/2026/texmf-dist/tex/latex/beamer/beamerbaseframe.
sty
\beamer@framebox=\box68
\beamer@frametitlebox=\box69
\beamer@zoombox=\box70
\beamer@zoomcount=\count339
\beamer@zoomframecount=\count340
\beamer@frametextheight=\dimen281
\c@subsectionslide=\count341
\beamer@frametopskip=\skip53
\beamer@framebottomskip=\skip54
\beamer@frametopskipautobreak=\skip55
\beamer@framebottomskipautobreak=\skip56
\beamer@envbody=\toks30
\framewidth=\dimen282
\c@framenumber=\count342
)
(/home/fabio.missagia/texlive/2026/texmf-dist/tex/latex/beamer/beamerbaseverbat
im.sty
\beamer@verbatimfileout=\write4
)
(/home/fabio.missagia/texlive/2026/texmf-dist/tex/latex/beamer/beamerbaseframes
ize.sty
\beamer@splitbox=\box71
\beamer@autobreakcount=\count343
\beamer@autobreaklastheight=\dimen283
\beamer@frametitletoks=\toks31
\beamer@framesubtitletoks=\toks32
)
(/home/fabio.missagia/texlive/2026/texmf-dist/tex/latex/beamer/beamerbaseframec
omponents.sty
\beamer@colheight=\skip57
\beamer@footins=\box72
)
(/home/fabio.missagia/texlive/2026/texmf-dist/tex/latex/beamer/beamerbasecolor.
sty)
(/home/fabio.missagia/texlive/2026/texmf-dist/tex/latex/beamer/beamerbasenotes.
sty
\beamer@frameboxcopy=\box73
)
(/home/fabio.missagia/texlive/2026/texmf-dist/tex/latex/beamer/beamerbasetoc.st
y)
(/home/fabio.missagia/texlive/2026/texmf-dist/tex/latex/beamer/beamerbasetempla
tes.sty
\beamer@sbttoks=\toks33

(/home/fabio.missagia/texlive/2026/texmf-dist/tex/latex/beamer/beamerbaseauxtem
plates.sty
(/home/fabio.missagia/texlive/2026/texmf-dist/tex/latex/beamer/beamerbaseboxes.
sty
\bmb@box=\box74
\bmb@colorbox=\box75
\bmb@boxwidth=\dimen284
\bmb@boxheight=\dimen285
\bmb@prevheight=\dimen286
\bmb@temp=\dimen287
\bmb@dima=\dimen288
\bmb@dimb=\dimen289
\bmb@prevheight=\dimen290
)
\beamer@blockheadheight=\dimen291
))
(/home/fabio.missagia/texlive/2026/texmf-dist/tex/latex/beamer/beamerbaselocals
tructure.sty
(/home/fabio.missagia/texlive/2026/texmf-dist/tex/latex/tools/enumerate.sty
Package: enumerate 2023/07/04 v3.00 enumerate extensions (DPC)
\@enLab=\toks34
)
\beamer@bibiconwidth=\skip58
\c@figure=\count344
\c@table=\count345
\abovecaptionskip=\skip59
\belowcaptionskip=\skip60
)
(/home/fabio.missagia/texlive/2026/texmf-dist/tex/latex/beamer/beamerbasenaviga
tion.sty
(/home/fabio.missagia/texlive/2026/texmf-dist/tex/latex/beamer/beamerbasenaviga
tionsymbols.tex)
\beamer@section@min@dim=\dimen292
)
(/home/fabio.missagia/texlive/2026/texmf-dist/tex/latex/beamer/beamerbasetheore
ms.sty
(/home/fabio.missagia/texlive/2026/texmf-dist/tex/latex/amsmath/amsmath.sty
Package: amsmath 2026/05/19 v2.18d AMS math features
\@mathmargin=\skip61

For additional information on amsmath, use the `?' option.
(/home/fabio.missagia/texlive/2026/texmf-dist/tex/latex/amsmath/amstext.sty
Package: amstext 2024/11/17 v2.01 AMS text

(/home/fabio.missagia/texlive/2026/texmf-dist/tex/latex/amsmath/amsgen.sty
File: amsgen.sty 1999/11/30 v2.0 generic functions
\@emptytoks=\toks35
\ex@=\dimen293
))
(/home/fabio.missagia/texlive/2026/texmf-dist/tex/latex/amsmath/amsbsy.sty
Package: amsbsy 1999/11/29 v1.2d Bold Symbols
\pmbraise@=\dimen294
)
(/home/fabio.missagia/texlive/2026/texmf-dist/tex/latex/amsmath/amsopn.sty
Package: amsopn 2022/04/08 v2.04 operator names
)
\inf@bad=\count346
LaTeX Info: Redefining \frac on input line 233.
\uproot@=\count347
\leftroot@=\count348
LaTeX Info: Redefining \overline on input line 398.
LaTeX Info: Redefining \colon on input line 409.
\classnum@=\count349
\DOTSCASE@=\count350
LaTeX Info: Redefining \ldots on input line 495.
LaTeX Info: Redefining \dots on input line 498.
LaTeX Info: Redefining \cdots on input line 619.
\Mathstrutbox@=\box76
\strutbox@=\box77
LaTeX Info: Redefining \big on input line 721.
LaTeX Info: Redefining \Big on input line 722.
LaTeX Info: Redefining \bigg on input line 723.
LaTeX Info: Redefining \Bigg on input line 724.
\big@size=\dimen295
LaTeX Font Info:    Redeclaring font encoding OML on input line 742.
LaTeX Font Info:    Redeclaring font encoding OMS on input line 743.
\macc@depth=\count351
LaTeX Info: Redefining \bmod on input line 904.
LaTeX Info: Redefining \pmod on input line 909.
LaTeX Info: Redefining \smash on input line 939.
LaTeX Info: Redefining \relbar on input line 969.
LaTeX Info: Redefining \Relbar on input line 970.
\c@MaxMatrixCols=\count352
\dotsspace@=\muskip18
\c@parentequation=\count353
\dspbrk@lvl=\count354
\tag@help=\toks36
\row@=\count355
\column@=\count356
\maxfields@=\count357
\andhelp@=\toks37
\eqnshift@=\dimen296
\alignsep@=\dimen297
\tagshift@=\dimen298
\tagwidth@=\dimen299
\totwidth@=\dimen300
\lineht@=\dimen301
\@envbody=\toks38
\multlinegap=\skip62
\multlinetaggap=\skip63
\mathdisplay@stack=\toks39
LaTeX Info: Redefining \[ on input line 2965.
LaTeX Info: Redefining \] on input line 2966.
)
(/home/fabio.missagia/texlive/2026/texmf-dist/tex/latex/amscls/amsthm.sty
Package: amsthm 2020/05/29 v2.20.6
\thm@style=\toks40
\thm@bodyfont=\toks41
\thm@headfont=\toks42
\thm@notefont=\toks43
\thm@headpunct=\toks44
\thm@preskip=\skip64
\thm@postskip=\skip65
\thm@headsep=\skip66
\dth@everypar=\toks45
)
\c@theorem=\count358
)
(/home/fabio.missagia/texlive/2026/texmf-dist/tex/latex/beamer/beamerbasethemes
.sty))
(/home/fabio.missagia/texlive/2026/texmf-dist/tex/latex/beamer/beamerthemedefau
lt.sty
(/home/fabio.missagia/texlive/2026/texmf-dist/tex/latex/beamer/beamerfontthemed
efault.sty)
(/home/fabio.missagia/texlive/2026/texmf-dist/tex/latex/beamer/beamercolortheme
default.sty)
(/home/fabio.missagia/texlive/2026/texmf-dist/tex/latex/beamer/beamerinnertheme
default.sty
\beamer@dima=\dimen302
\beamer@dimb=\dimen303
)
(/home/fabio.missagia/texlive/2026/texmf-dist/tex/latex/beamer/beameroutertheme
default.sty)))
(/home/fabio.missagia/texlive/2026/texmf-dist/tex/latex/beamertheme-metropolis/
beamerthememetropolis.sty
Package: beamerthememetropolis 2017/01/23 v1.2 Metropolis Beamer theme

(/home/fabio.missagia/texlive/2026/texmf-dist/tex/latex/pgfopts/pgfopts.sty
Package: pgfopts 2014/07/10 v2.1a LaTeX package options with pgfkeys
\pgfopts@list@add@a@toks=\toks46
\pgfopts@list@add@b@toks=\toks47
)
(/home/fabio.missagia/texlive/2026/texmf-dist/tex/latex/beamertheme-metropolis/
beamerinnerthememetropolis.sty
Package: beamerinnerthememetropolis 2017/01/23 Metropolis inner theme

(/home/fabio.missagia/texlive/2026/texmf-dist/tex/latex/tools/calc.sty
Package: calc 2025/03/01 v4.3b Infix arithmetic (KKT,FJ)
\calc@Acount=\count359
\calc@Bcount=\count360
\calc@Adimen=\dimen304
\calc@Bdimen=\dimen305
\calc@Askip=\skip67
\calc@Bskip=\skip68
LaTeX Info: Redefining \setlength on input line 86.
LaTeX Info: Redefining \addtolength on input line 87.
\calc@Ccount=\count361
\calc@Cskip=\skip69
)
(/home/fabio.missagia/texlive/2026/texmf-dist/tex/latex/pgf/frontendlayer/tikz.
sty
(/home/fabio.missagia/texlive/2026/texmf-dist/tex/latex/pgf/basiclayer/pgf.sty
Package: pgf 2026-08-01 v3.1.12 (3.1.12)

(/home/fabio.missagia/texlive/2026/texmf-dist/tex/generic/pgf/modules/pgfmodule
shapes.code.tex
File: pgfmoduleshapes.code.tex 2026-08-01 v3.1.12 (3.1.12)
\pgfnodeparttextbox=\box78
)
(/home/fabio.missagia/texlive/2026/texmf-dist/tex/generic/pgf/modules/pgfmodule
plot.code.tex
File: pgfmoduleplot.code.tex 2026-08-01 v3.1.12 (3.1.12)
)
(/home/fabio.missagia/texlive/2026/texmf-dist/tex/latex/pgf/compatibility/pgfco
mp-version-0-65.sty
Package: pgfcomp-version-0-65 2026-08-01 v3.1.12 (3.1.12)
\pgf@nodesepstart=\dimen306
\pgf@nodesepend=\dimen307
)
(/home/fabio.missagia/texlive/2026/texmf-dist/tex/latex/pgf/compatibility/pgfco
mp-version-1-18.sty
Package: pgfcomp-version-1-18 2026-08-01 v3.1.12 (3.1.12)
))
(/home/fabio.missagia/texlive/2026/texmf-dist/tex/latex/pgf/utilities/pgffor.st
y
(/home/fabio.missagia/texlive/2026/texmf-dist/tex/generic/pgf/utilities/pgffor.
code.tex
Package: pgffor 2026-08-01 v3.1.12 (3.1.12)
\pgffor@iter=\dimen308
\pgffor@skip=\dimen309
\pgffor@stack=\toks48
\pgffor@toks=\toks49
))
(/home/fabio.missagia/texlive/2026/texmf-dist/tex/generic/pgf/frontendlayer/tik
z/tikz.code.tex
Package: tikz 2026-08-01 v3.1.12 (3.1.12)

(/home/fabio.missagia/texlive/2026/texmf-dist/tex/generic/pgf/libraries/pgflibr
aryplothandlers.code.tex
File: pgflibraryplothandlers.code.tex 2026-08-01 v3.1.12 (3.1.12)
\pgf@plot@mark@count=\count362
\pgfplotmarksize=\dimen310
)
\tikz@lastx=\dimen311
\tikz@lasty=\dimen312
\tikz@lastxsaved=\dimen313
\tikz@lastysaved=\dimen314
\tikz@lastmovetox=\dimen315
\tikz@lastmovetoy=\dimen316
\tikzleveldistance=\dimen317
\tikzsiblingdistance=\dimen318
\tikz@figbox=\box79
\tikz@figbox@bg=\box80
\tikz@tempbox=\box81
\tikz@tempbox@bg=\box82
\tikztreelevel=\count363
\tikznumberofchildren=\count364
\tikznumberofcurrentchild=\count365
\tikz@fig@count=\count366

(/home/fabio.missagia/texlive/2026/texmf-dist/tex/generic/pgf/modules/pgfmodule
matrix.code.tex
File: pgfmodulematrix.code.tex 2026-08-01 v3.1.12 (3.1.12)
\pgfmatrixcurrentrow=\count367
\pgfmatrixcurrentcolumn=\count368
\pgf@matrix@numberofcolumns=\count369
)
\tikz@expandcount=\count370

(/home/fabio.missagia/texlive/2026/texmf-dist/tex/generic/pgf/frontendlayer/tik
z/libraries/tikzlibrarytopaths.code.tex
File: tikzlibrarytopaths.code.tex 2026-08-01 v3.1.12 (3.1.12)
)))
\metropolis@titleseparator@linewidth=\skip70
\metropolis@progressonsectionpage=\skip71
\metropolis@progressonsectionpage@linewidth=\skip72
\metropolis@blocksep=\skip73
\metropolis@blockadjust=\skip74
\metropolis@parskip=\skip75
)
(/home/fabio.missagia/texlive/2026/texmf-dist/tex/latex/beamertheme-metropolis/
beamerouterthememetropolis.sty
Package: beamerouterthememetropolis 2017/01/23 Metropolis outer theme
\metropolis@frametitle@padding=\skip76
\metropolis@progressinheadfoot=\skip77
\metropolis@progressinheadfoot@linewidth=\skip78
)
(/home/fabio.missagia/texlive/2026/texmf-dist/tex/latex/beamertheme-metropolis/
beamercolorthememetropolis.sty
Package: beamercolorthememetropolis 2017/01/23 Metropolis color theme
)
(/home/fabio.missagia/texlive/2026/texmf-dist/tex/latex/beamertheme-metropolis/
beamerfontthememetropolis.sty
Package: beamerfontthememetropolis 2017/01/23 Metropolis font theme

(/home/fabio.missagia/texlive/2026/texmf-dist/tex/generic/iftex/ifxetex.sty
Package: ifxetex 2019/10/25 v0.7 ifxetex legacy package. Use iftex instead.
)
(/home/fabio.missagia/texlive/2026/texmf-dist/tex/generic/iftex/ifluatex.sty
Package: ifluatex 2019/10/25 v1.5 ifluatex legacy package. Use iftex instead.
)

Package beamerthememetropolis Warning: You need to compile with XeLaTeX or LuaL
aTeX to use the Fira fonts on input line 95.

))
(/home/fabio.missagia/texlive/2026/texmf-dist/tex/latex/appendixnumberbeamer/ap
pendixnumberbeamer.sty)
(/home/fabio.missagia/texlive/2026/texmf-dist/tex/latex/booktabs/booktabs.sty
Package: booktabs 2020/01/12 v1.61803398 Publication quality tables
\heavyrulewidth=\dimen319
\lightrulewidth=\dimen320
\cmidrulewidth=\dimen321
\belowrulesep=\dimen322
\belowbottomsep=\dimen323
\aboverulesep=\dimen324
\abovetopsep=\dimen325
\cmidrulesep=\dimen326
\cmidrulekern=\dimen327
\defaultaddspace=\dimen328
\@cmidla=\count371
\@cmidlb=\count372
\@aboverulesep=\dimen329
\@belowrulesep=\dimen330
\@thisruleclass=\count373
\@lastruleclass=\count374
\@thisrulewidth=\dimen331
)
(/home/fabio.missagia/texlive/2026/texmf-dist/tex/latex/minted/minted.sty
Package: minted 2026/03/03 v3.8.0 Yet another Pygments shim for LaTeX

(/home/fabio.missagia/texlive/2026/texmf-dist/tex/generic/catchfile/catchfile.s
ty
Package: catchfile 2019/12/09 v1.8 Catch the contents of a file (HO)

(/home/fabio.missagia/texlive/2026/texmf-dist/tex/generic/etexcmds/etexcmds.sty
Package: etexcmds 2019/12/15 v1.7 Avoid name clashes with e-TeX commands (HO)
)) (/home/fabio.missagia/texlive/2026/texmf-dist/tex/latex/fvextra/fvextra.sty
Package: fvextra 2026/02/25 v1.14.0 fvextra - extensions and patches for fancyv
rb

(/home/fabio.missagia/texlive/2026/texmf-dist/tex/latex/fancyvrb/fancyvrb.sty
Package: fancyvrb 2026/08/13 4.7 verbatim text (tvz,hv)
\FV@CodeLineNo=\count375
\FV@InFile=\read3
\FV@TabBox=\box83
\c@FancyVerbLine=\count376
\FV@StepNumber=\count377
\FV@OutFile=\write5
)
(/home/fabio.missagia/texlive/2026/texmf-dist/tex/latex/upquote/upquote.sty
Package: upquote 2012/04/19 v1.3 upright-quote and grave-accent glyphs in verba
tim
)
(/home/fabio.missagia/texlive/2026/texmf-dist/tex/latex/lineno/lineno.sty
Package: lineno 2026/03/08 line numbers on paragraphs v5.9
\linenopenalty=\count378
\output=\toks50
\linenoprevgraf=\count379
\linenumbersep=\dimen332
\linenumberwidth=\dimen333
\c@linenumber=\count380
\c@pagewiselinenumber=\count381
\c@LN@truepage=\count382
\c@internallinenumber=\count383
\c@internallinenumbers=\count384
\quotelinenumbersep=\dimen334
\bframerule=\dimen335
\bframesep=\dimen336
\bframebox=\box84
\@LN@amsmath@ams@eqpen=\count385
)
\c@FancyVerbWriteLine=\count386
\c@FancyVerbBufferLine=\count387
\c@FV@TrueTabGroupLevel=\count388
\c@FV@TrueTabCounter=\count389
\FV@TabBox@Group=\box85
\FV@bgcolorstructbox=\box86
\FV@TmpLength=\skip79
\c@FV@HighlightLinesStart=\count390
\c@FV@HighlightLinesStop=\count391
\FV@LoopCount=\count392
\FV@NCharsBox=\box87
\FV@BreakIndent=\dimen337
\FV@BreakIndentNChars=\count393
\FV@BreakSymbolSepLeft=\dimen338
\FV@BreakSymbolSepLeftNChars=\count394
\FV@BreakSymbolSepRight=\dimen339
\FV@BreakSymbolSepRightNChars=\count395
\FV@BreakSymbolIndentLeft=\dimen340
\FV@BreakSymbolIndentLeftNChars=\count396
\FV@BreakSymbolIndentRight=\dimen341
\FV@BreakSymbolIndentRightNChars=\count397
\c@FancyVerbLineBreakLast=\count398
\FV@LineBox=\box88
\FV@LineIndentBox=\box89
\c@FV@BreakBufferDepth=\count399
\FV@LineWidth=\dimen342
)
(/home/fabio.missagia/texlive/2026/texmf-dist/tex/latex/latex2pydata/latex2pyda
ta.sty
Package: latex2pydata 2026/02/25 v0.7.0 latex2pydata - write data to file in Py
thon literal format
)
(/home/fabio.missagia/texlive/2026/texmf-dist/tex/latex/tools/shellesc.sty
Package: shellesc 2023/07/08 v1.0d unified shell escape interface for LaTeX
Package shellesc Info: Restricted shell escape enabled on input line 77.
)
(/home/fabio.missagia/texlive/2026/texmf-dist/tex/latex/float/float.sty
Package: float 2001/11/08 v1.3d Float enhancements (AL)
\c@float@type=\count400
\float@exts=\toks51
\float@box=\box90
\@float@everytoks=\toks52
\@floatcapt=\box91
)
\c@minted@FancyVerbLineTemp=\count401
\@float@every@listing=\toks53
\c@listing=\count402
)
(/home/fabio.missagia/texlive/2026/texmf-dist/tex/latex/cleveref/cleveref.sty
Package: cleveref 2018/03/27 v0.21.4 Intelligent cross-referencing


Package cleveref Warning: hyperref package loaded with implicit=false option - 
disabling cleveref's hyperref support. This situation is not supported by cleve
ref, and there's no guarantee anything will work. You're on your own! on input 
line 2370.

Package cleveref Info: `amsthm' support loaded on input line 3026.
)
==> First Aid for cleveref.sty applied!
(/home/fabio.missagia/texlive/2026/texmf-dist/tex/latex/biblatex/biblatex.sty
Package: biblatex 2026/08/13 v3.22 programmable bibliographies (PK/MW)

(/home/fabio.missagia/texlive/2026/texmf-dist/tex/latex/logreq/logreq.sty
Package: logreq 2010/08/04 v1.0 xml request logger
\lrq@indent=\count403

(/home/fabio.missagia/texlive/2026/texmf-dist/tex/latex/logreq/logreq.def
File: logreq.def 2010/08/04 v1.0 logreq spec v1.0
))
(/home/fabio.missagia/texlive/2026/texmf-dist/tex/latex/base/ifthen.sty
Package: ifthen 2024/03/16 v1.1e Standard LaTeX ifthen package (DPC)
)
\c@tabx@nest=\count404
\c@listtotal=\count405
\c@listcount=\count406
\c@liststart=\count407
\c@liststop=\count408
\c@citecount=\count409
\c@citetotal=\count410
\c@multicitecount=\count411
\c@multicitetotal=\count412
\c@instcount=\count413
\c@maxnames=\count414
\c@minnames=\count415
\c@maxitems=\count416
\c@minitems=\count417
\c@citecounter=\count418
\c@maxcitecounter=\count419
\c@savedcitecounter=\count420
\c@uniquelist=\count421
\c@uniquename=\count422
\c@refsection=\count423
\c@refsegment=\count424
\c@maxextratitle=\count425
\c@maxextratitleyear=\count426
\c@maxextraname=\count427
\c@maxextradate=\count428
\c@maxextraalpha=\count429
\c@abbrvpenalty=\count430
\c@highnamepenalty=\count431
\c@lownamepenalty=\count432
\c@maxparens=\count433
\c@parenlevel=\count434
\blx@tempcnta=\count435
\blx@tempcntb=\count436
\blx@tempcntc=\count437
\c@blx@maxsection=\count438
\blx@maxsegment@0=\count439
\blx@notetype=\count440
\blx@parenlevel@text=\count441
\blx@parenlevel@foot=\count442
\blx@sectionciteorder@0=\count443
\blx@sectionciteorderinternal@0=\count444
\blx@entrysetcounter=\count445
\blx@biblioinstance=\count446
\labelnumberwidth=\skip80
\labelalphawidth=\skip81
\biblabelsep=\skip82
\bibitemsep=\skip83
\bibnamesep=\skip84
\bibinitsep=\skip85
\bibparsep=\skip86
\bibhang=\skip87
\blx@bcfin=\read4
\blx@bcfout=\write6
\blx@langwohyphens=\language23
\c@mincomprange=\count447
\c@maxcomprange=\count448
\c@mincompwidth=\count449
Package biblatex Info: Trying to load biblatex default data model...
Package biblatex Info: ... file 'blx-dm.def' found.

(/home/fabio.missagia/texlive/2026/texmf-dist/tex/latex/biblatex/blx-dm.def
File: blx-dm.def 2026/08/13 v3.22 biblatex datamodel (PK/MW)
)
Package biblatex Info: Trying to load biblatex style data model...
Package biblatex Info: ... file 'authortitle.dbx' not found.
Package biblatex Info: Trying to load biblatex custom data model...
Package biblatex Info: ... file 'biblatex-dm.cfg' not found.
\c@afterword=\count450
\c@savedafterword=\count451
\c@annotator=\count452
\c@savedannotator=\count453
\c@author=\count454
\c@savedauthor=\count455
\c@bookauthor=\count456
\c@savedbookauthor=\count457
\c@commentator=\count458
\c@savedcommentator=\count459
\c@editor=\count460
\c@savededitor=\count461
\c@editora=\count462
\c@savededitora=\count463
\c@editorb=\count464
\c@savededitorb=\count465
\c@editorc=\count466
\c@savededitorc=\count467
\c@foreword=\count468
\c@savedforeword=\count469
\c@holder=\count470
\c@savedholder=\count471
\c@introduction=\count472
\c@savedintroduction=\count473
\c@namea=\count474
\c@savednamea=\count475
\c@nameb=\count476
\c@savednameb=\count477
\c@namec=\count478
\c@savednamec=\count479
\c@translator=\count480
\c@savedtranslator=\count481
\c@shortauthor=\count482
\c@savedshortauthor=\count483
\c@shorteditor=\count484
\c@savedshorteditor=\count485
\c@labelname=\count486
\c@savedlabelname=\count487
\c@institution=\count488
\c@savedinstitution=\count489
\c@lista=\count490
\c@savedlista=\count491
\c@listb=\count492
\c@savedlistb=\count493
\c@listc=\count494
\c@savedlistc=\count495
\c@listd=\count496
\c@savedlistd=\count497
\c@liste=\count498
\c@savedliste=\count499
\c@listf=\count500
\c@savedlistf=\count501
\c@location=\count502
\c@savedlocation=\count503
\c@organization=\count504
\c@savedorganization=\count505
\c@origlocation=\count506
\c@savedoriglocation=\count507
\c@origpublisher=\count508
\c@savedorigpublisher=\count509
\c@publisher=\count510
\c@savedpublisher=\count511
\c@language=\count512
\c@savedlanguage=\count513
\c@origlanguage=\count514
\c@savedoriglanguage=\count515
\c@pageref=\count516
\c@savedpageref=\count517
\shorthandwidth=\skip88
\shortjournalwidth=\skip89
\shortserieswidth=\skip90
\shorttitlewidth=\skip91
\shortauthorwidth=\skip92
\shorteditorwidth=\skip93
\locallabelnumberwidth=\skip94
\locallabelalphawidth=\skip95
\localshorthandwidth=\skip96
\localshortjournalwidth=\skip97
\localshortserieswidth=\skip98
\localshorttitlewidth=\skip99
\localshortauthorwidth=\skip100
\localshorteditorwidth=\skip101
Package biblatex Info: Trying to load compatibility code...
Package biblatex Info: ... file 'blx-compat.def' found.

(/home/fabio.missagia/texlive/2026/texmf-dist/tex/latex/biblatex/blx-compat.def
File: blx-compat.def 2026/08/13 v3.22 biblatex compatibility (PK/MW)
)
Package biblatex Info: Trying to load BibTeX backend compatibility...
Package biblatex Info: ... file 'blx-bibtex.def' found.

(/home/fabio.missagia/texlive/2026/texmf-dist/tex/latex/biblatex/blx-bibtex.def
File: blx-bibtex.def 2026/08/13 v3.22 biblatex compatibility (PK/MW)

Package biblatex Warning: Using fall-back bibtex backend:
(biblatex)                functionality may be reduced/unavailable.

)
Package biblatex Info: Trying to load generic definitions...
Package biblatex Info: ... file 'biblatex.def' found.
 (/home/fabio.missagia/texlive/2026/texmf-dist/tex/latex/biblatex/biblatex.def
File: biblatex.def 2026/08/13 v3.22 biblatex compatibility (PK/MW)
\c@textcitecount=\count518
\c@textcitetotal=\count519
\c@textcitemaxnames=\count520
\c@biburlbigbreakpenalty=\count521
\c@biburlbreakpenalty=\count522
\c@biburlnumpenalty=\count523
\c@biburlucpenalty=\count524
\c@biburllcpenalty=\count525
\biburlbigskip=\muskip19
\biburlnumskip=\muskip20
\biburlucskip=\muskip21
\biburllcskip=\muskip22
\c@smartand=\count526
)
Package biblatex Info: Trying to load bibliography style 'authortitle'...
Package biblatex Info: ... file 'authortitle.bbx' found.

(/home/fabio.missagia/texlive/2026/texmf-dist/tex/latex/biblatex/bbx/authortitl
e.bbx
File: authortitle.bbx 2026/08/13 v3.22 biblatex bibliography style (PK/MW)
Package biblatex Info: Trying to load bibliography style 'standard'...
Package biblatex Info: ... file 'standard.bbx' found.

(/home/fabio.missagia/texlive/2026/texmf-dist/tex/latex/biblatex/bbx/standard.b
bx
File: standard.bbx 2026/08/13 v3.22 biblatex bibliography style (PK/MW)
\c@bbx:relatedcount=\count527
\c@bbx:relatedtotal=\count528
))
Package biblatex Info: Trying to load citation style 'authortitle'...
Package biblatex Info: ... file 'authortitle.cbx' found.

(/home/fabio.missagia/texlive/2026/texmf-dist/tex/latex/biblatex/cbx/authortitl
e.cbx
File: authortitle.cbx 2026/08/13 v3.22 biblatex citation style (PK/MW)
Package biblatex Info: Redefining '\cite'.
Package biblatex Info: Redefining '\parencite'.
Package biblatex Info: Redefining '\footcite'.
Package biblatex Info: Redefining '\footcitetext'.
Package biblatex Info: Redefining '\smartcite'.
Package biblatex Info: Redefining '\textcite'.
Package biblatex Info: Redefining '\textcites'.
)
Package biblatex Info: Trying to load configuration file...
Package biblatex Info: ... file 'biblatex.cfg' found.

(/home/fabio.missagia/texlive/2026/texmf-dist/tex/latex/biblatex/biblatex.cfg
File: biblatex.cfg 
)
Package biblatex Info: Input encoding 'utf8' detected.
Package biblatex Info: Document encoding is UTF8 ....

(/home/fabio.missagia/texlive/2026/texmf-dist/tex/latex/l3kernel/expl3.sty
Package: expl3 2026-08-10 L3 programming layer (loader) 

(/home/fabio.missagia/texlive/2026/texmf-dist/tex/latex/l3kernel/l3backend-pdft
ex.def
File: l3backend-pdftex.def 2026-08-10 L3 backend support: PDF output (pdfTeX)
\l__color_backend_stack_int=\count529
))
Package biblatex Info: ... and expl3
(biblatex)             2026-08-10 L3 programming layer (loader) 
(biblatex)             is new enough (at least 2020/04/06),
(biblatex)             setting 'casechanger=expl3'.

(/home/fabio.missagia/texlive/2026/texmf-dist/tex/latex/biblatex/blx-case-expl3
.sty
(/home/fabio.missagia/texlive/2026/texmf-dist/tex/latex/l3packages/xparse/xpars
e.sty
Package: xparse 2025-10-09 L3 Experimental document command parser
)
Package: blx-case-expl3 2026/08/13 v3.22 expl3 case changing code for biblatex
))
(/home/fabio.missagia/texlive/2026/texmf-dist/tex/latex/base/fontenc.sty
Package: fontenc 2025/07/18 v2.1d Standard LaTeX package
)
(/home/fabio.missagia/texlive/2026/texmf-dist/tex/latex/tools/xspace.sty
Package: xspace 2014/10/28 v1.13 Space after command names (DPC,MH)
)
(/home/fabio.missagia/texlive/2026/texmf-dist/tex/latex/tools/tabularx.sty
Package: tabularx 2023/12/11 v2.12a `tabularx' package (DPC)

(/home/fabio.missagia/texlive/2026/texmf-dist/tex/latex/tools/array.sty
Package: array 2026/02/24 v2.7b Tabular extension package (FMi)
\col@sep=\dimen343
\ar@mcellbox=\box92
\extrarowheight=\dimen344
\NC@list=\toks54
\extratabsurround=\skip102
\backup@length=\skip103
\ar@cellbox=\box93
)
\TX@col@width=\dimen345
\TX@old@table=\dimen346
\TX@old@col=\dimen347
\TX@target=\dimen348
\TX@delta=\dimen349
\TX@cols=\count530
\TX@ftn=\toks55
)
(/home/fabio.missagia/texlive/2026/texmf-dist/tex/latex/caption/caption.sty
Package: caption 2023/08/05 v3.6o Customizing captions (AR)

(/home/fabio.missagia/texlive/2026/texmf-dist/tex/latex/caption/caption3.sty
Package: caption3 2023/07/31 v2.4d caption3 kernel (AR)
\caption@tempdima=\dimen350
\captionmargin=\dimen351
\caption@leftmargin=\dimen352
\caption@rightmargin=\dimen353
\caption@width=\dimen354
\caption@indent=\dimen355
\caption@parindent=\dimen356
\caption@hangindent=\dimen357
Package caption Info: beamer document class detected.

(/home/fabio.missagia/texlive/2026/texmf-dist/tex/latex/caption/caption-beamer.
sto
File: caption-beamer.sto 2022/01/06 v2.0c Adaption of the caption package to th
e beamer document classes (AR)
))
\c@caption@flags=\count531
\c@continuedfloat=\count532
Package caption Info: float package is loaded.
Package caption Info: hyperref package is loaded.
Package caption Info: Hyperref support is turned off
(caption)             because hyperref has stopped early.
) (/home/fabio.missagia/texlive/2026/texmf-dist/tex/generic/nth/nth.sty
Package: nth 2002/02/27
)
(/home/fabio.missagia/texlive/2026/texmf-dist/tex/latex/caption/subcaption.sty
Package: subcaption 2023/07/28 v1.6b Sub-captions (AR)
Package caption Info: New subtype `subfigure' on input line 238.
\c@subfigure=\count533
Package caption Info: New subtype `subtable' on input line 238.
\c@subtable=\count534
)
(/home/fabio.missagia/texlive/2026/texmf-dist/tex/generic/pgf/frontendlayer/tik
z/libraries/tikzlibraryshapes.geometric.code.tex
File: tikzlibraryshapes.geometric.code.tex 2026-08-01 v3.1.12 (3.1.12)

(/home/fabio.missagia/texlive/2026/texmf-dist/tex/generic/pgf/libraries/shapes/
pgflibraryshapes.geometric.code.tex
File: pgflibraryshapes.geometric.code.tex 2026-08-01 v3.1.12 (3.1.12)
))
(/home/fabio.missagia/texlive/2026/texmf-dist/tex/generic/pgf/libraries/pgflibr
aryarrows.meta.code.tex
File: pgflibraryarrows.meta.code.tex 2026-08-01 v3.1.12 (3.1.12)
\pgfarrowinset=\dimen358
\pgfarrowlength=\dimen359
\pgfarrowwidth=\dimen360
\pgfarrowlinewidth=\dimen361
)
(/home/fabio.missagia/texlive/2026/texmf-dist/tex/generic/pgf/frontendlayer/tik
z/libraries/tikzlibrarypositioning.code.tex
File: tikzlibrarypositioning.code.tex 2026-08-01 v3.1.12 (3.1.12)
)
(/home/fabio.missagia/texlive/2026/texmf-dist/tex/generic/pgf/frontendlayer/tik
z/libraries/tikzlibrarycalc.code.tex
File: tikzlibrarycalc.code.tex 2026-08-01 v3.1.12 (3.1.12)
)
(/home/fabio.missagia/texlive/2026/texmf-dist/tex/generic/pgf/frontendlayer/tik
z/libraries/tikzlibraryfit.code.tex
File: tikzlibraryfit.code.tex 2026-08-01 v3.1.12 (3.1.12)
)
(/home/fabio.missagia/texlive/2026/texmf-dist/tex/generic/pgf/frontendlayer/tik
z/libraries/tikzlibraryshapes.multipart.code.tex
File: tikzlibraryshapes.multipart.code.tex 2026-08-01 v3.1.12 (3.1.12)

(/home/fabio.missagia/texlive/2026/texmf-dist/tex/generic/pgf/libraries/shapes/
pgflibraryshapes.multipart.code.tex
File: pgflibraryshapes.multipart.code.tex 2026-08-01 v3.1.12 (3.1.12)
\pgfnodepartlowerbox=\box94
\pgfnodeparttwobox=\box95
\pgfnodepartthreebox=\box96
\pgfnodepartfourbox=\box97
\pgfnodeparttwentybox=\box98
\pgfnodepartnineteenbox=\box99
\pgfnodeparteighteenbox=\box100
\pgfnodepartseventeenbox=\box101
\pgfnodepartsixteenbox=\box102
\pgfnodepartfifteenbox=\box103
\pgfnodepartfourteenbox=\box104
\pgfnodepartthirteenbox=\box105
\pgfnodeparttwelvebox=\box106
\pgfnodepartelevenbox=\box107
\pgfnodeparttenbox=\box108
\pgfnodepartninebox=\box109
\pgfnodeparteightbox=\box110
\pgfnodepartsevenbox=\box111
\pgfnodepartsixbox=\box112
\pgfnodepartfivebox=\box113
))
(/home/fabio.missagia/texlive/2026/texmf-dist/tex/generic/pgf/frontendlayer/tik
z/libraries/tikzlibraryshapes.callouts.code.tex
(/home/fabio.missagia/texlive/2026/texmf-dist/tex/generic/pgf/libraries/shapes/
pgflibraryshapes.callouts.code.tex
(/home/fabio.missagia/texlive/2026/texmf-dist/tex/generic/pgf/libraries/shapes/
pgflibraryshapes.symbols.code.tex
File: pgflibraryshapes.symbols.code.tex 2026-08-01 v3.1.12 (3.1.12)
)))
\titlerulebox=\box114
\titlerulewidth=\skip104


Package hyperref Warning: Token not allowed in a PDF string (Unicode):
(hyperref)                removing `\\' on input line 93.

(/home/fabio.missagia/texlive/2026/texmf-dist/tex/latex/base/textcomp.sty
Package: textcomp 2024/04/24 v2.1b Standard LaTeX package
)
\@quotelevel=\count535
\@quotereset=\count536

(./slides.aux)
\openout1 = `slides.aux'.

LaTeX Font Info:    Checking defaults for OML/cmm/m/it on input line 113.
LaTeX Font Info:    ... okay on input line 113.
LaTeX Font Info:    Checking defaults for OMS/cmsy/m/n on input line 113.
LaTeX Font Info:    ... okay on input line 113.
LaTeX Font Info:    Checking defaults for OT1/cmr/m/n on input line 113.
LaTeX Font Info:    ... okay on input line 113.
LaTeX Font Info:    Checking defaults for T1/cmr/m/n on input line 113.
LaTeX Font Info:    ... okay on input line 113.
LaTeX Font Info:    Checking defaults for TS1/cmr/m/n on input line 113.
LaTeX Font Info:    ... okay on input line 113.
LaTeX Font Info:    Checking defaults for OMX/cmex/m/n on input line 113.
LaTeX Font Info:    ... okay on input line 113.
LaTeX Font Info:    Checking defaults for U/cmr/m/n on input line 113.
LaTeX Font Info:    ... okay on input line 113.
LaTeX Font Info:    Checking defaults for PD1/pdf/m/n on input line 113.
LaTeX Font Info:    ... okay on input line 113.
LaTeX Font Info:    Checking defaults for PU/pdf/m/n on input line 113.
LaTeX Font Info:    ... okay on input line 113.

*geometry* driver: auto-detecting
*geometry* detected driver: pdftex
*geometry* verbose mode - [ preamble ] result:
* driver: pdftex
* paper: custom
* layout: <same size as paper>
* layoutoffset:(h,v)=(0.0pt,0.0pt)
* modes: includehead includefoot 
* h-part:(L,W,R)=(28.45274pt, 398.3386pt, 28.45274pt)
* v-part:(T,H,B)=(0.0pt, 256.0748pt, 0.0pt)
* \paperwidth=455.24408pt
* \paperheight=256.0748pt
* \textwidth=398.3386pt
* \textheight=227.62207pt
* \oddsidemargin=-43.81725pt
* \evensidemargin=-43.81725pt
* \topmargin=-72.26999pt
* \headheight=14.22636pt
* \headsep=0.0pt
* \topskip=11.0pt
* \footskip=14.22636pt
* \marginparwidth=4.0pt
* \marginparsep=10.0pt
* \columnsep=10.0pt
* \skip\footins=10.0pt plus 4.0pt minus 2.0pt
* \hoffset=0.0pt
* \voffset=0.0pt
* \mag=1000
* \@twocolumnfalse
* \@twosidefalse
* \@mparswitchfalse
* \@reversemarginfalse
* (1in=72.27pt=25.4mm, 1cm=28.453pt)


(/home/fabio.missagia/texlive/2026/texmf-dist/tex/context/base/mkii/supp-pdf.mk
ii
[Loading MPS to PDF converter (version 2006.09.02).]
\scratchcounter=\count537
\scratchdimen=\dimen362
\scratchbox=\box115
\nofMPsegments=\count538
\nofMParguments=\count539
\everyMPshowfont=\toks56
\MPscratchCnt=\count540
\MPscratchDim=\dimen363
\MPnumerator=\count541
\makeMPintoPDFobject=\count542
\everyMPtoPDFconversion=\toks57
)
(/home/fabio.missagia/texlive/2026/texmf-dist/tex/latex/epstopdf-pkg/epstopdf-b
ase.sty
Package: epstopdf-base 2020-01-24 v2.11 Base part for package epstopdf
Package epstopdf-base Info: Redefining graphics rule for `.eps' on input line 4
85.

(/home/fabio.missagia/texlive/2026/texmf-dist/tex/latex/latexconfig/epstopdf-sy
s.cfg
File: epstopdf-sys.cfg 2010/07/13 v1.3 Configuration of (r)epstopdf for TeX Liv
e
))
Package hyperref Info: Link coloring OFF on input line 113.
 (./slides.out) (./slides.out)
\@outlinefile=\write7
\openout7 = `slides.out'.

LaTeX Font Info:    Overwriting symbol font `operators' in version `normal'
(Font)                  OT1/cmr/m/n --> OT1/cmss/m/n on input line 113.
LaTeX Font Info:    Overwriting symbol font `operators' in version `bold'
(Font)                  OT1/cmr/bx/n --> OT1/cmss/b/n on input line 113.
\symnumbers=\mathgroup6
\sympureletters=\mathgroup7
LaTeX Font Info:    Overwriting math alphabet `\mathrm' in version `normal'
(Font)                  OT1/cmss/m/n --> T1/cmr/m/n on input line 113.
LaTeX Font Info:    Redeclaring math alphabet \mathbf on input line 113.
LaTeX Font Info:    Overwriting math alphabet `\mathbf' in version `normal'
(Font)                  OT1/cmr/bx/n --> T1/cmss/b/n on input line 113.
LaTeX Font Info:    Overwriting math alphabet `\mathbf' in version `bold'
(Font)                  OT1/cmr/bx/n --> T1/cmss/b/n on input line 113.
LaTeX Font Info:    Redeclaring math alphabet \mathsf on input line 113.
LaTeX Font Info:    Overwriting math alphabet `\mathsf' in version `normal'
(Font)                  OT1/cmss/m/n --> T1/cmss/m/n on input line 113.
LaTeX Font Info:    Overwriting math alphabet `\mathsf' in version `bold'
(Font)                  OT1/cmss/bx/n --> T1/cmss/m/n on input line 113.
LaTeX Font Info:    Redeclaring math alphabet \mathit on input line 113.
LaTeX Font Info:    Overwriting math alphabet `\mathit' in version `normal'
(Font)                  OT1/cmr/m/it --> T1/cmss/m/it on input line 113.
LaTeX Font Info:    Overwriting math alphabet `\mathit' in version `bold'
(Font)                  OT1/cmr/bx/it --> T1/cmss/m/it on input line 113.
LaTeX Font Info:    Redeclaring math alphabet \mathtt on input line 113.
LaTeX Font Info:    Overwriting math alphabet `\mathtt' in version `normal'
(Font)                  OT1/cmtt/m/n --> T1/cmtt/m/n on input line 113.
LaTeX Font Info:    Overwriting math alphabet `\mathtt' in version `bold'
(Font)                  OT1/cmtt/m/n --> T1/cmtt/m/n on input line 113.
LaTeX Font Info:    Overwriting symbol font `numbers' in version `bold'
(Font)                  T1/cmss/m/n --> T1/cmss/b/n on input line 113.
LaTeX Font Info:    Overwriting symbol font `pureletters' in version `bold'
(Font)                  T1/cmss/m/it --> T1/cmss/b/it on input line 113.
LaTeX Font Info:    Overwriting math alphabet `\mathrm' in version `bold'
(Font)                  OT1/cmss/b/n --> T1/cmr/b/n on input line 113.
LaTeX Font Info:    Overwriting math alphabet `\mathbf' in version `bold'
(Font)                  T1/cmss/b/n --> T1/cmss/b/n on input line 113.
LaTeX Font Info:    Overwriting math alphabet `\mathsf' in version `bold'
(Font)                  T1/cmss/m/n --> T1/cmss/b/n on input line 113.
LaTeX Font Info:    Overwriting math alphabet `\mathit' in version `bold'
(Font)                  T1/cmss/m/it --> T1/cmss/b/it on input line 113.
LaTeX Font Info:    Overwriting math alphabet `\mathtt' in version `bold'
(Font)                  T1/cmtt/m/n --> T1/cmtt/b/n on input line 113.

(/home/fabio.missagia/texlive/2026/texmf-dist/tex/latex/translator/translator-b
asic-dictionary-English.dict
Dictionary: translator-basic-dictionary, Language: English 
)
(/home/fabio.missagia/texlive/2026/texmf-dist/tex/latex/translator/translator-b
ibliography-dictionary-English.dict
Dictionary: translator-bibliography-dictionary, Language: English 
)
(/home/fabio.missagia/texlive/2026/texmf-dist/tex/latex/translator/translator-e
nvironment-dictionary-English.dict
Dictionary: translator-environment-dictionary, Language: English 
)
(/home/fabio.missagia/texlive/2026/texmf-dist/tex/latex/translator/translator-m
onths-dictionary-English.dict
Dictionary: translator-months-dictionary, Language: English 
)
(/home/fabio.missagia/texlive/2026/texmf-dist/tex/latex/translator/translator-n
umbers-dictionary-English.dict
Dictionary: translator-numbers-dictionary, Language: English 
)
(/home/fabio.missagia/texlive/2026/texmf-dist/tex/latex/translator/translator-t
heorem-dictionary-English.dict
Dictionary: translator-theorem-dictionary, Language: English 
)
Package biblatex Info: Trying to load language 'english'...
Package biblatex Info: ... file 'english.lbx' found.

(/home/fabio.missagia/texlive/2026/texmf-dist/tex/latex/biblatex/lbx/english.lb
x
File: english.lbx 2026/08/13 v3.22 biblatex localization (PK/MW)
)
Package biblatex Info: Input encoding 'utf8' detected.
Package biblatex Info: Automatic encoding selection.
(biblatex)             Assuming data encoding 'utf8'.
Package biblatex Info: Input encoding 'utf8' detected.
Package biblatex Info: Data encoding 'utf8' specified.
(biblatex)             No need to reencode data.
\openout6 = `slides-blx.bib'.

Package biblatex Info: Trying to load bibliographic data...
Package biblatex Info: ... file 'slides.bbl' not found.

No file slides.bbl.
Package biblatex Info: Reference section=0 on input line 113.
Package biblatex Info: Reference segment=0 on input line 113.
Package caption Info: Begin \AtBeginDocument code.
Package caption Info: End \AtBeginDocument code.
(./slides.nav)
LaTeX Font Info:    Trying to load font information for U+msa on input line 113
.

(/home/fabio.missagia/texlive/2026/texmf-dist/tex/latex/amsfonts/umsa.fd
File: umsa.fd 2013/01/14 v3.01 AMS symbols A
)
LaTeX Font Info:    Trying to load font information for U+msb on input line 113
.

(/home/fabio.missagia/texlive/2026/texmf-dist/tex/latex/amsfonts/umsb.fd
File: umsb.fd 2013/01/14 v3.01 AMS symbols B
)
<images/logo.png, id=13, 1540.75626pt x 477.785pt>
File: images/logo.png Graphic file (type png)
<use images/logo.png>
Package pdftex.def Info: images/logo.png  used on input line 115.
(pdftex.def)             Requested size: 91.73608pt x 28.45274pt.
<images/hicrest.png, id=15, 320.397pt x 66.2475pt>
File: images/hicrest.png Graphic file (type png)
<use images/hicrest.png>
Package pdftex.def Info: images/hicrest.png  used on input line 115.
(pdftex.def)             Requested size: 137.60669pt x 28.45274pt.

Overfull \vbox (50.21278pt too high) detected at line 115
 []

[1

{/home/fabio.missagia/texlive/2026/texmf-var/fonts/map/pdftex/updmap/pdftex.map
}{/home/fabio.missagia/texlive/2026/texmf-dist/fonts/enc/dvips/cm-super/cm-supe
r-t1.enc} <./images/logo.png> <./images/hicrest.png>] [2

]
Overfull \vbox (0.49722pt too high) detected at line 172
 []

[3

]
Overfull \vbox (5.52226pt too high) detected at line 204
 []

[4

{/home/fabio.missagia/texlive/2026/texmf-dist/fonts/enc/dvips/cm-super/cm-super
-ts1.enc}] [5

] [6

]
Overfull \vbox (7.16182pt too high) detected at line 292
 []

[7

]
Overfull \vbox (12.69392pt too high) detected at line 327
 []

[8

]
<images/chain_latency.png, id=81, 578.16pt x 325.215pt>
File: images/chain_latency.png Graphic file (type png)
<use images/chain_latency.png>
Package pdftex.def Info: images/chain_latency.png  used on input line 343.
(pdftex.def)             Requested size: 278.83578pt x 156.84082pt.

Overfull \vbox (19.34888pt too high) detected at line 343
 []

[9

 <./images/chain_latency.png>]
<images/dsmem-distance.png, id=88, 939.51pt x 195.129pt>
File: images/dsmem-distance.png Graphic file (type png)
<use images/dsmem-distance.png>
Package pdftex.def Info: images/dsmem-distance.png  used on input line 366.
(pdftex.def)             Requested size: 398.3386pt x 82.73071pt.
 [10

 <./images/dsmem-distance.png>]
<images/stride-smem.png, id=96, 542.025pt x 325.215pt>
File: images/stride-smem.png Graphic file (type png)
<use images/stride-smem.png>
Package pdftex.def Info: images/stride-smem.png  used on input line 393.
(pdftex.def)             Requested size: 136.63106pt x 81.97842pt.
<images/stride-dsmem-c2-d1.png, id=97, 542.025pt x 325.215pt>
File: images/stride-dsmem-c2-d1.png Graphic file (type png)
<use images/stride-dsmem-c2-d1.png>
Package pdftex.def Info: images/stride-dsmem-c2-d1.png  used on input line 393.

(pdftex.def)             Requested size: 136.63106pt x 81.97842pt.
<images/stride-l2.png, id=98, 542.025pt x 325.215pt>
File: images/stride-l2.png Graphic file (type png)
<use images/stride-l2.png>
Package pdftex.def Info: images/stride-l2.png  used on input line 393.
(pdftex.def)             Requested size: 136.63106pt x 81.97842pt.
<images/stride-dram.png, id=99, 542.025pt x 325.215pt>
File: images/stride-dram.png Graphic file (type png)
<use images/stride-dram.png>
Package pdftex.def Info: images/stride-dram.png  used on input line 393.
(pdftex.def)             Requested size: 136.63106pt x 81.97842pt.
 [11

 <./images/stride-smem.png> <./images/stride-dsmem-c2-d1.png> <./images/stride-
l2.png> <./images/stride-dram.png>] [12

]
Overfull \vbox (2.72116pt too high) detected at line 456
 []

[13

]
<images/loaded_latency.png, id=125, 794.97pt x 310.761pt>
File: images/loaded_latency.png Graphic file (type png)
<use images/loaded_latency.png>
Package pdftex.def Info: images/loaded_latency.png  used on input line 478.
(pdftex.def)             Requested size: 394.35739pt x 154.16147pt.
 [14

 <./images/loaded_latency.png>] [15

]
\tf@nav=\write8
\openout8 = `slides.nav'.

\tf@toc=\write9
\openout9 = `slides.toc'.

\tf@snm=\write10
\openout10 = `slides.snm'.



Package caption Warning: Unused \captionsetup[sub] on input line 18.
See the caption package documentation for explanation.

runsystem(latexminted cleantemp  --timestamp 20260921095800 F4D5C52946E476C66DF
C36433C82AA78)...executed safely (allowed).

(./slides.aux)
 ***********
LaTeX2e <2026-06-01>
L3 programming layer <2026-08-10>
 ***********
Package rerunfilecheck Info: File `slides.out' has not changed.
(rerunfilecheck)             Checksum: D41D8CD98F00B204E9800998ECF8427E;0.
Package logreq Info: Writing requests to 'slides.run.xml'.
\openout1 = `slides.run.xml'.

 ) 
Here is how much of TeX's memory you used:
 41984 strings out of 468580
 902664 string characters out of 5443027
 1614564 words of memory out of 5000000
 70392 multiletter control sequences out of 15000+600000
 659119 words of font info for 108 fonts, out of 8000000 for 9000
 319 hyphenation exceptions out of 8191
 102i,13n,123p,1876b,803s stack positions out of 10000i,1000n,20000p,200000b,200000s
</home/fabio.missagia/texlive/2026/texmf-dist/fonts/type1/public/amsfonts/cm/
cmmi5.pfb></home/fabio.missagia/texlive/2026/texmf-dist/fonts/type1/public/amsf
onts/cm/cmmi6.pfb></home/fabio.missagia/texlive/2026/texmf-dist/fonts/type1/pub
lic/amsfonts/cm/cmmi8.pfb></home/fabio.missagia/texlive/2026/texmf-dist/fonts/t
ype1/public/amsfonts/cm/cmmi9.pfb></home/fabio.missagia/texlive/2026/texmf-dist
/fonts/type1/public/amsfonts/cm/cmss8.pfb></home/fabio.missagia/texlive/2026/te
xmf-dist/fonts/type1/public/amsfonts/cm/cmss9.pfb></home/fabio.missagia/texlive
/2026/texmf-dist/fonts/type1/public/amsfonts/cm/cmsy10.pfb></home/fabio.missagi
a/texlive/2026/texmf-dist/fonts/type1/public/amsfonts/cm/cmsy8.pfb></home/fabio
.missagia/texlive/2026/texmf-dist/fonts/type1/public/amsfonts/cm/cmsy9.pfb></ho
me/fabio.missagia/texlive/2026/texmf-dist/fonts/type1/public/cm-super/sfrm0800.
pfb></home/fabio.missagia/texlive/2026/texmf-dist/fonts/type1/public/cm-super/s
fsi0800.pfb></home/fabio.missagia/texlive/2026/texmf-dist/fonts/type1/public/cm
-super/sfsi0900.pfb></home/fabio.missagia/texlive/2026/texmf-dist/fonts/type1/p
ublic/cm-super/sfsi1000.pfb></home/fabio.missagia/texlive/2026/texmf-dist/fonts
/type1/public/cm-super/sfss0600.pfb></home/fabio.missagia/texlive/2026/texmf-di
st/fonts/type1/public/cm-super/sfss0800.pfb></home/fabio.missagia/texlive/2026/
texmf-dist/fonts/type1/public/cm-super/sfss0900.pfb></home/fabio.missagia/texli
ve/2026/texmf-dist/fonts/type1/public/cm-super/sfss1000.pfb></home/fabio.missag
ia/texlive/2026/texmf-dist/fonts/type1/public/cm-super/sfsx0800.pfb></home/fabi
o.missagia/texlive/2026/texmf-dist/fonts/type1/public/cm-super/sfsx0900.pfb></h
ome/fabio.missagia/texlive/2026/texmf-dist/fonts/type1/public/cm-super/sfsx1000
.pfb></home/fabio.missagia/texlive/2026/texmf-dist/fonts/type1/public/cm-super/
sfsx1200.pfb></home/fabio.missagia/texlive/2026/texmf-dist/fonts/type1/public/c
m-super/sfsx1440.pfb></home/fabio.missagia/texlive/2026/texmf-dist/fonts/type1/
public/cm-super/sftt0800.pfb></home/fabio.missagia/texlive/2026/texmf-dist/font
s/type1/public/cm-super/sftt0900.pfb></home/fabio.missagia/texlive/2026/texmf-d
ist/fonts/type1/public/cm-super/sftt1000.pfb>
Output written on slides.pdf (15 pages, 952188 bytes).
PDF statistics:
 255 PDF objects out of 1000 (max. 8388607)
 160 compressed objects within 2 object streams
 31 named destinations out of 1000 (max. 500000)
 88 words of extra memory for PDF output out of 10000 (max. 10000000)

