# command: ./latency-many-threads --target remote --requesters 2 --chasers 256 --reps 11 --steps 16384
# gpu: NVIDIA GB10
# compute_capability: 12.1
# sm_count: 48
# l2_bytes: 25165824
# sm_clock_max_khz: 2418000
# driver_version: 13000
# runtime_version: 13000
# seed: 42
# reps: 11
# steps: 16384
# warmup: 1
# buffer_elems: 4096
# stride_bytes: 0
# cycle_length: 4096
# chasers: 256
# requesters: 2
# target: remote
# bank_aligned: 1
# warps_per_requester: 8
benchmark,cluster_size,distance,mapped,block_size,steps,buffer_bytes,stride_bytes,seed,rep,cycles,ns,cycles_per_load,ns_per_load,ghz,chasers,warp
dsmem_loaded,3,0,1,256,16384,0,0,42,0,112418426,46747136,6861.4762,2853.2188,2.4048,256,0
dsmem_loaded,3,0,1,256,16384,0,0,42,0,112418426,46747168,6861.4762,2853.2207,2.4048,256,1
dsmem_loaded,3,0,1,256,16384,0,0,42,0,112418426,46747136,6861.4762,2853.2188,2.4048,256,2
dsmem_loaded,3,0,1,256,16384,0,0,42,0,112418426,46747168,6861.4762,2853.2207,2.4048,256,3
dsmem_loaded,3,0,1,256,16384,0,0,42,0,112418426,46747136,6861.4762,2853.2188,2.4048,256,4
dsmem_loaded,3,0,1,256,16384,0,0,42,0,112418426,46747136,6861.4762,2853.2188,2.4048,256,5
dsmem_loaded,3,0,1,256,16384,0,0,42,0,112418426,46747136,6861.4762,2853.2188,2.4048,256,6
dsmem_loaded,3,0,1,256,16384,0,0,42,0,112418426,46747136,6861.4762,2853.2188,2.4048,256,7
dsmem_loaded,3,0,1,256,16384,0,0,42,0,112418426,46747136,6861.4762,2853.2188,2.4048,256,8
dsmem_loaded,3,0,1,256,16384,0,0,42,0,112418426,46747104,6861.4762,2853.2168,2.4048,256,9
dsmem_loaded,3,0,1,256,16384,0,0,42,0,112418426,46747136,6861.4762,2853.2188,2.4048,256,10
dsmem_loaded,3,0,1,256,16384,0,0,42,0,112418426,46747136,6861.4762,2853.2188,2.4048,256,11
dsmem_loaded,3,0,1,256,16384,0,0,42,0,112418426,46747136,6861.4762,2853.2188,2.4048,256,12
dsmem_loaded,3,0,1,256,16384,0,0,42,0,112418426,46747136,6861.4762,2853.2188,2.4048,256,13
dsmem_loaded,3,0,1,256,16384,0,0,42,0,112418426,46747136,6861.4762,2853.2188,2.4048,256,14
dsmem_loaded,3,0,1,256,16384,0,0,42,0,112418426,46747168,6861.4762,2853.2207,2.4048,256,15
dsmem_loaded,3,0,1,256,16384,0,0,42,1,112423162,46748224,6861.7653,2853.2852,2.4049,256,0
dsmem_loaded,3,0,1,256,16384,0,0,42,1,112423162,46748256,6861.7653,2853.2871,2.4049,256,1
dsmem_loaded,3,0,1,256,16384,0,0,42,1,112423162,46748256,6861.7653,2853.2871,2.4049,256,2
dsmem_loaded,3,0,1,256,16384,0,0,42,1,112423162,46748224,6861.7653,2853.2852,2.4049,256,3
dsmem_loaded,3,0,1,256,16384,0,0,42,1,112423162,46748256,6861.7653,2853.2871,2.4049,256,4
dsmem_loaded,3,0,1,256,16384,0,0,42,1,112423162,46748256,6861.7653,2853.2871,2.4049,256,5
dsmem_loaded,3,0,1,256,16384,0,0,42,1,112423162,46748256,6861.7653,2853.2871,2.4049,256,6
dsmem_loaded,3,0,1,256,16384,0,0,42,1,112423162,46748256,6861.7653,2853.2871,2.4049,256,7
dsmem_loaded,3,0,1,256,16384,0,0,42,1,112423162,46748256,6861.7653,2853.2871,2.4049,256,8
dsmem_loaded,3,0,1,256,16384,0,0,42,1,112423162,46748224,6861.7653,2853.2852,2.4049,256,9
dsmem_loaded,3,0,1,256,16384,0,0,42,1,112423162,46748256,6861.7653,2853.2871,2.4049,256,10
dsmem_loaded,3,0,1,256,16384,0,0,42,1,112423162,46748224,6861.7653,2853.2852,2.4049,256,11
dsmem_loaded,3,0,1,256,16384,0,0,42,1,112423162,46748256,6861.7653,2853.2871,2.4049,256,12
dsmem_loaded,3,0,1,256,16384,0,0,42,1,112423162,46748256,6861.7653,2853.2871,2.4049,256,13
dsmem_loaded,3,0,1,256,16384,0,0,42,1,112423162,46748256,6861.7653,2853.2871,2.4049,256,14
dsmem_loaded,3,0,1,256,16384,0,0,42,1,112423162,46748256,6861.7653,2853.2871,2.4049,256,15
dsmem_loaded,3,0,1,256,16384,0,0,42,2,112423162,46748320,6861.7653,2853.2910,2.4049,256,0
dsmem_loaded,3,0,1,256,16384,0,0,42,2,112423162,46748288,6861.7653,2853.2891,2.4049,256,1
dsmem_loaded,3,0,1,256,16384,0,0,42,2,112423162,46748288,6861.7653,2853.2891,2.4049,256,2
dsmem_loaded,3,0,1,256,16384,0,0,42,2,112423162,46748288,6861.7653,2853.2891,2.4049,256,3
dsmem_loaded,3,0,1,256,16384,0,0,42,2,112423162,46748288,6861.7653,2853.2891,2.4049,256,4
dsmem_loaded,3,0,1,256,16384,0,0,42,2,112423162,46748320,6861.7653,2853.2910,2.4049,256,5
dsmem_loaded,3,0,1,256,16384,0,0,42,2,112423162,46748288,6861.7653,2853.2891,2.4049,256,6
dsmem_loaded,3,0,1,256,16384,0,0,42,2,112423162,46748288,6861.7653,2853.2891,2.4049,256,7
dsmem_loaded,3,0,1,256,16384,0,0,42,2,112423162,46748288,6861.7653,2853.2891,2.4049,256,8
dsmem_loaded,3,0,1,256,16384,0,0,42,2,112423162,46748288,6861.7653,2853.2891,2.4049,256,9
dsmem_loaded,3,0,1,256,16384,0,0,42,2,112423162,46748288,6861.7653,2853.2891,2.4049,256,10
dsmem_loaded,3,0,1,256,16384,0,0,42,2,112423162,46748288,6861.7653,2853.2891,2.4049,256,11
dsmem_loaded,3,0,1,256,16384,0,0,42,2,112423162,46748288,6861.7653,2853.2891,2.4049,256,12
dsmem_loaded,3,0,1,256,16384,0,0,42,2,112423162,46748288,6861.7653,2853.2891,2.4049,256,13
dsmem_loaded,3,0,1,256,16384,0,0,42,2,112423162,46748288,6861.7653,2853.2891,2.4049,256,14
dsmem_loaded,3,0,1,256,16384,0,0,42,2,112423162,46748288,6861.7653,2853.2891,2.4049,256,15
dsmem_loaded,3,0,1,256,16384,0,0,42,3,112423418,46748480,6861.7809,2853.3008,2.4049,256,0
dsmem_loaded,3,0,1,256,16384,0,0,42,3,112423418,46748480,6861.7809,2853.3008,2.4049,256,1
dsmem_loaded,3,0,1,256,16384,0,0,42,3,112423418,46748480,6861.7809,2853.3008,2.4049,256,2
dsmem_loaded,3,0,1,256,16384,0,0,42,3,112423418,46748480,6861.7809,2853.3008,2.4049,256,3
dsmem_loaded,3,0,1,256,16384,0,0,42,3,112423418,46748480,6861.7809,2853.3008,2.4049,256,4
dsmem_loaded,3,0,1,256,16384,0,0,42,3,112423418,46748480,6861.7809,2853.3008,2.4049,256,5
dsmem_loaded,3,0,1,256,16384,0,0,42,3,112423418,46748480,6861.7809,2853.3008,2.4049,256,6
dsmem_loaded,3,0,1,256,16384,0,0,42,3,112423418,46748480,6861.7809,2853.3008,2.4049,256,7
dsmem_loaded,3,0,1,256,16384,0,0,42,3,112423418,46748480,6861.7809,2853.3008,2.4049,256,8
dsmem_loaded,3,0,1,256,16384,0,0,42,3,112423418,46748448,6861.7809,2853.2988,2.4049,256,9
dsmem_loaded,3,0,1,256,16384,0,0,42,3,112423418,46748480,6861.7809,2853.3008,2.4049,256,10
dsmem_loaded,3,0,1,256,16384,0,0,42,3,112423418,46748480,6861.7809,2853.3008,2.4049,256,11
dsmem_loaded,3,0,1,256,16384,0,0,42,3,112423418,46748480,6861.7809,2853.3008,2.4049,256,12
dsmem_loaded,3,0,1,256,16384,0,0,42,3,112423418,46748480,6861.7809,2853.3008,2.4049,256,13
dsmem_loaded,3,0,1,256,16384,0,0,42,3,112423418,46748480,6861.7809,2853.3008,2.4049,256,14
dsmem_loaded,3,0,1,256,16384,0,0,42,3,112423418,46748480,6861.7809,2853.3008,2.4049,256,15
dsmem_loaded,3,0,1,256,16384,0,0,42,4,112423162,46748256,6861.7653,2853.2871,2.4049,256,0
dsmem_loaded,3,0,1,256,16384,0,0,42,4,112423162,46748288,6861.7653,2853.2891,2.4049,256,1
dsmem_loaded,3,0,1,256,16384,0,0,42,4,112423162,46748288,6861.7653,2853.2891,2.4049,256,2
dsmem_loaded,3,0,1,256,16384,0,0,42,4,112423162,46748256,6861.7653,2853.2871,2.4049,256,3
dsmem_loaded,3,0,1,256,16384,0,0,42,4,112423162,46748288,6861.7653,2853.2891,2.4049,256,4
dsmem_loaded,3,0,1,256,16384,0,0,42,4,112423162,46748256,6861.7653,2853.2871,2.4049,256,5
dsmem_loaded,3,0,1,256,16384,0,0,42,4,112423162,46748256,6861.7653,2853.2871,2.4049,256,6
dsmem_loaded,3,0,1,256,16384,0,0,42,4,112423162,46748288,6861.7653,2853.2891,2.4049,256,7
dsmem_loaded,3,0,1,256,16384,0,0,42,4,112423162,46748256,6861.7653,2853.2871,2.4049,256,8
dsmem_loaded,3,0,1,256,16384,0,0,42,4,112423162,46748256,6861.7653,2853.2871,2.4049,256,9
dsmem_loaded,3,0,1,256,16384,0,0,42,4,112423162,46748288,6861.7653,2853.2891,2.4049,256,10
dsmem_loaded,3,0,1,256,16384,0,0,42,4,112423162,46748256,6861.7653,2853.2871,2.4049,256,11
dsmem_loaded,3,0,1,256,16384,0,0,42,4,112423162,46748288,6861.7653,2853.2891,2.4049,256,12
dsmem_loaded,3,0,1,256,16384,0,0,42,4,112423162,46748288,6861.7653,2853.2891,2.4049,256,13
dsmem_loaded,3,0,1,256,16384,0,0,42,4,112423162,46748256,6861.7653,2853.2871,2.4049,256,14
dsmem_loaded,3,0,1,256,16384,0,0,42,4,112423162,46748256,6861.7653,2853.2871,2.4049,256,15
dsmem_loaded,3,0,1,256,16384,0,0,42,5,112423162,46748224,6861.7653,2853.2852,2.4049,256,0
dsmem_loaded,3,0,1,256,16384,0,0,42,5,112423162,46748256,6861.7653,2853.2871,2.4049,256,1
dsmem_loaded,3,0,1,256,16384,0,0,42,5,112423162,46748224,6861.7653,2853.2852,2.4049,256,2
dsmem_loaded,3,0,1,256,16384,0,0,42,5,112423162,46748256,6861.7653,2853.2871,2.4049,256,3
dsmem_loaded,3,0,1,256,16384,0,0,42,5,112423162,46748224,6861.7653,2853.2852,2.4049,256,4
dsmem_loaded,3,0,1,256,16384,0,0,42,5,112423162,46748224,6861.7653,2853.2852,2.4049,256,5
dsmem_loaded,3,0,1,256,16384,0,0,42,5,112423162,46748256,6861.7653,2853.2871,2.4049,256,6
dsmem_loaded,3,0,1,256,16384,0,0,42,5,112423162,46748224,6861.7653,2853.2852,2.4049,256,7
dsmem_loaded,3,0,1,256,16384,0,0,42,5,112423162,46748224,6861.7653,2853.2852,2.4049,256,8
dsmem_loaded,3,0,1,256,16384,0,0,42,5,112423162,46748256,6861.7653,2853.2871,2.4049,256,9
dsmem_loaded,3,0,1,256,16384,0,0,42,5,112423162,46748256,6861.7653,2853.2871,2.4049,256,10
dsmem_loaded,3,0,1,256,16384,0,0,42,5,112423162,46748224,6861.7653,2853.2852,2.4049,256,11
dsmem_loaded,3,0,1,256,16384,0,0,42,5,112423162,46748256,6861.7653,2853.2871,2.4049,256,12
dsmem_loaded,3,0,1,256,16384,0,0,42,5,112423162,46748224,6861.7653,2853.2852,2.4049,256,13
dsmem_loaded,3,0,1,256,16384,0,0,42,5,112423162,46748256,6861.7653,2853.2871,2.4049,256,14
dsmem_loaded,3,0,1,256,16384,0,0,42,5,112423162,46748256,6861.7653,2853.2871,2.4049,256,15
dsmem_loaded,3,0,1,256,16384,0,0,42,6,112422906,46748128,6861.7496,2853.2793,2.4049,256,0
dsmem_loaded,3,0,1,256,16384,0,0,42,6,112422906,46748128,6861.7496,2853.2793,2.4049,256,1
dsmem_loaded,3,0,1,256,16384,0,0,42,6,112422906,46748128,6861.7496,2853.2793,2.4049,256,2
dsmem_loaded,3,0,1,256,16384,0,0,42,6,112422906,46748128,6861.7496,2853.2793,2.4049,256,3
dsmem_loaded,3,0,1,256,16384,0,0,42,6,112422906,46748128,6861.7496,2853.2793,2.4049,256,4
dsmem_loaded,3,0,1,256,16384,0,0,42,6,112422906,46748128,6861.7496,2853.2793,2.4049,256,5
dsmem_loaded,3,0,1,256,16384,0,0,42,6,112422906,46748096,6861.7496,2853.2773,2.4049,256,6
dsmem_loaded,3,0,1,256,16384,0,0,42,6,112422906,46748128,6861.7496,2853.2793,2.4049,256,7
dsmem_loaded,3,0,1,256,16384,0,0,42,6,112422906,46748128,6861.7496,2853.2793,2.4049,256,8
dsmem_loaded,3,0,1,256,16384,0,0,42,6,112422906,46748160,6861.7496,2853.2812,2.4049,256,9
dsmem_loaded,3,0,1,256,16384,0,0,42,6,112422906,46748128,6861.7496,2853.2793,2.4049,256,10
dsmem_loaded,3,0,1,256,16384,0,0,42,6,112422906,46748128,6861.7496,2853.2793,2.4049,256,11
dsmem_loaded,3,0,1,256,16384,0,0,42,6,112422906,46748128,6861.7496,2853.2793,2.4049,256,12
dsmem_loaded,3,0,1,256,16384,0,0,42,6,112422906,46748128,6861.7496,2853.2793,2.4049,256,13
dsmem_loaded,3,0,1,256,16384,0,0,42,6,112422906,46748128,6861.7496,2853.2793,2.4049,256,14
dsmem_loaded,3,0,1,256,16384,0,0,42,6,112422906,46748096,6861.7496,2853.2773,2.4049,256,15
dsmem_loaded,3,0,1,256,16384,0,0,42,7,112421882,46747648,6861.6871,2853.2500,2.4049,256,0
dsmem_loaded,3,0,1,256,16384,0,0,42,7,112421882,46747680,6861.6871,2853.2520,2.4049,256,1
dsmem_loaded,3,0,1,256,16384,0,0,42,7,112421882,46747648,6861.6871,2853.2500,2.4049,256,2
dsmem_loaded,3,0,1,256,16384,0,0,42,7,112421882,46747648,6861.6871,2853.2500,2.4049,256,3
dsmem_loaded,3,0,1,256,16384,0,0,42,7,112421882,46747648,6861.6871,2853.2500,2.4049,256,4
dsmem_loaded,3,0,1,256,16384,0,0,42,7,112421882,46747680,6861.6871,2853.2520,2.4049,256,5
dsmem_loaded,3,0,1,256,16384,0,0,42,7,112421882,46747648,6861.6871,2853.2500,2.4049,256,6
dsmem_loaded,3,0,1,256,16384,0,0,42,7,112421882,46747648,6861.6871,2853.2500,2.4049,256,7
dsmem_loaded,3,0,1,256,16384,0,0,42,7,112421882,46747648,6861.6871,2853.2500,2.4049,256,8
dsmem_loaded,3,0,1,256,16384,0,0,42,7,112421882,46747648,6861.6871,2853.2500,2.4049,256,9
dsmem_loaded,3,0,1,256,16384,0,0,42,7,112421882,46747648,6861.6871,2853.2500,2.4049,256,10
dsmem_loaded,3,0,1,256,16384,0,0,42,7,112421882,46747648,6861.6871,2853.2500,2.4049,256,11
dsmem_loaded,3,0,1,256,16384,0,0,42,7,112421882,46747648,6861.6871,2853.2500,2.4049,256,12
dsmem_loaded,3,0,1,256,16384,0,0,42,7,112421882,46747648,6861.6871,2853.2500,2.4049,256,13
dsmem_loaded,3,0,1,256,16384,0,0,42,7,112421882,46747680,6861.6871,2853.2520,2.4049,256,14
dsmem_loaded,3,0,1,256,16384,0,0,42,7,112421882,46747648,6861.6871,2853.2500,2.4049,256,15
dsmem_loaded,3,0,1,256,16384,0,0,42,8,112423162,46748224,6861.7653,2853.2852,2.4049,256,0
dsmem_loaded,3,0,1,256,16384,0,0,42,8,112423162,46748192,6861.7653,2853.2832,2.4049,256,1
dsmem_loaded,3,0,1,256,16384,0,0,42,8,112423162,46748224,6861.7653,2853.2852,2.4049,256,2
dsmem_loaded,3,0,1,256,16384,0,0,42,8,112423162,46748224,6861.7653,2853.2852,2.4049,256,3
dsmem_loaded,3,0,1,256,16384,0,0,42,8,112423162,46748224,6861.7653,2853.2852,2.4049,256,4
dsmem_loaded,3,0,1,256,16384,0,0,42,8,112423162,46748192,6861.7653,2853.2832,2.4049,256,5
dsmem_loaded,3,0,1,256,16384,0,0,42,8,112423162,46748224,6861.7653,2853.2852,2.4049,256,6
dsmem_loaded,3,0,1,256,16384,0,0,42,8,112423162,46748192,6861.7653,2853.2832,2.4049,256,7
dsmem_loaded,3,0,1,256,16384,0,0,42,8,112423162,46748224,6861.7653,2853.2852,2.4049,256,8
dsmem_loaded,3,0,1,256,16384,0,0,42,8,112423162,46748224,6861.7653,2853.2852,2.4049,256,9
dsmem_loaded,3,0,1,256,16384,0,0,42,8,112423162,46748224,6861.7653,2853.2852,2.4049,256,10
dsmem_loaded,3,0,1,256,16384,0,0,42,8,112423162,46748224,6861.7653,2853.2852,2.4049,256,11
dsmem_loaded,3,0,1,256,16384,0,0,42,8,112423162,46748192,6861.7653,2853.2832,2.4049,256,12
dsmem_loaded,3,0,1,256,16384,0,0,42,8,112423162,46748224,6861.7653,2853.2852,2.4049,256,13
dsmem_loaded,3,0,1,256,16384,0,0,42,8,112423162,46748192,6861.7653,2853.2832,2.4049,256,14
dsmem_loaded,3,0,1,256,16384,0,0,42,8,112423162,46748224,6861.7653,2853.2852,2.4049,256,15
dsmem_loaded,3,0,1,256,16384,0,0,42,9,112420218,46747040,6861.5856,2853.2129,2.4049,256,0
dsmem_loaded,3,0,1,256,16384,0,0,42,9,112420218,46747008,6861.5856,2853.2109,2.4049,256,1
dsmem_loaded,3,0,1,256,16384,0,0,42,9,112420218,46747008,6861.5856,2853.2109,2.4049,256,2
dsmem_loaded,3,0,1,256,16384,0,0,42,9,112420218,46747008,6861.5856,2853.2109,2.4049,256,3
dsmem_loaded,3,0,1,256,16384,0,0,42,9,112420218,46747040,6861.5856,2853.2129,2.4049,256,4
dsmem_loaded,3,0,1,256,16384,0,0,42,9,112420218,46747040,6861.5856,2853.2129,2.4049,256,5
dsmem_loaded,3,0,1,256,16384,0,0,42,9,112420218,46747040,6861.5856,2853.2129,2.4049,256,6
dsmem_loaded,3,0,1,256,16384,0,0,42,9,112420218,46747008,6861.5856,2853.2109,2.4049,256,7
dsmem_loaded,3,0,1,256,16384,0,0,42,9,112420218,46747040,6861.5856,2853.2129,2.4049,256,8
dsmem_loaded,3,0,1,256,16384,0,0,42,9,112420218,46747040,6861.5856,2853.2129,2.4049,256,9
dsmem_loaded,3,0,1,256,16384,0,0,42,9,112420218,46747040,6861.5856,2853.2129,2.4049,256,10
dsmem_loaded,3,0,1,256,16384,0,0,42,9,112420218,46747040,6861.5856,2853.2129,2.4049,256,11
dsmem_loaded,3,0,1,256,16384,0,0,42,9,112420218,46747008,6861.5856,2853.2109,2.4049,256,12
dsmem_loaded,3,0,1,256,16384,0,0,42,9,112420218,46747008,6861.5856,2853.2109,2.4049,256,13
dsmem_loaded,3,0,1,256,16384,0,0,42,9,112420218,46747008,6861.5856,2853.2109,2.4049,256,14
dsmem_loaded,3,0,1,256,16384,0,0,42,9,112420218,46747040,6861.5856,2853.2129,2.4049,256,15
dsmem_loaded,3,0,1,256,16384,0,0,42,10,112423674,46748416,6861.7965,2853.2969,2.4049,256,0
dsmem_loaded,3,0,1,256,16384,0,0,42,10,112423674,46748448,6861.7965,2853.2988,2.4049,256,1
dsmem_loaded,3,0,1,256,16384,0,0,42,10,112423674,46748448,6861.7965,2853.2988,2.4049,256,2
dsmem_loaded,3,0,1,256,16384,0,0,42,10,112423674,46748448,6861.7965,2853.2988,2.4049,256,3
dsmem_loaded,3,0,1,256,16384,0,0,42,10,112423674,46748416,6861.7965,2853.2969,2.4049,256,4
dsmem_loaded,3,0,1,256,16384,0,0,42,10,112423674,46748448,6861.7965,2853.2988,2.4049,256,5
dsmem_loaded,3,0,1,256,16384,0,0,42,10,112423674,46748448,6861.7965,2853.2988,2.4049,256,6
dsmem_loaded,3,0,1,256,16384,0,0,42,10,112423674,46748448,6861.7965,2853.2988,2.4049,256,7
dsmem_loaded,3,0,1,256,16384,0,0,42,10,112423674,46748448,6861.7965,2853.2988,2.4049,256,8
dsmem_loaded,3,0,1,256,16384,0,0,42,10,112423674,46748448,6861.7965,2853.2988,2.4049,256,9
dsmem_loaded,3,0,1,256,16384,0,0,42,10,112423674,46748448,6861.7965,2853.2988,2.4049,256,10
dsmem_loaded,3,0,1,256,16384,0,0,42,10,112423674,46748416,6861.7965,2853.2969,2.4049,256,11
dsmem_loaded,3,0,1,256,16384,0,0,42,10,112423674,46748448,6861.7965,2853.2988,2.4049,256,12
dsmem_loaded,3,0,1,256,16384,0,0,42,10,112423674,46748416,6861.7965,2853.2969,2.4049,256,13
dsmem_loaded,3,0,1,256,16384,0,0,42,10,112423674,46748416,6861.7965,2853.2969,2.4049,256,14
dsmem_loaded,3,0,1,256,16384,0,0,42,10,112423674,46748448,6861.7965,2853.2988,2.4049,256,15
