# command: ./l2 --stride random --reps 101 --steps 16384
# gpu: NVIDIA GB10
# compute_capability: 12.1
# sm_count: 48
# l2_bytes: 25165824
# sm_clock_max_khz: 2418000
# driver_version: 13000
# runtime_version: 13000
# seed: 42
# reps: 101
# steps: 16384
# warmup: 1
# buffer_elems: 1572864
# stride_bytes: 0
# cycle_length: 1572864
benchmark,cluster_size,distance,mapped,block_size,steps,buffer_bytes,stride_bytes,seed,rep,cycles,ns,cycles_per_load,ns_per_load,ghz
l2,0,0,0,32,16384,6291456,0,42,0,5568019,2315328,339.8449,141.3164,2.4049
l2,0,0,0,32,16384,6291456,0,42,1,5569104,2315776,339.9111,141.3438,2.4049
l2,0,0,0,32,16384,6291456,0,42,2,5572526,2317184,340.1200,141.4297,2.4049
l2,0,0,0,32,16384,6291456,0,42,3,5574495,2318016,340.2402,141.4805,2.4049
l2,0,0,0,32,16384,6291456,0,42,4,5573120,2317440,340.1562,141.4453,2.4049
l2,0,0,0,32,16384,6291456,0,42,5,5569785,2316032,339.9527,141.3594,2.4049
l2,0,0,0,32,16384,6291456,0,42,6,5573037,2317344,340.1512,141.4395,2.4049
l2,0,0,0,32,16384,6291456,0,42,7,5571759,2316864,340.0732,141.4102,2.4049
l2,0,0,0,32,16384,6291456,0,42,8,5571424,2316704,340.0527,141.4004,2.4049
l2,0,0,0,32,16384,6291456,0,42,9,5573723,2317664,340.1931,141.4590,2.4049
l2,0,0,0,32,16384,6291456,0,42,10,5576271,2318720,340.3486,141.5234,2.4049
l2,0,0,0,32,16384,6291456,0,42,11,5575314,2318336,340.2902,141.5000,2.4049
l2,0,0,0,32,16384,6291456,0,42,12,5568164,2315392,339.8538,141.3203,2.4048
l2,0,0,0,32,16384,6291456,0,42,13,5571689,2316864,340.0689,141.4102,2.4048
l2,0,0,0,32,16384,6291456,0,42,14,5573810,2317728,340.1984,141.4629,2.4049
l2,0,0,0,32,16384,6291456,0,42,15,5573219,2317472,340.1623,141.4473,2.4049
l2,0,0,0,32,16384,6291456,0,42,16,5572454,2317120,340.1156,141.4258,2.4049
l2,0,0,0,32,16384,6291456,0,42,17,5574425,2317984,340.2359,141.4785,2.4049
l2,0,0,0,32,16384,6291456,0,42,18,5572574,2317184,340.1229,141.4297,2.4049
l2,0,0,0,32,16384,6291456,0,42,19,5574330,2317952,340.2301,141.4766,2.4049
l2,0,0,0,32,16384,6291456,0,42,20,5571250,2316640,340.0421,141.3965,2.4049
l2,0,0,0,32,16384,6291456,0,42,21,5576031,2318624,340.3339,141.5176,2.4049
l2,0,0,0,32,16384,6291456,0,42,22,5570922,2316512,340.0221,141.3887,2.4049
l2,0,0,0,32,16384,6291456,0,42,23,5571713,2316832,340.0704,141.4082,2.4049
l2,0,0,0,32,16384,6291456,0,42,24,5567395,2315008,339.8068,141.2969,2.4049
l2,0,0,0,32,16384,6291456,0,42,25,5575412,2318368,340.2961,141.5020,2.4049
l2,0,0,0,32,16384,6291456,0,42,26,5574865,2318112,340.2628,141.4863,2.4049
l2,0,0,0,32,16384,6291456,0,42,27,5572430,2317120,340.1141,141.4258,2.4049
l2,0,0,0,32,16384,6291456,0,42,28,5573784,2317696,340.1968,141.4609,2.4049
l2,0,0,0,32,16384,6291456,0,42,29,5571189,2316672,340.0384,141.3984,2.4048
l2,0,0,0,32,16384,6291456,0,42,30,5568646,2315584,339.8832,141.3320,2.4049
l2,0,0,0,32,16384,6291456,0,42,31,5575171,2318304,340.2814,141.4980,2.4048
l2,0,0,0,32,16384,6291456,0,42,32,5572347,2317152,340.1091,141.4277,2.4048
l2,0,0,0,32,16384,6291456,0,42,33,5570894,2316512,340.0204,141.3887,2.4049
l2,0,0,0,32,16384,6291456,0,42,34,5572125,2317024,340.0955,141.4199,2.4049
l2,0,0,0,32,16384,6291456,0,42,35,5571850,2316896,340.0787,141.4121,2.4049
l2,0,0,0,32,16384,6291456,0,42,36,5573865,2317728,340.2017,141.4629,2.4049
l2,0,0,0,32,16384,6291456,0,42,37,5571601,2316768,340.0635,141.4043,2.4049
l2,0,0,0,32,16384,6291456,0,42,38,5573717,2317696,340.1927,141.4609,2.4049
l2,0,0,0,32,16384,6291456,0,42,39,5569262,2315808,339.9208,141.3457,2.4049
l2,0,0,0,32,16384,6291456,0,42,40,5573908,2317760,340.2043,141.4648,2.4049
l2,0,0,0,32,16384,6291456,0,42,41,5575890,2318592,340.3253,141.5156,2.4049
l2,0,0,0,32,16384,6291456,0,42,42,5574682,2318048,340.2516,141.4824,2.4049
l2,0,0,0,32,16384,6291456,0,42,43,5570622,2316416,340.0038,141.3828,2.4048
l2,0,0,0,32,16384,6291456,0,42,44,5567708,2315232,339.8259,141.3105,2.4048
l2,0,0,0,32,16384,6291456,0,42,45,5571155,2316640,340.0363,141.3965,2.4048
l2,0,0,0,32,16384,6291456,0,42,46,5576237,2318752,340.3465,141.5254,2.4048
l2,0,0,0,32,16384,6291456,0,42,47,5576831,2319008,340.3828,141.5410,2.4048
l2,0,0,0,32,16384,6291456,0,42,48,5571055,2316576,340.0302,141.3926,2.4049
l2,0,0,0,32,16384,6291456,0,42,49,5574239,2317888,340.2245,141.4727,2.4049
l2,0,0,0,32,16384,6291456,0,42,50,5572767,2317280,340.1347,141.4355,2.4049
l2,0,0,0,32,16384,6291456,0,42,51,5574089,2317792,340.2154,141.4668,2.4049
l2,0,0,0,32,16384,6291456,0,42,52,5568870,2315648,339.8969,141.3359,2.4049
l2,0,0,0,32,16384,6291456,0,42,53,5570548,2316352,339.9993,141.3789,2.4049
l2,0,0,0,32,16384,6291456,0,42,54,5574488,2317984,340.2397,141.4785,2.4049
l2,0,0,0,32,16384,6291456,0,42,55,5569472,2315904,339.9336,141.3516,2.4049
l2,0,0,0,32,16384,6291456,0,42,56,5576839,2318976,340.3832,141.5391,2.4049
l2,0,0,0,32,16384,6291456,0,42,57,5571000,2316576,340.0269,141.3926,2.4048
l2,0,0,0,32,16384,6291456,0,42,58,5570415,2316288,339.9911,141.3750,2.4049
l2,0,0,0,32,16384,6291456,0,42,59,5573673,2317664,340.1900,141.4590,2.4049
l2,0,0,0,32,16384,6291456,0,42,60,5572722,2317280,340.1320,141.4355,2.4049
l2,0,0,0,32,16384,6291456,0,42,61,5574726,2318080,340.2543,141.4844,2.4049
l2,0,0,0,32,16384,6291456,0,42,62,5567614,2315104,339.8202,141.3027,2.4049
l2,0,0,0,32,16384,6291456,0,42,63,5570745,2316448,340.0113,141.3848,2.4049
l2,0,0,0,32,16384,6291456,0,42,64,5575044,2318240,340.2737,141.4941,2.4049
l2,0,0,0,32,16384,6291456,0,42,65,5573443,2317568,340.1760,141.4531,2.4049
l2,0,0,0,32,16384,6291456,0,42,66,5571037,2316544,340.0291,141.3906,2.4049
l2,0,0,0,32,16384,6291456,0,42,67,5571433,2316736,340.0533,141.4023,2.4049
l2,0,0,0,32,16384,6291456,0,42,68,5572047,2316960,340.0908,141.4160,2.4049
l2,0,0,0,32,16384,6291456,0,42,69,5574886,2318144,340.2640,141.4883,2.4049
l2,0,0,0,32,16384,6291456,0,42,70,5577231,2319136,340.4072,141.5488,2.4049
l2,0,0,0,32,16384,6291456,0,42,71,5572129,2317024,340.0958,141.4199,2.4049
l2,0,0,0,32,16384,6291456,0,42,72,5575180,2318272,340.2820,141.4961,2.4049
l2,0,0,0,32,16384,6291456,0,42,73,5569470,2315936,339.9335,141.3535,2.4048
l2,0,0,0,32,16384,6291456,0,42,74,5571329,2316672,340.0469,141.3984,2.4049
l2,0,0,0,32,16384,6291456,0,42,75,5571376,2316704,340.0498,141.4004,2.4049
l2,0,0,0,32,16384,6291456,0,42,76,5573572,2317600,340.1838,141.4551,2.4049
l2,0,0,0,32,16384,6291456,0,42,77,5569453,2315936,339.9324,141.3535,2.4048
l2,0,0,0,32,16384,6291456,0,42,78,5569212,2315808,339.9177,141.3457,2.4049
l2,0,0,0,32,16384,6291456,0,42,79,5572948,2317312,340.1458,141.4375,2.4049
l2,0,0,0,32,16384,6291456,0,42,80,5571049,2316576,340.0298,141.3926,2.4049
l2,0,0,0,32,16384,6291456,0,42,81,5570596,2316352,340.0022,141.3789,2.4049
l2,0,0,0,32,16384,6291456,0,42,82,5569963,2316128,339.9636,141.3652,2.4049
l2,0,0,0,32,16384,6291456,0,42,83,5575333,2318336,340.2913,141.5000,2.4049
l2,0,0,0,32,16384,6291456,0,42,84,5568933,2315712,339.9007,141.3398,2.4048
l2,0,0,0,32,16384,6291456,0,42,85,5573754,2317728,340.1949,141.4629,2.4048
l2,0,0,0,32,16384,6291456,0,42,86,5574092,2317824,340.2156,141.4688,2.4049
l2,0,0,0,32,16384,6291456,0,42,87,5570859,2316512,340.0182,141.3887,2.4048
l2,0,0,0,32,16384,6291456,0,42,88,5572700,2317280,340.1306,141.4355,2.4048
l2,0,0,0,32,16384,6291456,0,42,89,5572235,2317088,340.1022,141.4238,2.4048
l2,0,0,0,32,16384,6291456,0,42,90,5572221,2317216,340.1014,141.4316,2.4047
l2,0,0,0,32,16384,6291456,0,42,91,5576614,2318880,340.3695,141.5332,2.4049
l2,0,0,0,32,16384,6291456,0,42,92,5571575,2316800,340.0620,141.4062,2.4049
l2,0,0,0,32,16384,6291456,0,42,93,5571432,2316736,340.0532,141.4023,2.4049
l2,0,0,0,32,16384,6291456,0,42,94,5573187,2317472,340.1603,141.4473,2.4049
l2,0,0,0,32,16384,6291456,0,42,95,5570269,2316256,339.9822,141.3730,2.4049
l2,0,0,0,32,16384,6291456,0,42,96,5569276,2315840,339.9216,141.3477,2.4049
l2,0,0,0,32,16384,6291456,0,42,97,5570654,2316416,340.0057,141.3828,2.4049
l2,0,0,0,32,16384,6291456,0,42,98,5572775,2317280,340.1352,141.4355,2.4049
l2,0,0,0,32,16384,6291456,0,42,99,5570813,2316480,340.0154,141.3867,2.4049
l2,0,0,0,32,16384,6291456,0,42,100,5579247,2319936,340.5302,141.5977,2.4049
