# command: ./latency-many-threads --target remote --requesters 2 --chasers 1024 --reps 11 --steps 16384
# gpu: NVIDIA GB10
# compute_capability: 12.1
# sm_count: 48
# l2_bytes: 25165824
# sm_clock_max_khz: 2418000
# driver_version: 13000
# runtime_version: 13000
# seed: 42
# reps: 11
# steps: 16384
# warmup: 1
# buffer_elems: 4096
# stride_bytes: 0
# cycle_length: 4096
# chasers: 1024
# requesters: 2
# target: remote
# bank_aligned: 1
# warps_per_requester: 32
benchmark,cluster_size,distance,mapped,block_size,steps,buffer_bytes,stride_bytes,seed,rep,cycles,ns,cycles_per_load,ns_per_load,ghz,chasers,warp
dsmem_loaded,3,0,1,1024,16384,0,0,42,0,450521206,187337664,27497.6322,11434.1836,2.4049,1024,0
dsmem_loaded,3,0,1,1024,16384,0,0,42,0,450525679,187339520,27497.9052,11434.2969,2.4049,1024,1
dsmem_loaded,3,0,1,1024,16384,0,0,42,0,450527055,187340096,27497.9892,11434.3320,2.4049,1024,2
dsmem_loaded,3,0,1,1024,16384,0,0,42,0,450515321,187335200,27497.2730,11434.0332,2.4049,1024,3
dsmem_loaded,3,0,1,1024,16384,0,0,42,0,450535863,187343744,27498.5268,11434.5547,2.4049,1024,4
dsmem_loaded,3,0,1,1024,16384,0,0,42,0,450515832,187335424,27497.3042,11434.0469,2.4049,1024,5
dsmem_loaded,3,0,1,1024,16384,0,0,42,0,450519683,187337024,27497.5392,11434.1445,2.4049,1024,6
dsmem_loaded,3,0,1,1024,16384,0,0,42,0,450530446,187341472,27498.1962,11434.4160,2.4049,1024,7
dsmem_loaded,3,0,1,1024,16384,0,0,42,0,450521066,187337600,27497.6237,11434.1797,2.4049,1024,8
dsmem_loaded,3,0,1,1024,16384,0,0,42,0,450519988,187337152,27497.5579,11434.1523,2.4049,1024,9
dsmem_loaded,3,0,1,1024,16384,0,0,42,0,450518456,187336544,27497.4644,11434.1152,2.4049,1024,10
dsmem_loaded,3,0,1,1024,16384,0,0,42,0,450518767,187336608,27497.4833,11434.1191,2.4049,1024,11
dsmem_loaded,3,0,1,1024,16384,0,0,42,0,450532463,187342304,27498.3193,11434.4668,2.4049,1024,12
dsmem_loaded,3,0,1,1024,16384,0,0,42,0,450520945,187337568,27497.6163,11434.1777,2.4049,1024,13
dsmem_loaded,3,0,1,1024,16384,0,0,42,0,450520842,187337504,27497.6100,11434.1738,2.4049,1024,14
dsmem_loaded,3,0,1,1024,16384,0,0,42,0,450523193,187338464,27497.7535,11434.2324,2.4049,1024,15
dsmem_loaded,3,0,1,1024,16384,0,0,42,0,450519014,187336768,27497.4984,11434.1289,2.4049,1024,16
dsmem_loaded,3,0,1,1024,16384,0,0,42,0,450518475,187336544,27497.4655,11434.1152,2.4049,1024,17
dsmem_loaded,3,0,1,1024,16384,0,0,42,0,450515321,187335200,27497.2730,11434.0332,2.4049,1024,18
dsmem_loaded,3,0,1,1024,16384,0,0,42,0,450515872,187335424,27497.3066,11434.0469,2.4049,1024,19
dsmem_loaded,3,0,1,1024,16384,0,0,42,0,450519010,187336768,27497.4982,11434.1289,2.4049,1024,20
dsmem_loaded,3,0,1,1024,16384,0,0,42,0,450515482,187335264,27497.2828,11434.0371,2.4049,1024,21
dsmem_loaded,3,0,1,1024,16384,0,0,42,0,450515834,187335424,27497.3043,11434.0469,2.4049,1024,22
dsmem_loaded,3,0,1,1024,16384,0,0,42,0,450515829,187335456,27497.3040,11434.0488,2.4049,1024,23
dsmem_loaded,3,0,1,1024,16384,0,0,42,0,450519051,187336768,27497.5007,11434.1289,2.4049,1024,24
dsmem_loaded,3,0,1,1024,16384,0,0,42,0,450515513,187335296,27497.2847,11434.0391,2.4049,1024,25
dsmem_loaded,3,0,1,1024,16384,0,0,42,0,450515606,187335328,27497.2904,11434.0410,2.4049,1024,26
dsmem_loaded,3,0,1,1024,16384,0,0,42,0,450515697,187335360,27497.2960,11434.0430,2.4049,1024,27
dsmem_loaded,3,0,1,1024,16384,0,0,42,0,450515321,187335232,27497.2730,11434.0352,2.4049,1024,28
dsmem_loaded,3,0,1,1024,16384,0,0,42,0,450515321,187335232,27497.2730,11434.0352,2.4049,1024,29
dsmem_loaded,3,0,1,1024,16384,0,0,42,0,450515486,187335264,27497.2831,11434.0371,2.4049,1024,30
dsmem_loaded,3,0,1,1024,16384,0,0,42,0,450515573,187335328,27497.2884,11434.0410,2.4049,1024,31
dsmem_loaded,3,0,1,1024,16384,0,0,42,0,450527610,187340288,27498.0231,11434.3438,2.4049,1024,32
dsmem_loaded,3,0,1,1024,16384,0,0,42,0,450515321,187335200,27497.2730,11434.0332,2.4049,1024,33
dsmem_loaded,3,0,1,1024,16384,0,0,42,0,450534298,187343072,27498.4313,11434.5137,2.4049,1024,34
dsmem_loaded,3,0,1,1024,16384,0,0,42,0,450531763,187342016,27498.2766,11434.4492,2.4049,1024,35
dsmem_loaded,3,0,1,1024,16384,0,0,42,0,450522022,187338016,27497.6820,11434.2051,2.4049,1024,36
dsmem_loaded,3,0,1,1024,16384,0,0,42,0,450526627,187339872,27497.9631,11434.3184,2.4049,1024,37
dsmem_loaded,3,0,1,1024,16384,0,0,42,0,450518302,187336448,27497.4550,11434.1094,2.4049,1024,38
dsmem_loaded,3,0,1,1024,16384,0,0,42,0,450532706,187342432,27498.3341,11434.4746,2.4049,1024,39
dsmem_loaded,3,0,1,1024,16384,0,0,42,0,450519033,187336768,27497.4996,11434.1289,2.4049,1024,40
dsmem_loaded,3,0,1,1024,16384,0,0,42,0,450521512,187337792,27497.6509,11434.1914,2.4049,1024,41
dsmem_loaded,3,0,1,1024,16384,0,0,42,0,450515566,187335328,27497.2880,11434.0410,2.4049,1024,42
dsmem_loaded,3,0,1,1024,16384,0,0,42,0,450515748,187335424,27497.2991,11434.0469,2.4049,1024,43
dsmem_loaded,3,0,1,1024,16384,0,0,42,0,450515321,187335200,27497.2730,11434.0332,2.4049,1024,44
dsmem_loaded,3,0,1,1024,16384,0,0,42,0,450519374,187336928,27497.5204,11434.1387,2.4049,1024,45
dsmem_loaded,3,0,1,1024,16384,0,0,42,0,450520108,187337184,27497.5652,11434.1543,2.4049,1024,46
dsmem_loaded,3,0,1,1024,16384,0,0,42,0,450519096,187336800,27497.5034,11434.1309,2.4049,1024,47
dsmem_loaded,3,0,1,1024,16384,0,0,42,0,450519311,187336864,27497.5165,11434.1348,2.4049,1024,48
dsmem_loaded,3,0,1,1024,16384,0,0,42,0,450519252,187336832,27497.5129,11434.1328,2.4049,1024,49
dsmem_loaded,3,0,1,1024,16384,0,0,42,0,450520049,187337184,27497.5616,11434.1543,2.4049,1024,50
dsmem_loaded,3,0,1,1024,16384,0,0,42,0,450520254,187337280,27497.5741,11434.1602,2.4049,1024,51
dsmem_loaded,3,0,1,1024,16384,0,0,42,0,450518955,187336704,27497.4948,11434.1250,2.4049,1024,52
dsmem_loaded,3,0,1,1024,16384,0,0,42,0,450518885,187336704,27497.4905,11434.1250,2.4049,1024,53
dsmem_loaded,3,0,1,1024,16384,0,0,42,0,450515831,187335424,27497.3041,11434.0469,2.4049,1024,54
dsmem_loaded,3,0,1,1024,16384,0,0,42,0,450515321,187335200,27497.2730,11434.0332,2.4049,1024,55
dsmem_loaded,3,0,1,1024,16384,0,0,42,0,450519108,187336800,27497.5042,11434.1309,2.4049,1024,56
dsmem_loaded,3,0,1,1024,16384,0,0,42,0,450519130,187336800,27497.5055,11434.1309,2.4049,1024,57
dsmem_loaded,3,0,1,1024,16384,0,0,42,0,450515563,187335328,27497.2878,11434.0410,2.4049,1024,58
dsmem_loaded,3,0,1,1024,16384,0,0,42,0,450515677,187335392,27497.2947,11434.0449,2.4049,1024,59
dsmem_loaded,3,0,1,1024,16384,0,0,42,0,450519310,187336864,27497.5165,11434.1348,2.4049,1024,60
dsmem_loaded,3,0,1,1024,16384,0,0,42,0,450519162,187336832,27497.5074,11434.1328,2.4049,1024,61
dsmem_loaded,3,0,1,1024,16384,0,0,42,0,450515321,187335200,27497.2730,11434.0332,2.4049,1024,62
dsmem_loaded,3,0,1,1024,16384,0,0,42,0,450515650,187335360,27497.2931,11434.0430,2.4049,1024,63
dsmem_loaded,3,0,1,1024,16384,0,0,42,1,450539055,187345184,27498.7216,11434.6426,2.4049,1024,0
dsmem_loaded,3,0,1,1024,16384,0,0,42,1,450533826,187343040,27498.4025,11434.5117,2.4049,1024,1
dsmem_loaded,3,0,1,1024,16384,0,0,42,1,450533738,187342976,27498.3971,11434.5078,2.4049,1024,2
dsmem_loaded,3,0,1,1024,16384,0,0,42,1,450538853,187345120,27498.7093,11434.6387,2.4049,1024,3
dsmem_loaded,3,0,1,1024,16384,0,0,42,1,450527227,187340256,27497.9997,11434.3418,2.4049,1024,4
dsmem_loaded,3,0,1,1024,16384,0,0,42,1,450528724,187340896,27498.0911,11434.3809,2.4049,1024,5
dsmem_loaded,3,0,1,1024,16384,0,0,42,1,450528069,187340640,27498.0511,11434.3652,2.4049,1024,6
dsmem_loaded,3,0,1,1024,16384,0,0,42,1,450525438,187339520,27497.8905,11434.2969,2.4049,1024,7
dsmem_loaded,3,0,1,1024,16384,0,0,42,1,450522239,187338208,27497.6953,11434.2168,2.4049,1024,8
dsmem_loaded,3,0,1,1024,16384,0,0,42,1,450523623,187338784,27497.7797,11434.2520,2.4049,1024,9
dsmem_loaded,3,0,1,1024,16384,0,0,42,1,450524071,187338944,27497.8071,11434.2617,2.4049,1024,10
dsmem_loaded,3,0,1,1024,16384,0,0,42,1,450523094,187338560,27497.7474,11434.2383,2.4049,1024,11
dsmem_loaded,3,0,1,1024,16384,0,0,42,1,450519162,187336928,27497.5074,11434.1387,2.4049,1024,12
dsmem_loaded,3,0,1,1024,16384,0,0,42,1,450519162,187336896,27497.5074,11434.1367,2.4049,1024,13
dsmem_loaded,3,0,1,1024,16384,0,0,42,1,450519369,187336960,27497.5201,11434.1406,2.4049,1024,14
dsmem_loaded,3,0,1,1024,16384,0,0,42,1,450519162,187336896,27497.5074,11434.1367,2.4049,1024,15
dsmem_loaded,3,0,1,1024,16384,0,0,42,1,450526474,187339936,27497.9537,11434.3223,2.4049,1024,16
dsmem_loaded,3,0,1,1024,16384,0,0,42,1,450522115,187338144,27497.6877,11434.2129,2.4049,1024,17
dsmem_loaded,3,0,1,1024,16384,0,0,42,1,450524013,187338912,27497.8035,11434.2598,2.4049,1024,18
dsmem_loaded,3,0,1,1024,16384,0,0,42,1,450524050,187338944,27497.8058,11434.2617,2.4049,1024,19
dsmem_loaded,3,0,1,1024,16384,0,0,42,1,450519432,187336992,27497.5239,11434.1426,2.4049,1024,20
dsmem_loaded,3,0,1,1024,16384,0,0,42,1,450526393,187339872,27497.9488,11434.3184,2.4049,1024,21
dsmem_loaded,3,0,1,1024,16384,0,0,42,1,450519162,187336896,27497.5074,11434.1367,2.4049,1024,22
dsmem_loaded,3,0,1,1024,16384,0,0,42,1,450523029,187338528,27497.7435,11434.2363,2.4049,1024,23
dsmem_loaded,3,0,1,1024,16384,0,0,42,1,450519612,187337120,27497.5349,11434.1504,2.4049,1024,24
dsmem_loaded,3,0,1,1024,16384,0,0,42,1,450524010,187338912,27497.8033,11434.2598,2.4049,1024,25
dsmem_loaded,3,0,1,1024,16384,0,0,42,1,450526396,187339904,27497.9490,11434.3203,2.4049,1024,26
dsmem_loaded,3,0,1,1024,16384,0,0,42,1,450522856,187338432,27497.7329,11434.2305,2.4049,1024,27
dsmem_loaded,3,0,1,1024,16384,0,0,42,1,450519567,187337056,27497.5322,11434.1465,2.4049,1024,28
dsmem_loaded,3,0,1,1024,16384,0,0,42,1,450519530,187337056,27497.5299,11434.1465,2.4049,1024,29
dsmem_loaded,3,0,1,1024,16384,0,0,42,1,450519489,187337024,27497.5274,11434.1445,2.4049,1024,30
dsmem_loaded,3,0,1,1024,16384,0,0,42,1,450519612,187337088,27497.5349,11434.1484,2.4049,1024,31
dsmem_loaded,3,0,1,1024,16384,0,0,42,1,450526617,187339968,27497.9625,11434.3242,2.4049,1024,32
dsmem_loaded,3,0,1,1024,16384,0,0,42,1,450523094,187338560,27497.7474,11434.2383,2.4049,1024,33
dsmem_loaded,3,0,1,1024,16384,0,0,42,1,450524050,187338944,27497.8058,11434.2617,2.4049,1024,34
dsmem_loaded,3,0,1,1024,16384,0,0,42,1,450526371,187339904,27497.9474,11434.3203,2.4049,1024,35
dsmem_loaded,3,0,1,1024,16384,0,0,42,1,450526179,187339840,27497.9357,11434.3164,2.4049,1024,36
dsmem_loaded,3,0,1,1024,16384,0,0,42,1,450522848,187338432,27497.7324,11434.2305,2.4049,1024,37
dsmem_loaded,3,0,1,1024,16384,0,0,42,1,450538782,187345056,27498.7050,11434.6348,2.4049,1024,38
dsmem_loaded,3,0,1,1024,16384,0,0,42,1,450539221,187345248,27498.7318,11434.6465,2.4049,1024,39
dsmem_loaded,3,0,1,1024,16384,0,0,42,1,450525422,187339520,27497.8895,11434.2969,2.4049,1024,40
dsmem_loaded,3,0,1,1024,16384,0,0,42,1,450538146,187344832,27498.6661,11434.6211,2.4049,1024,41
dsmem_loaded,3,0,1,1024,16384,0,0,42,1,450525073,187339360,27497.8682,11434.2871,2.4049,1024,42
dsmem_loaded,3,0,1,1024,16384,0,0,42,1,450529025,187341024,27498.1094,11434.3887,2.4049,1024,43
dsmem_loaded,3,0,1,1024,16384,0,0,42,1,450523946,187338944,27497.7994,11434.2617,2.4049,1024,44
dsmem_loaded,3,0,1,1024,16384,0,0,42,1,450530731,187341728,27498.2136,11434.4316,2.4049,1024,45
dsmem_loaded,3,0,1,1024,16384,0,0,42,1,450519162,187336896,27497.5074,11434.1367,2.4049,1024,46
dsmem_loaded,3,0,1,1024,16384,0,0,42,1,450523198,187338592,27497.7538,11434.2402,2.4049,1024,47
dsmem_loaded,3,0,1,1024,16384,0,0,42,1,450524191,187339008,27497.8144,11434.2656,2.4049,1024,48
dsmem_loaded,3,0,1,1024,16384,0,0,42,1,450522159,187338144,27497.6904,11434.2129,2.4049,1024,49
dsmem_loaded,3,0,1,1024,16384,0,0,42,1,450525088,187339360,27497.8691,11434.2871,2.4049,1024,50
dsmem_loaded,3,0,1,1024,16384,0,0,42,1,450519651,187337120,27497.5373,11434.1504,2.4049,1024,51
dsmem_loaded,3,0,1,1024,16384,0,0,42,1,450522182,187338144,27497.6918,11434.2129,2.4049,1024,52
dsmem_loaded,3,0,1,1024,16384,0,0,42,1,450519488,187337056,27497.5273,11434.1465,2.4049,1024,53
dsmem_loaded,3,0,1,1024,16384,0,0,42,1,450526434,187339904,27497.9513,11434.3203,2.4049,1024,54
dsmem_loaded,3,0,1,1024,16384,0,0,42,1,450519427,187336992,27497.5236,11434.1426,2.4049,1024,55
dsmem_loaded,3,0,1,1024,16384,0,0,42,1,450519450,187337024,27497.5250,11434.1445,2.4049,1024,56
dsmem_loaded,3,0,1,1024,16384,0,0,42,1,450519406,187336992,27497.5223,11434.1426,2.4049,1024,57
dsmem_loaded,3,0,1,1024,16384,0,0,42,1,450519510,187337056,27497.5287,11434.1465,2.4049,1024,58
dsmem_loaded,3,0,1,1024,16384,0,0,42,1,450519577,187337056,27497.5328,11434.1465,2.4049,1024,59
dsmem_loaded,3,0,1,1024,16384,0,0,42,1,450519162,187336896,27497.5074,11434.1367,2.4049,1024,60
dsmem_loaded,3,0,1,1024,16384,0,0,42,1,450519161,187336896,27497.5074,11434.1367,2.4049,1024,61
dsmem_loaded,3,0,1,1024,16384,0,0,42,1,450519343,187336960,27497.5185,11434.1406,2.4049,1024,62
dsmem_loaded,3,0,1,1024,16384,0,0,42,1,450519162,187336928,27497.5074,11434.1387,2.4049,1024,63
dsmem_loaded,3,0,1,1024,16384,0,0,42,2,450528348,187341472,27498.0681,11434.4160,2.4049,1024,0
dsmem_loaded,3,0,1,1024,16384,0,0,42,2,450541786,187347072,27498.8883,11434.7578,2.4049,1024,1
dsmem_loaded,3,0,1,1024,16384,0,0,42,2,450523079,187339264,27497.7465,11434.2812,2.4049,1024,2
dsmem_loaded,3,0,1,1024,16384,0,0,42,2,450536510,187344864,27498.5663,11434.6230,2.4049,1024,3
dsmem_loaded,3,0,1,1024,16384,0,0,42,2,450534854,187344160,27498.4652,11434.5801,2.4049,1024,4
dsmem_loaded,3,0,1,1024,16384,0,0,42,2,450530487,187342368,27498.1987,11434.4707,2.4049,1024,5
dsmem_loaded,3,0,1,1024,16384,0,0,42,2,450533836,187343744,27498.4031,11434.5547,2.4049,1024,6
dsmem_loaded,3,0,1,1024,16384,0,0,42,2,450527059,187340928,27497.9894,11434.3828,2.4049,1024,7
dsmem_loaded,3,0,1,1024,16384,0,0,42,2,450533148,187343456,27498.3611,11434.5371,2.4049,1024,8
dsmem_loaded,3,0,1,1024,16384,0,0,42,2,450527893,187341280,27498.0403,11434.4043,2.4049,1024,9
dsmem_loaded,3,0,1,1024,16384,0,0,42,2,450542461,187347360,27498.9295,11434.7754,2.4049,1024,10
dsmem_loaded,3,0,1,1024,16384,0,0,42,2,450527043,187340928,27497.9885,11434.3828,2.4049,1024,11
dsmem_loaded,3,0,1,1024,16384,0,0,42,2,450528156,187341376,27498.0564,11434.4102,2.4049,1024,12
dsmem_loaded,3,0,1,1024,16384,0,0,42,2,450522671,187339072,27497.7216,11434.2695,2.4049,1024,13
dsmem_loaded,3,0,1,1024,16384,0,0,42,2,450526233,187340576,27497.9390,11434.3613,2.4049,1024,14
dsmem_loaded,3,0,1,1024,16384,0,0,42,2,450522489,187339040,27497.7105,11434.2676,2.4049,1024,15
dsmem_loaded,3,0,1,1024,16384,0,0,42,2,450526422,187340672,27497.9506,11434.3672,2.4049,1024,16
dsmem_loaded,3,0,1,1024,16384,0,0,42,2,450525506,187340256,27497.8947,11434.3418,2.4049,1024,17
dsmem_loaded,3,0,1,1024,16384,0,0,42,2,450526299,187340608,27497.9431,11434.3633,2.4049,1024,18
dsmem_loaded,3,0,1,1024,16384,0,0,42,2,450527093,187340928,27497.9915,11434.3828,2.4049,1024,19
dsmem_loaded,3,0,1,1024,16384,0,0,42,2,450529816,187342080,27498.1577,11434.4531,2.4049,1024,20
dsmem_loaded,3,0,1,1024,16384,0,0,42,2,450522489,187339040,27497.7105,11434.2676,2.4049,1024,21
dsmem_loaded,3,0,1,1024,16384,0,0,42,2,450522572,187339040,27497.7156,11434.2676,2.4049,1024,22
dsmem_loaded,3,0,1,1024,16384,0,0,42,2,450525585,187340320,27497.8995,11434.3457,2.4049,1024,23
dsmem_loaded,3,0,1,1024,16384,0,0,42,2,450522939,187339200,27497.7380,11434.2773,2.4049,1024,24
dsmem_loaded,3,0,1,1024,16384,0,0,42,2,450523124,187339264,27497.7493,11434.2812,2.4049,1024,25
dsmem_loaded,3,0,1,1024,16384,0,0,42,2,450522697,187339104,27497.7232,11434.2715,2.4049,1024,26
dsmem_loaded,3,0,1,1024,16384,0,0,42,2,450523226,187339328,27497.7555,11434.2852,2.4049,1024,27
dsmem_loaded,3,0,1,1024,16384,0,0,42,2,450522490,187339040,27497.7106,11434.2676,2.4049,1024,28
dsmem_loaded,3,0,1,1024,16384,0,0,42,2,450522610,187339072,27497.7179,11434.2695,2.4049,1024,29
dsmem_loaded,3,0,1,1024,16384,0,0,42,2,450522489,187339040,27497.7105,11434.2676,2.4049,1024,30
dsmem_loaded,3,0,1,1024,16384,0,0,42,2,450522783,187339136,27497.7285,11434.2734,2.4049,1024,31
dsmem_loaded,3,0,1,1024,16384,0,0,42,2,450542766,187347488,27498.9481,11434.7832,2.4049,1024,32
dsmem_loaded,3,0,1,1024,16384,0,0,42,2,450525724,187340384,27497.9080,11434.3496,2.4049,1024,33
dsmem_loaded,3,0,1,1024,16384,0,0,42,2,450522489,187339008,27497.7105,11434.2656,2.4049,1024,34
dsmem_loaded,3,0,1,1024,16384,0,0,42,2,450522875,187339200,27497.7341,11434.2773,2.4049,1024,35
dsmem_loaded,3,0,1,1024,16384,0,0,42,2,450528659,187341600,27498.0871,11434.4238,2.4049,1024,36
dsmem_loaded,3,0,1,1024,16384,0,0,42,2,450544596,187348224,27499.0598,11434.8281,2.4049,1024,37
dsmem_loaded,3,0,1,1024,16384,0,0,42,2,450540380,187346464,27498.8025,11434.7207,2.4049,1024,38
dsmem_loaded,3,0,1,1024,16384,0,0,42,2,450534438,187344000,27498.4398,11434.5703,2.4049,1024,39
dsmem_loaded,3,0,1,1024,16384,0,0,42,2,450528829,187341664,27498.0975,11434.4277,2.4049,1024,40
dsmem_loaded,3,0,1,1024,16384,0,0,42,2,450530522,187342368,27498.2008,11434.4707,2.4049,1024,41
dsmem_loaded,3,0,1,1024,16384,0,0,42,2,450527012,187340928,27497.9866,11434.3828,2.4049,1024,42
dsmem_loaded,3,0,1,1024,16384,0,0,42,2,450533824,187343712,27498.4023,11434.5527,2.4049,1024,43
dsmem_loaded,3,0,1,1024,16384,0,0,42,2,450522489,187339040,27497.7105,11434.2676,2.4049,1024,44
dsmem_loaded,3,0,1,1024,16384,0,0,42,2,450522756,187339136,27497.7268,11434.2734,2.4049,1024,45
dsmem_loaded,3,0,1,1024,16384,0,0,42,2,450527035,187340896,27497.9880,11434.3809,2.4049,1024,46
dsmem_loaded,3,0,1,1024,16384,0,0,42,2,450530642,187342400,27498.2081,11434.4727,2.4049,1024,47
dsmem_loaded,3,0,1,1024,16384,0,0,42,2,450522818,187339168,27497.7306,11434.2754,2.4049,1024,48
dsmem_loaded,3,0,1,1024,16384,0,0,42,2,450525199,187340160,27497.8759,11434.3359,2.4049,1024,49
dsmem_loaded,3,0,1,1024,16384,0,0,42,2,450527252,187341024,27498.0012,11434.3887,2.4049,1024,50
dsmem_loaded,3,0,1,1024,16384,0,0,42,2,450524834,187340000,27497.8536,11434.3262,2.4049,1024,51
dsmem_loaded,3,0,1,1024,16384,0,0,42,2,450522818,187339168,27497.7306,11434.2754,2.4049,1024,52
dsmem_loaded,3,0,1,1024,16384,0,0,42,2,450522754,187339136,27497.7267,11434.2734,2.4049,1024,53
dsmem_loaded,3,0,1,1024,16384,0,0,42,2,450522760,187339136,27497.7271,11434.2734,2.4049,1024,54
dsmem_loaded,3,0,1,1024,16384,0,0,42,2,450522490,187339040,27497.7106,11434.2676,2.4049,1024,55
dsmem_loaded,3,0,1,1024,16384,0,0,42,2,450522818,187339168,27497.7306,11434.2754,2.4049,1024,56
dsmem_loaded,3,0,1,1024,16384,0,0,42,2,450522655,187339072,27497.7206,11434.2695,2.4049,1024,57
dsmem_loaded,3,0,1,1024,16384,0,0,42,2,450522617,187339072,27497.7183,11434.2695,2.4049,1024,58
dsmem_loaded,3,0,1,1024,16384,0,0,42,2,450522943,187339200,27497.7382,11434.2773,2.4049,1024,59
dsmem_loaded,3,0,1,1024,16384,0,0,42,2,450522819,187339168,27497.7307,11434.2754,2.4049,1024,60
dsmem_loaded,3,0,1,1024,16384,0,0,42,2,450522489,187339008,27497.7105,11434.2656,2.4049,1024,61
dsmem_loaded,3,0,1,1024,16384,0,0,42,2,450522636,187339104,27497.7195,11434.2715,2.4049,1024,62
dsmem_loaded,3,0,1,1024,16384,0,0,42,2,450522940,187339200,27497.7380,11434.2773,2.4049,1024,63
dsmem_loaded,3,0,1,1024,16384,0,0,42,3,451010414,187541504,27527.4911,11446.6250,2.4049,1024,0
dsmem_loaded,3,0,1,1024,16384,0,0,42,3,451005180,187539328,27527.1716,11446.4922,2.4049,1024,1
dsmem_loaded,3,0,1,1024,16384,0,0,42,3,451021334,187545984,27528.1576,11446.8984,2.4049,1024,2
dsmem_loaded,3,0,1,1024,16384,0,0,42,3,451012418,187542304,27527.6134,11446.6738,2.4049,1024,3
dsmem_loaded,3,0,1,1024,16384,0,0,42,3,450987862,187532096,27526.1146,11446.0508,2.4049,1024,4
dsmem_loaded,3,0,1,1024,16384,0,0,42,3,451013314,187542656,27527.6681,11446.6953,2.4049,1024,5
dsmem_loaded,3,0,1,1024,16384,0,0,42,3,451012439,187542304,27527.6147,11446.6738,2.4049,1024,6
dsmem_loaded,3,0,1,1024,16384,0,0,42,3,451009568,187541088,27527.4395,11446.5996,2.4049,1024,7
dsmem_loaded,3,0,1,1024,16384,0,0,42,3,451016305,187543904,27527.8506,11446.7715,2.4049,1024,8
dsmem_loaded,3,0,1,1024,16384,0,0,42,3,451015229,187543456,27527.7850,11446.7441,2.4049,1024,9
dsmem_loaded,3,0,1,1024,16384,0,0,42,3,451015607,187543648,27527.8080,11446.7559,2.4049,1024,10
dsmem_loaded,3,0,1,1024,16384,0,0,42,3,451012685,187542432,27527.6297,11446.6816,2.4049,1024,11
dsmem_loaded,3,0,1,1024,16384,0,0,42,3,451018747,187544928,27527.9997,11446.8340,2.4049,1024,12
dsmem_loaded,3,0,1,1024,16384,0,0,42,3,450998818,187536640,27526.7833,11446.3281,2.4049,1024,13
dsmem_loaded,3,0,1,1024,16384,0,0,42,3,450994743,187534976,27526.5346,11446.2266,2.4049,1024,14
dsmem_loaded,3,0,1,1024,16384,0,0,42,3,451004088,187538816,27527.1050,11446.4609,2.4049,1024,15
dsmem_loaded,3,0,1,1024,16384,0,0,42,3,450984722,187530784,27525.9230,11445.9707,2.4049,1024,16
dsmem_loaded,3,0,1,1024,16384,0,0,42,3,450975188,187526816,27525.3411,11445.7285,2.4049,1024,17
dsmem_loaded,3,0,1,1024,16384,0,0,42,3,450989877,187532960,27526.2376,11446.1035,2.4049,1024,18
dsmem_loaded,3,0,1,1024,16384,0,0,42,3,450974693,187526624,27525.3109,11445.7168,2.4049,1024,19
dsmem_loaded,3,0,1,1024,16384,0,0,42,3,450987659,187532032,27526.1022,11446.0469,2.4049,1024,20
dsmem_loaded,3,0,1,1024,16384,0,0,42,3,450985637,187531168,27525.9788,11445.9941,2.4049,1024,21
dsmem_loaded,3,0,1,1024,16384,0,0,42,3,450993342,187534368,27526.4491,11446.1895,2.4049,1024,22
dsmem_loaded,3,0,1,1024,16384,0,0,42,3,450988999,187532576,27526.1840,11446.0801,2.4049,1024,23
dsmem_loaded,3,0,1,1024,16384,0,0,42,3,450981082,187529312,27525.7008,11445.8809,2.4049,1024,24
dsmem_loaded,3,0,1,1024,16384,0,0,42,3,450985431,187531104,27525.9662,11445.9902,2.4049,1024,25
dsmem_loaded,3,0,1,1024,16384,0,0,42,3,450993338,187534368,27526.4489,11446.1895,2.4049,1024,26
dsmem_loaded,3,0,1,1024,16384,0,0,42,3,450995871,187535456,27526.6035,11446.2559,2.4049,1024,27
dsmem_loaded,3,0,1,1024,16384,0,0,42,3,450988322,187532288,27526.1427,11446.0625,2.4049,1024,28
dsmem_loaded,3,0,1,1024,16384,0,0,42,3,450981663,187529536,27525.7363,11445.8945,2.4049,1024,29
dsmem_loaded,3,0,1,1024,16384,0,0,42,3,450982601,187529920,27525.7935,11445.9180,2.4049,1024,30
dsmem_loaded,3,0,1,1024,16384,0,0,42,3,451012129,187542208,27527.5958,11446.6680,2.4049,1024,31
dsmem_loaded,3,0,1,1024,16384,0,0,42,3,451009878,187541248,27527.4584,11446.6094,2.4049,1024,32
dsmem_loaded,3,0,1,1024,16384,0,0,42,3,450990282,187533120,27526.2623,11446.1133,2.4049,1024,33
dsmem_loaded,3,0,1,1024,16384,0,0,42,3,451008871,187540832,27527.3969,11446.5840,2.4049,1024,34
dsmem_loaded,3,0,1,1024,16384,0,0,42,3,450989800,187532928,27526.2329,11446.1016,2.4049,1024,35
dsmem_loaded,3,0,1,1024,16384,0,0,42,3,451004349,187538912,27527.1209,11446.4668,2.4049,1024,36
dsmem_loaded,3,0,1,1024,16384,0,0,42,3,451002724,187538272,27527.0217,11446.4277,2.4049,1024,37
dsmem_loaded,3,0,1,1024,16384,0,0,42,3,451000720,187537440,27526.8994,11446.3770,2.4049,1024,38
dsmem_loaded,3,0,1,1024,16384,0,0,42,3,450987416,187531904,27526.0874,11446.0391,2.4049,1024,39
dsmem_loaded,3,0,1,1024,16384,0,0,42,3,450975592,187527008,27525.3657,11445.7402,2.4049,1024,40
dsmem_loaded,3,0,1,1024,16384,0,0,42,3,451007288,187540160,27527.3003,11446.5430,2.4049,1024,41
dsmem_loaded,3,0,1,1024,16384,0,0,42,3,450992776,187534144,27526.4146,11446.1758,2.4049,1024,42
dsmem_loaded,3,0,1,1024,16384,0,0,42,3,451006614,187539872,27527.2592,11446.5254,2.4049,1024,43
dsmem_loaded,3,0,1,1024,16384,0,0,42,3,450971662,187525376,27525.1259,11445.6406,2.4049,1024,44
dsmem_loaded,3,0,1,1024,16384,0,0,42,3,451012928,187542496,27527.6445,11446.6855,2.4049,1024,45
dsmem_loaded,3,0,1,1024,16384,0,0,42,3,451002597,187538208,27527.0140,11446.4238,2.4049,1024,46
dsmem_loaded,3,0,1,1024,16384,0,0,42,3,450996420,187535680,27526.6370,11446.2695,2.4049,1024,47
dsmem_loaded,3,0,1,1024,16384,0,0,42,3,450968523,187524064,27524.9343,11445.5605,2.4049,1024,48
dsmem_loaded,3,0,1,1024,16384,0,0,42,3,450983376,187530240,27525.8408,11445.9375,2.4049,1024,49
dsmem_loaded,3,0,1,1024,16384,0,0,42,3,450972076,187525536,27525.1511,11445.6504,2.4049,1024,50
dsmem_loaded,3,0,1,1024,16384,0,0,42,3,451006144,187539712,27527.2305,11446.5156,2.4049,1024,51
dsmem_loaded,3,0,1,1024,16384,0,0,42,3,451001630,187537856,27526.9550,11446.4023,2.4049,1024,52
dsmem_loaded,3,0,1,1024,16384,0,0,42,3,450985820,187531232,27525.9900,11445.9980,2.4049,1024,53
dsmem_loaded,3,0,1,1024,16384,0,0,42,3,450972230,187525600,27525.1605,11445.6543,2.4049,1024,54
dsmem_loaded,3,0,1,1024,16384,0,0,42,3,450975677,187527040,27525.3709,11445.7422,2.4049,1024,55
dsmem_loaded,3,0,1,1024,16384,0,0,42,3,451002551,187538240,27527.0112,11446.4258,2.4049,1024,56
dsmem_loaded,3,0,1,1024,16384,0,0,42,3,450975259,187526880,27525.3454,11445.7324,2.4049,1024,57
dsmem_loaded,3,0,1,1024,16384,0,0,42,3,450968135,187523904,27524.9106,11445.5508,2.4049,1024,58
dsmem_loaded,3,0,1,1024,16384,0,0,42,3,450968507,187524032,27524.9333,11445.5586,2.4049,1024,59
dsmem_loaded,3,0,1,1024,16384,0,0,42,3,450975155,187526816,27525.3391,11445.7285,2.4049,1024,60
dsmem_loaded,3,0,1,1024,16384,0,0,42,3,450978676,187528288,27525.5540,11445.8184,2.4049,1024,61
dsmem_loaded,3,0,1,1024,16384,0,0,42,3,450971856,187525440,27525.1377,11445.6445,2.4049,1024,62
dsmem_loaded,3,0,1,1024,16384,0,0,42,3,450968115,187523872,27524.9094,11445.5488,2.4049,1024,63
dsmem_loaded,3,0,1,1024,16384,0,0,42,4,450514204,187334784,27497.2048,11434.0078,2.4049,1024,0
dsmem_loaded,3,0,1,1024,16384,0,0,42,4,450502551,187329920,27496.4936,11433.7109,2.4049,1024,1
dsmem_loaded,3,0,1,1024,16384,0,0,42,4,450516689,187335808,27497.3565,11434.0703,2.4049,1024,2
dsmem_loaded,3,0,1,1024,16384,0,0,42,4,450514146,187334752,27497.2013,11434.0059,2.4049,1024,3
dsmem_loaded,3,0,1,1024,16384,0,0,42,4,450509875,187332960,27496.9406,11433.8965,2.4049,1024,4
dsmem_loaded,3,0,1,1024,16384,0,0,42,4,450518486,187336544,27497.4662,11434.1152,2.4049,1024,5
dsmem_loaded,3,0,1,1024,16384,0,0,42,4,450508766,187332512,27496.8729,11433.8691,2.4049,1024,6
dsmem_loaded,3,0,1,1024,16384,0,0,42,4,450515199,187335168,27497.2656,11434.0312,2.4049,1024,7
dsmem_loaded,3,0,1,1024,16384,0,0,42,4,450513407,187334432,27497.1562,11433.9863,2.4049,1024,8
dsmem_loaded,3,0,1,1024,16384,0,0,42,4,450510842,187333376,27496.9996,11433.9219,2.4049,1024,9
dsmem_loaded,3,0,1,1024,16384,0,0,42,4,450518683,187336640,27497.4782,11434.1211,2.4049,1024,10
dsmem_loaded,3,0,1,1024,16384,0,0,42,4,450508929,187332576,27496.8829,11433.8730,2.4049,1024,11
dsmem_loaded,3,0,1,1024,16384,0,0,42,4,450502427,187329920,27496.4860,11433.7109,2.4049,1024,12
dsmem_loaded,3,0,1,1024,16384,0,0,42,4,450511261,187333536,27497.0252,11433.9316,2.4049,1024,13
dsmem_loaded,3,0,1,1024,16384,0,0,42,4,450502564,187329920,27496.4944,11433.7109,2.4049,1024,14
dsmem_loaded,3,0,1,1024,16384,0,0,42,4,450502510,187329888,27496.4911,11433.7090,2.4049,1024,15
dsmem_loaded,3,0,1,1024,16384,0,0,42,4,450502709,187329984,27496.5032,11433.7148,2.4049,1024,16
dsmem_loaded,3,0,1,1024,16384,0,0,42,4,450508189,187332288,27496.8377,11433.8555,2.4049,1024,17
dsmem_loaded,3,0,1,1024,16384,0,0,42,4,450502384,187329888,27496.4834,11433.7090,2.4049,1024,18
dsmem_loaded,3,0,1,1024,16384,0,0,42,4,450502590,187329984,27496.4960,11433.7148,2.4049,1024,19
dsmem_loaded,3,0,1,1024,16384,0,0,42,4,450502530,187329920,27496.4923,11433.7109,2.4049,1024,20
dsmem_loaded,3,0,1,1024,16384,0,0,42,4,450502525,187329920,27496.4920,11433.7109,2.4049,1024,21
dsmem_loaded,3,0,1,1024,16384,0,0,42,4,450502528,187329920,27496.4922,11433.7109,2.4049,1024,22
dsmem_loaded,3,0,1,1024,16384,0,0,42,4,450502464,187329920,27496.4883,11433.7109,2.4049,1024,23
dsmem_loaded,3,0,1,1024,16384,0,0,42,4,450502527,187329952,27496.4921,11433.7129,2.4049,1024,24
dsmem_loaded,3,0,1,1024,16384,0,0,42,4,450502137,187329792,27496.4683,11433.7031,2.4049,1024,25
dsmem_loaded,3,0,1,1024,16384,0,0,42,4,450502442,187329920,27496.4869,11433.7109,2.4049,1024,26
dsmem_loaded,3,0,1,1024,16384,0,0,42,4,450502554,187329920,27496.4938,11433.7109,2.4049,1024,27
dsmem_loaded,3,0,1,1024,16384,0,0,42,4,450502137,187329760,27496.4683,11433.7012,2.4049,1024,28
dsmem_loaded,3,0,1,1024,16384,0,0,42,4,450502304,187329824,27496.4785,11433.7051,2.4049,1024,29
dsmem_loaded,3,0,1,1024,16384,0,0,42,4,450502137,187329760,27496.4683,11433.7012,2.4049,1024,30
dsmem_loaded,3,0,1,1024,16384,0,0,42,4,450502137,187329760,27496.4683,11433.7012,2.4049,1024,31
dsmem_loaded,3,0,1,1024,16384,0,0,42,4,450502650,187329984,27496.4996,11433.7148,2.4049,1024,32
dsmem_loaded,3,0,1,1024,16384,0,0,42,4,450515177,187335168,27497.2642,11434.0312,2.4049,1024,33
dsmem_loaded,3,0,1,1024,16384,0,0,42,4,450512084,187333856,27497.0754,11433.9512,2.4049,1024,34
dsmem_loaded,3,0,1,1024,16384,0,0,42,4,450509589,187332864,27496.9232,11433.8906,2.4049,1024,35
dsmem_loaded,3,0,1,1024,16384,0,0,42,4,450510042,187333024,27496.9508,11433.9004,2.4049,1024,36
dsmem_loaded,3,0,1,1024,16384,0,0,42,4,450502138,187329760,27496.4684,11433.7012,2.4049,1024,37
dsmem_loaded,3,0,1,1024,16384,0,0,42,4,450508972,187332576,27496.8855,11433.8730,2.4049,1024,38
dsmem_loaded,3,0,1,1024,16384,0,0,42,4,450521986,187337984,27497.6798,11434.2031,2.4049,1024,39
dsmem_loaded,3,0,1,1024,16384,0,0,42,4,450511576,187333664,27497.0444,11433.9395,2.4049,1024,40
dsmem_loaded,3,0,1,1024,16384,0,0,42,4,450513057,187334304,27497.1348,11433.9785,2.4049,1024,41
dsmem_loaded,3,0,1,1024,16384,0,0,42,4,450509926,187332992,27496.9437,11433.8984,2.4049,1024,42
dsmem_loaded,3,0,1,1024,16384,0,0,42,4,450522155,187338080,27497.6901,11434.2090,2.4049,1024,43
dsmem_loaded,3,0,1,1024,16384,0,0,42,4,450503218,187330176,27496.5343,11433.7266,2.4049,1024,44
dsmem_loaded,3,0,1,1024,16384,0,0,42,4,450507644,187332032,27496.8044,11433.8398,2.4049,1024,45
dsmem_loaded,3,0,1,1024,16384,0,0,42,4,450503384,187330272,27496.5444,11433.7324,2.4049,1024,46
dsmem_loaded,3,0,1,1024,16384,0,0,42,4,450508013,187332192,27496.8270,11433.8496,2.4049,1024,47
dsmem_loaded,3,0,1,1024,16384,0,0,42,4,450504484,187330752,27496.6116,11433.7617,2.4049,1024,48
dsmem_loaded,3,0,1,1024,16384,0,0,42,4,450507660,187332064,27496.8054,11433.8418,2.4049,1024,49
dsmem_loaded,3,0,1,1024,16384,0,0,42,4,450502368,187329856,27496.4824,11433.7070,2.4049,1024,50
dsmem_loaded,3,0,1,1024,16384,0,0,42,4,450502588,187329952,27496.4958,11433.7129,2.4049,1024,51
dsmem_loaded,3,0,1,1024,16384,0,0,42,4,450504119,187330592,27496.5893,11433.7520,2.4049,1024,52
dsmem_loaded,3,0,1,1024,16384,0,0,42,4,450506006,187331360,27496.7045,11433.7988,2.4049,1024,53
dsmem_loaded,3,0,1,1024,16384,0,0,42,4,450504402,187330688,27496.6066,11433.7578,2.4049,1024,54
dsmem_loaded,3,0,1,1024,16384,0,0,42,4,450507715,187332064,27496.8088,11433.8418,2.4049,1024,55
dsmem_loaded,3,0,1,1024,16384,0,0,42,4,450502137,187329792,27496.4683,11433.7031,2.4049,1024,56
dsmem_loaded,3,0,1,1024,16384,0,0,42,4,450505884,187331328,27496.6970,11433.7969,2.4049,1024,57
dsmem_loaded,3,0,1,1024,16384,0,0,42,4,450504159,187330592,27496.5917,11433.7520,2.4049,1024,58
dsmem_loaded,3,0,1,1024,16384,0,0,42,4,450502383,187329856,27496.4833,11433.7070,2.4049,1024,59
dsmem_loaded,3,0,1,1024,16384,0,0,42,4,450502587,187329952,27496.4958,11433.7129,2.4049,1024,60
dsmem_loaded,3,0,1,1024,16384,0,0,42,4,450505887,187331328,27496.6972,11433.7969,2.4049,1024,61
dsmem_loaded,3,0,1,1024,16384,0,0,42,4,450502137,187329792,27496.4683,11433.7031,2.4049,1024,62
dsmem_loaded,3,0,1,1024,16384,0,0,42,4,450502138,187329792,27496.4684,11433.7031,2.4049,1024,63
dsmem_loaded,3,0,1,1024,16384,0,0,42,5,450552492,187350912,27499.5417,11434.9922,2.4049,1024,0
dsmem_loaded,3,0,1,1024,16384,0,0,42,5,450532979,187342816,27498.3508,11434.4980,2.4049,1024,1
dsmem_loaded,3,0,1,1024,16384,0,0,42,5,450546888,187348576,27499.1997,11434.8496,2.4049,1024,2
dsmem_loaded,3,0,1,1024,16384,0,0,42,5,450545616,187348064,27499.1221,11434.8184,2.4049,1024,3
dsmem_loaded,3,0,1,1024,16384,0,0,42,5,450540625,187346016,27498.8174,11434.6934,2.4049,1024,4
dsmem_loaded,3,0,1,1024,16384,0,0,42,5,450542032,187346592,27498.9033,11434.7285,2.4049,1024,5
dsmem_loaded,3,0,1,1024,16384,0,0,42,5,450539735,187345632,27498.7631,11434.6699,2.4049,1024,6
dsmem_loaded,3,0,1,1024,16384,0,0,42,5,450537082,187344512,27498.6012,11434.6016,2.4049,1024,7
dsmem_loaded,3,0,1,1024,16384,0,0,42,5,450540005,187345728,27498.7796,11434.6758,2.4049,1024,8
dsmem_loaded,3,0,1,1024,16384,0,0,42,5,450532294,187342560,27498.3090,11434.4824,2.4049,1024,9
dsmem_loaded,3,0,1,1024,16384,0,0,42,5,450530343,187341696,27498.1899,11434.4297,2.4049,1024,10
dsmem_loaded,3,0,1,1024,16384,0,0,42,5,450533920,187343200,27498.4082,11434.5215,2.4049,1024,11
dsmem_loaded,3,0,1,1024,16384,0,0,42,5,450527482,187340512,27498.0153,11434.3574,2.4049,1024,12
dsmem_loaded,3,0,1,1024,16384,0,0,42,5,450527706,187340608,27498.0289,11434.3633,2.4049,1024,13
dsmem_loaded,3,0,1,1024,16384,0,0,42,5,450531318,187342112,27498.2494,11434.4551,2.4049,1024,14
dsmem_loaded,3,0,1,1024,16384,0,0,42,5,450530380,187341696,27498.1921,11434.4297,2.4049,1024,15
dsmem_loaded,3,0,1,1024,16384,0,0,42,5,450527904,187340704,27498.0410,11434.3691,2.4049,1024,16
dsmem_loaded,3,0,1,1024,16384,0,0,42,5,450532090,187342432,27498.2965,11434.4746,2.4049,1024,17
dsmem_loaded,3,0,1,1024,16384,0,0,42,5,450527807,187340672,27498.0351,11434.3672,2.4049,1024,18
dsmem_loaded,3,0,1,1024,16384,0,0,42,5,450527897,187340704,27498.0406,11434.3691,2.4049,1024,19
dsmem_loaded,3,0,1,1024,16384,0,0,42,5,450527993,187340704,27498.0464,11434.3691,2.4049,1024,20
dsmem_loaded,3,0,1,1024,16384,0,0,42,5,450530592,187341792,27498.2051,11434.4355,2.4049,1024,21
dsmem_loaded,3,0,1,1024,16384,0,0,42,5,450527973,187340704,27498.0452,11434.3691,2.4049,1024,22
dsmem_loaded,3,0,1,1024,16384,0,0,42,5,450527927,187340672,27498.0424,11434.3672,2.4049,1024,23
dsmem_loaded,3,0,1,1024,16384,0,0,42,5,450527648,187340576,27498.0254,11434.3613,2.4049,1024,24
dsmem_loaded,3,0,1,1024,16384,0,0,42,5,450527748,187340608,27498.0315,11434.3633,2.4049,1024,25
dsmem_loaded,3,0,1,1024,16384,0,0,42,5,450527626,187340576,27498.0240,11434.3613,2.4049,1024,26
dsmem_loaded,3,0,1,1024,16384,0,0,42,5,450527482,187340512,27498.0153,11434.3574,2.4049,1024,27
dsmem_loaded,3,0,1,1024,16384,0,0,42,5,450527929,187340704,27498.0425,11434.3691,2.4049,1024,28
dsmem_loaded,3,0,1,1024,16384,0,0,42,5,450527482,187340512,27498.0153,11434.3574,2.4049,1024,29
dsmem_loaded,3,0,1,1024,16384,0,0,42,5,450527482,187340512,27498.0153,11434.3574,2.4049,1024,30
dsmem_loaded,3,0,1,1024,16384,0,0,42,5,450527848,187340672,27498.0376,11434.3672,2.4049,1024,31
dsmem_loaded,3,0,1,1024,16384,0,0,42,5,450551848,187350656,27499.5024,11434.9766,2.4049,1024,32
dsmem_loaded,3,0,1,1024,16384,0,0,42,5,450534993,187343648,27498.4737,11434.5488,2.4049,1024,33
dsmem_loaded,3,0,1,1024,16384,0,0,42,5,450527482,187340512,27498.0153,11434.3574,2.4049,1024,34
dsmem_loaded,3,0,1,1024,16384,0,0,42,5,450545829,187348160,27499.1351,11434.8242,2.4049,1024,35
dsmem_loaded,3,0,1,1024,16384,0,0,42,5,450536980,187344480,27498.5950,11434.5996,2.4049,1024,36
dsmem_loaded,3,0,1,1024,16384,0,0,42,5,450527687,187340640,27498.0278,11434.3652,2.4049,1024,37
dsmem_loaded,3,0,1,1024,16384,0,0,42,5,450537904,187344896,27498.6514,11434.6250,2.4049,1024,38
dsmem_loaded,3,0,1,1024,16384,0,0,42,5,450532824,187342752,27498.3413,11434.4941,2.4049,1024,39
dsmem_loaded,3,0,1,1024,16384,0,0,42,5,450530318,187341696,27498.1884,11434.4297,2.4049,1024,40
dsmem_loaded,3,0,1,1024,16384,0,0,42,5,450548037,187349056,27499.2698,11434.8789,2.4049,1024,41
dsmem_loaded,3,0,1,1024,16384,0,0,42,5,450534165,187343328,27498.4232,11434.5293,2.4049,1024,42
dsmem_loaded,3,0,1,1024,16384,0,0,42,5,450533312,187342944,27498.3711,11434.5059,2.4049,1024,43
dsmem_loaded,3,0,1,1024,16384,0,0,42,5,450527721,187340608,27498.0298,11434.3633,2.4049,1024,44
dsmem_loaded,3,0,1,1024,16384,0,0,42,5,450533031,187342880,27498.3539,11434.5020,2.4049,1024,45
dsmem_loaded,3,0,1,1024,16384,0,0,42,5,450534068,187343296,27498.4172,11434.5273,2.4049,1024,46
dsmem_loaded,3,0,1,1024,16384,0,0,42,5,450527929,187340704,27498.0425,11434.3691,2.4049,1024,47
dsmem_loaded,3,0,1,1024,16384,0,0,42,5,450531206,187342048,27498.2426,11434.4512,2.4049,1024,48
dsmem_loaded,3,0,1,1024,16384,0,0,42,5,450527809,187340640,27498.0352,11434.3652,2.4049,1024,49
dsmem_loaded,3,0,1,1024,16384,0,0,42,5,450527784,187340640,27498.0337,11434.3652,2.4049,1024,50
dsmem_loaded,3,0,1,1024,16384,0,0,42,5,450533275,187342912,27498.3688,11434.5039,2.4049,1024,51
dsmem_loaded,3,0,1,1024,16384,0,0,42,5,450527482,187340512,27498.0153,11434.3574,2.4049,1024,52
dsmem_loaded,3,0,1,1024,16384,0,0,42,5,450527990,187340736,27498.0463,11434.3711,2.4049,1024,53
dsmem_loaded,3,0,1,1024,16384,0,0,42,5,450527771,187340608,27498.0329,11434.3633,2.4049,1024,54
dsmem_loaded,3,0,1,1024,16384,0,0,42,5,450527710,187340608,27498.0292,11434.3633,2.4049,1024,55
dsmem_loaded,3,0,1,1024,16384,0,0,42,5,450527839,187340640,27498.0370,11434.3652,2.4049,1024,56
dsmem_loaded,3,0,1,1024,16384,0,0,42,5,450527724,187340608,27498.0300,11434.3633,2.4049,1024,57
dsmem_loaded,3,0,1,1024,16384,0,0,42,5,450527904,187340704,27498.0410,11434.3691,2.4049,1024,58
dsmem_loaded,3,0,1,1024,16384,0,0,42,5,450527932,187340704,27498.0427,11434.3691,2.4049,1024,59
dsmem_loaded,3,0,1,1024,16384,0,0,42,5,450527829,187340640,27498.0364,11434.3652,2.4049,1024,60
dsmem_loaded,3,0,1,1024,16384,0,0,42,5,450527482,187340512,27498.0153,11434.3574,2.4049,1024,61
dsmem_loaded,3,0,1,1024,16384,0,0,42,5,450528137,187340768,27498.0552,11434.3730,2.4049,1024,62
dsmem_loaded,3,0,1,1024,16384,0,0,42,5,450527482,187340512,27498.0153,11434.3574,2.4049,1024,63
dsmem_loaded,3,0,1,1024,16384,0,0,42,6,450517848,187336416,27497.4272,11434.1074,2.4049,1024,0
dsmem_loaded,3,0,1,1024,16384,0,0,42,6,450517230,187336160,27497.3895,11434.0918,2.4049,1024,1
dsmem_loaded,3,0,1,1024,16384,0,0,42,6,450515353,187335360,27497.2750,11434.0430,2.4049,1024,2
dsmem_loaded,3,0,1,1024,16384,0,0,42,6,450517208,187336160,27497.3882,11434.0918,2.4049,1024,3
dsmem_loaded,3,0,1,1024,16384,0,0,42,6,450507866,187332224,27496.8180,11433.8516,2.4049,1024,4
dsmem_loaded,3,0,1,1024,16384,0,0,42,6,450510560,187333376,27496.9824,11433.9219,2.4049,1024,5
dsmem_loaded,3,0,1,1024,16384,0,0,42,6,450504058,187330624,27496.5856,11433.7539,2.4049,1024,6
dsmem_loaded,3,0,1,1024,16384,0,0,42,6,450510519,187333344,27496.9799,11433.9199,2.4049,1024,7
dsmem_loaded,3,0,1,1024,16384,0,0,42,6,450509562,187332960,27496.9215,11433.8965,2.4049,1024,8
dsmem_loaded,3,0,1,1024,16384,0,0,42,6,450507133,187331936,27496.7733,11433.8340,2.4049,1024,9
dsmem_loaded,3,0,1,1024,16384,0,0,42,6,450513862,187334720,27497.1840,11434.0039,2.4049,1024,10
dsmem_loaded,3,0,1,1024,16384,0,0,42,6,450508012,187332288,27496.8269,11433.8555,2.4049,1024,11
dsmem_loaded,3,0,1,1024,16384,0,0,42,6,450504058,187330624,27496.5856,11433.7539,2.4049,1024,12
dsmem_loaded,3,0,1,1024,16384,0,0,42,6,450504058,187330624,27496.5856,11433.7539,2.4049,1024,13
dsmem_loaded,3,0,1,1024,16384,0,0,42,6,450509639,187332992,27496.9262,11433.8984,2.4049,1024,14
dsmem_loaded,3,0,1,1024,16384,0,0,42,6,450508664,187332544,27496.8667,11433.8711,2.4049,1024,15
dsmem_loaded,3,0,1,1024,16384,0,0,42,6,450507869,187332224,27496.8182,11433.8516,2.4049,1024,16
dsmem_loaded,3,0,1,1024,16384,0,0,42,6,450507870,187332224,27496.8182,11433.8516,2.4049,1024,17
dsmem_loaded,3,0,1,1024,16384,0,0,42,6,450505323,187331168,27496.6628,11433.7871,2.4049,1024,18
dsmem_loaded,3,0,1,1024,16384,0,0,42,6,450507930,187332256,27496.8219,11433.8535,2.4049,1024,19
dsmem_loaded,3,0,1,1024,16384,0,0,42,6,450507747,187332192,27496.8107,11433.8496,2.4049,1024,20
dsmem_loaded,3,0,1,1024,16384,0,0,42,6,450511260,187333632,27497.0251,11433.9375,2.4049,1024,21
dsmem_loaded,3,0,1,1024,16384,0,0,42,6,450506893,187331808,27496.7586,11433.8262,2.4049,1024,22
dsmem_loaded,3,0,1,1024,16384,0,0,42,6,450504407,187330784,27496.6069,11433.7637,2.4049,1024,23
dsmem_loaded,3,0,1,1024,16384,0,0,42,6,450507926,187332224,27496.8217,11433.8516,2.4049,1024,24
dsmem_loaded,3,0,1,1024,16384,0,0,42,6,450504229,187330720,27496.5960,11433.7598,2.4049,1024,25
dsmem_loaded,3,0,1,1024,16384,0,0,42,6,450507805,187332192,27496.8143,11433.8496,2.4049,1024,26
dsmem_loaded,3,0,1,1024,16384,0,0,42,6,450507653,187332128,27496.8050,11433.8457,2.4049,1024,27
dsmem_loaded,3,0,1,1024,16384,0,0,42,6,450507718,187332160,27496.8090,11433.8477,2.4049,1024,28
dsmem_loaded,3,0,1,1024,16384,0,0,42,6,450504387,187330752,27496.6057,11433.7617,2.4049,1024,29
dsmem_loaded,3,0,1,1024,16384,0,0,42,6,450507748,187332192,27496.8108,11433.8496,2.4049,1024,30
dsmem_loaded,3,0,1,1024,16384,0,0,42,6,450504058,187330656,27496.5856,11433.7559,2.4049,1024,31
dsmem_loaded,3,0,1,1024,16384,0,0,42,6,450516966,187336032,27497.3734,11434.0840,2.4049,1024,32
dsmem_loaded,3,0,1,1024,16384,0,0,42,6,450511202,187333664,27497.0216,11433.9395,2.4049,1024,33
dsmem_loaded,3,0,1,1024,16384,0,0,42,6,450514628,187335040,27497.2307,11434.0234,2.4049,1024,34
dsmem_loaded,3,0,1,1024,16384,0,0,42,6,450530688,187341760,27498.2109,11434.4336,2.4049,1024,35
dsmem_loaded,3,0,1,1024,16384,0,0,42,6,450517021,187336064,27497.3768,11434.0859,2.4049,1024,36
dsmem_loaded,3,0,1,1024,16384,0,0,42,6,450507605,187332160,27496.8021,11433.8477,2.4049,1024,37
dsmem_loaded,3,0,1,1024,16384,0,0,42,6,450523677,187338848,27497.7830,11434.2559,2.4049,1024,38
dsmem_loaded,3,0,1,1024,16384,0,0,42,6,450519855,187337216,27497.5497,11434.1562,2.4049,1024,39
dsmem_loaded,3,0,1,1024,16384,0,0,42,6,450506767,187331808,27496.7509,11433.8262,2.4049,1024,40
dsmem_loaded,3,0,1,1024,16384,0,0,42,6,450508483,187332512,27496.8557,11433.8691,2.4049,1024,41
dsmem_loaded,3,0,1,1024,16384,0,0,42,6,450504057,187330624,27496.5855,11433.7539,2.4049,1024,42
dsmem_loaded,3,0,1,1024,16384,0,0,42,6,450510437,187333280,27496.9749,11433.9160,2.4049,1024,43
dsmem_loaded,3,0,1,1024,16384,0,0,42,6,450506987,187331840,27496.7643,11433.8281,2.4049,1024,44
dsmem_loaded,3,0,1,1024,16384,0,0,42,6,450504666,187330880,27496.6227,11433.7695,2.4049,1024,45
dsmem_loaded,3,0,1,1024,16384,0,0,42,6,450509703,187332960,27496.9301,11433.8965,2.4049,1024,46
dsmem_loaded,3,0,1,1024,16384,0,0,42,6,450504057,187330624,27496.5855,11433.7539,2.4049,1024,47
dsmem_loaded,3,0,1,1024,16384,0,0,42,6,450508725,187332608,27496.8704,11433.8750,2.4049,1024,48
dsmem_loaded,3,0,1,1024,16384,0,0,42,6,450506100,187331520,27496.7102,11433.8086,2.4049,1024,49
dsmem_loaded,3,0,1,1024,16384,0,0,42,6,450510003,187333088,27496.9484,11433.9043,2.4049,1024,50
dsmem_loaded,3,0,1,1024,16384,0,0,42,6,450504567,187330848,27496.6166,11433.7676,2.4049,1024,51
dsmem_loaded,3,0,1,1024,16384,0,0,42,6,450504058,187330656,27496.5856,11433.7559,2.4049,1024,52
dsmem_loaded,3,0,1,1024,16384,0,0,42,6,450506973,187331840,27496.7635,11433.8281,2.4049,1024,53
dsmem_loaded,3,0,1,1024,16384,0,0,42,6,450508077,187332288,27496.8309,11433.8555,2.4049,1024,54
dsmem_loaded,3,0,1,1024,16384,0,0,42,6,450504357,187330752,27496.6038,11433.7617,2.4049,1024,55
dsmem_loaded,3,0,1,1024,16384,0,0,42,6,450504506,187330816,27496.6129,11433.7656,2.4049,1024,56
dsmem_loaded,3,0,1,1024,16384,0,0,42,6,450507138,187331904,27496.7736,11433.8320,2.4049,1024,57
dsmem_loaded,3,0,1,1024,16384,0,0,42,6,450504425,187330784,27496.6080,11433.7637,2.4049,1024,58
dsmem_loaded,3,0,1,1024,16384,0,0,42,6,450504228,187330720,27496.5959,11433.7598,2.4049,1024,59
dsmem_loaded,3,0,1,1024,16384,0,0,42,6,450504411,187330784,27496.6071,11433.7637,2.4049,1024,60
dsmem_loaded,3,0,1,1024,16384,0,0,42,6,450504057,187330624,27496.5855,11433.7539,2.4049,1024,61
dsmem_loaded,3,0,1,1024,16384,0,0,42,6,450504449,187330816,27496.6094,11433.7656,2.4049,1024,62
dsmem_loaded,3,0,1,1024,16384,0,0,42,6,450504388,187330784,27496.6057,11433.7637,2.4049,1024,63
dsmem_loaded,3,0,1,1024,16384,0,0,42,7,450536220,187344096,27498.5486,11434.5762,2.4049,1024,0
dsmem_loaded,3,0,1,1024,16384,0,0,42,7,450520839,187337696,27497.6098,11434.1855,2.4049,1024,1
dsmem_loaded,3,0,1,1024,16384,0,0,42,7,450520983,187337760,27497.6186,11434.1895,2.4049,1024,2
dsmem_loaded,3,0,1,1024,16384,0,0,42,7,450530186,187341568,27498.1803,11434.4219,2.4049,1024,3
dsmem_loaded,3,0,1,1024,16384,0,0,42,7,450532024,187342368,27498.2925,11434.4707,2.4049,1024,4
dsmem_loaded,3,0,1,1024,16384,0,0,42,7,450541181,187346176,27498.8514,11434.7031,2.4049,1024,5
dsmem_loaded,3,0,1,1024,16384,0,0,42,7,450539432,187345472,27498.7446,11434.6602,2.4049,1024,6
dsmem_loaded,3,0,1,1024,16384,0,0,42,7,450532676,187342656,27498.3323,11434.4883,2.4049,1024,7
dsmem_loaded,3,0,1,1024,16384,0,0,42,7,450524285,187339104,27497.8201,11434.2715,2.4049,1024,8
dsmem_loaded,3,0,1,1024,16384,0,0,42,7,450529545,187341312,27498.1412,11434.4062,2.4049,1024,9
dsmem_loaded,3,0,1,1024,16384,0,0,42,7,450525211,187339520,27497.8766,11434.2969,2.4049,1024,10
dsmem_loaded,3,0,1,1024,16384,0,0,42,7,450523584,187338848,27497.7773,11434.2559,2.4049,1024,11
dsmem_loaded,3,0,1,1024,16384,0,0,42,7,450520922,187337760,27497.6149,11434.1895,2.4049,1024,12
dsmem_loaded,3,0,1,1024,16384,0,0,42,7,450530129,187341568,27498.1768,11434.4219,2.4049,1024,13
dsmem_loaded,3,0,1,1024,16384,0,0,42,7,450525413,187339584,27497.8890,11434.3008,2.4049,1024,14
dsmem_loaded,3,0,1,1024,16384,0,0,42,7,450520569,187337600,27497.5933,11434.1797,2.4049,1024,15
dsmem_loaded,3,0,1,1024,16384,0,0,42,7,450525386,187339584,27497.8873,11434.3008,2.4049,1024,16
dsmem_loaded,3,0,1,1024,16384,0,0,42,7,450524439,187339168,27497.8295,11434.2754,2.4049,1024,17
dsmem_loaded,3,0,1,1024,16384,0,0,42,7,450525080,187339456,27497.8687,11434.2930,2.4049,1024,18
dsmem_loaded,3,0,1,1024,16384,0,0,42,7,450521021,187337760,27497.6209,11434.1895,2.4049,1024,19
dsmem_loaded,3,0,1,1024,16384,0,0,42,7,450521020,187337792,27497.6208,11434.1914,2.4049,1024,20
dsmem_loaded,3,0,1,1024,16384,0,0,42,7,450521045,187337792,27497.6224,11434.1914,2.4049,1024,21
dsmem_loaded,3,0,1,1024,16384,0,0,42,7,450520682,187337632,27497.6002,11434.1816,2.4049,1024,22
dsmem_loaded,3,0,1,1024,16384,0,0,42,7,450520957,187337760,27497.6170,11434.1895,2.4049,1024,23
dsmem_loaded,3,0,1,1024,16384,0,0,42,7,450520570,187337600,27497.5934,11434.1797,2.4049,1024,24
dsmem_loaded,3,0,1,1024,16384,0,0,42,7,450520867,187337728,27497.6115,11434.1875,2.4049,1024,25
dsmem_loaded,3,0,1,1024,16384,0,0,42,7,450520958,187337760,27497.6171,11434.1895,2.4049,1024,26
dsmem_loaded,3,0,1,1024,16384,0,0,42,7,450520963,187337728,27497.6174,11434.1875,2.4049,1024,27
dsmem_loaded,3,0,1,1024,16384,0,0,42,7,450520805,187337696,27497.6077,11434.1855,2.4049,1024,28
dsmem_loaded,3,0,1,1024,16384,0,0,42,7,450520569,187337632,27497.5933,11434.1816,2.4049,1024,29
dsmem_loaded,3,0,1,1024,16384,0,0,42,7,450520569,187337600,27497.5933,11434.1797,2.4049,1024,30
dsmem_loaded,3,0,1,1024,16384,0,0,42,7,450521113,187337824,27497.6265,11434.1934,2.4049,1024,31
dsmem_loaded,3,0,1,1024,16384,0,0,42,7,450520899,187337728,27497.6135,11434.1875,2.4049,1024,32
dsmem_loaded,3,0,1,1024,16384,0,0,42,7,450520677,187337632,27497.5999,11434.1816,2.4049,1024,33
dsmem_loaded,3,0,1,1024,16384,0,0,42,7,450522967,187338592,27497.7397,11434.2402,2.4049,1024,34
dsmem_loaded,3,0,1,1024,16384,0,0,42,7,450536567,187344224,27498.5698,11434.5840,2.4049,1024,35
dsmem_loaded,3,0,1,1024,16384,0,0,42,7,450544166,187347424,27499.0336,11434.7793,2.4049,1024,36
dsmem_loaded,3,0,1,1024,16384,0,0,42,7,450533821,187343104,27498.4022,11434.5156,2.4049,1024,37
dsmem_loaded,3,0,1,1024,16384,0,0,42,7,450534681,187343488,27498.4547,11434.5391,2.4049,1024,38
dsmem_loaded,3,0,1,1024,16384,0,0,42,7,450535411,187343744,27498.4992,11434.5547,2.4049,1024,39
dsmem_loaded,3,0,1,1024,16384,0,0,42,7,450538842,187345184,27498.7086,11434.6426,2.4049,1024,40
dsmem_loaded,3,0,1,1024,16384,0,0,42,7,450531011,187341952,27498.2307,11434.4453,2.4049,1024,41
dsmem_loaded,3,0,1,1024,16384,0,0,42,7,450531441,187342144,27498.2569,11434.4570,2.4049,1024,42
dsmem_loaded,3,0,1,1024,16384,0,0,42,7,450527434,187340448,27498.0123,11434.3535,2.4049,1024,43
dsmem_loaded,3,0,1,1024,16384,0,0,42,7,450525561,187339648,27497.8980,11434.3047,2.4049,1024,44
dsmem_loaded,3,0,1,1024,16384,0,0,42,7,450525234,187339520,27497.8781,11434.2969,2.4049,1024,45
dsmem_loaded,3,0,1,1024,16384,0,0,42,7,450523463,187338784,27497.7700,11434.2520,2.4049,1024,46
dsmem_loaded,3,0,1,1024,16384,0,0,42,7,450520570,187337632,27497.5934,11434.1816,2.4049,1024,47
dsmem_loaded,3,0,1,1024,16384,0,0,42,7,450525626,187339680,27497.9020,11434.3066,2.4049,1024,48
dsmem_loaded,3,0,1,1024,16384,0,0,42,7,450526571,187340096,27497.9597,11434.3320,2.4049,1024,49
dsmem_loaded,3,0,1,1024,16384,0,0,42,7,450524049,187339008,27497.8057,11434.2656,2.4049,1024,50
dsmem_loaded,3,0,1,1024,16384,0,0,42,7,450520876,187337696,27497.6121,11434.1855,2.4049,1024,51
dsmem_loaded,3,0,1,1024,16384,0,0,42,7,450520958,187337760,27497.6171,11434.1895,2.4049,1024,52
dsmem_loaded,3,0,1,1024,16384,0,0,42,7,450520833,187337728,27497.6094,11434.1875,2.4049,1024,53
dsmem_loaded,3,0,1,1024,16384,0,0,42,7,450520717,187337632,27497.6024,11434.1816,2.4049,1024,54
dsmem_loaded,3,0,1,1024,16384,0,0,42,7,450521053,187337824,27497.6229,11434.1934,2.4049,1024,55
dsmem_loaded,3,0,1,1024,16384,0,0,42,7,450520714,187337696,27497.6022,11434.1855,2.4049,1024,56
dsmem_loaded,3,0,1,1024,16384,0,0,42,7,450520569,187337600,27497.5933,11434.1797,2.4049,1024,57
dsmem_loaded,3,0,1,1024,16384,0,0,42,7,450521181,187337856,27497.6307,11434.1953,2.4049,1024,58
dsmem_loaded,3,0,1,1024,16384,0,0,42,7,450520900,187337728,27497.6135,11434.1875,2.4049,1024,59
dsmem_loaded,3,0,1,1024,16384,0,0,42,7,450520570,187337600,27497.5934,11434.1797,2.4049,1024,60
dsmem_loaded,3,0,1,1024,16384,0,0,42,7,450520739,187337664,27497.6037,11434.1836,2.4049,1024,61
dsmem_loaded,3,0,1,1024,16384,0,0,42,7,450520569,187337600,27497.5933,11434.1797,2.4049,1024,62
dsmem_loaded,3,0,1,1024,16384,0,0,42,7,450520775,187337728,27497.6059,11434.1875,2.4049,1024,63
dsmem_loaded,3,0,1,1024,16384,0,0,42,8,450513826,187334624,27497.1818,11433.9980,2.4049,1024,0
dsmem_loaded,3,0,1,1024,16384,0,0,42,8,450502755,187330016,27496.5060,11433.7168,2.4049,1024,1
dsmem_loaded,3,0,1,1024,16384,0,0,42,8,450511924,187333824,27497.0657,11433.9492,2.4049,1024,2
dsmem_loaded,3,0,1,1024,16384,0,0,42,8,450521464,187337824,27497.6479,11434.1934,2.4049,1024,3
dsmem_loaded,3,0,1,1024,16384,0,0,42,8,450512042,187333920,27497.0729,11433.9551,2.4049,1024,4
dsmem_loaded,3,0,1,1024,16384,0,0,42,8,450504896,187330944,27496.6367,11433.7734,2.4049,1024,5
dsmem_loaded,3,0,1,1024,16384,0,0,42,8,450507774,187332096,27496.8124,11433.8438,2.4049,1024,6
dsmem_loaded,3,0,1,1024,16384,0,0,42,8,450505200,187331040,27496.6553,11433.7793,2.4049,1024,7
dsmem_loaded,3,0,1,1024,16384,0,0,42,8,450503613,187330368,27496.5584,11433.7383,2.4049,1024,8
dsmem_loaded,3,0,1,1024,16384,0,0,42,8,450510251,187333120,27496.9636,11433.9062,2.4049,1024,9
dsmem_loaded,3,0,1,1024,16384,0,0,42,8,450503796,187330464,27496.5696,11433.7441,2.4049,1024,10
dsmem_loaded,3,0,1,1024,16384,0,0,42,8,450518123,187336384,27497.4440,11434.1055,2.4049,1024,11
dsmem_loaded,3,0,1,1024,16384,0,0,42,8,450499833,187328832,27496.3277,11433.6445,2.4049,1024,12
dsmem_loaded,3,0,1,1024,16384,0,0,42,8,450499833,187328832,27496.3277,11433.6445,2.4049,1024,13
dsmem_loaded,3,0,1,1024,16384,0,0,42,8,450499834,187328832,27496.3278,11433.6445,2.4049,1024,14
dsmem_loaded,3,0,1,1024,16384,0,0,42,8,450499834,187328832,27496.3278,11433.6445,2.4049,1024,15
dsmem_loaded,3,0,1,1024,16384,0,0,42,8,450504625,187330784,27496.6202,11433.7637,2.4049,1024,16
dsmem_loaded,3,0,1,1024,16384,0,0,42,8,450505293,187331072,27496.6609,11433.7812,2.4049,1024,17
dsmem_loaded,3,0,1,1024,16384,0,0,42,8,450502727,187330016,27496.5043,11433.7168,2.4049,1024,18
dsmem_loaded,3,0,1,1024,16384,0,0,42,8,450504438,187330720,27496.6088,11433.7598,2.4049,1024,19
dsmem_loaded,3,0,1,1024,16384,0,0,42,8,450500242,187328992,27496.3527,11433.6543,2.4049,1024,20
dsmem_loaded,3,0,1,1024,16384,0,0,42,8,450502878,187330080,27496.5135,11433.7207,2.4049,1024,21
dsmem_loaded,3,0,1,1024,16384,0,0,42,8,450500221,187328960,27496.3514,11433.6523,2.4049,1024,22
dsmem_loaded,3,0,1,1024,16384,0,0,42,8,450503622,187330400,27496.5590,11433.7402,2.4049,1024,23
dsmem_loaded,3,0,1,1024,16384,0,0,42,8,450500039,187328896,27496.3403,11433.6484,2.4049,1024,24
dsmem_loaded,3,0,1,1024,16384,0,0,42,8,450500165,187328960,27496.3480,11433.6523,2.4049,1024,25
dsmem_loaded,3,0,1,1024,16384,0,0,42,8,450501842,187329632,27496.4503,11433.6934,2.4049,1024,26
dsmem_loaded,3,0,1,1024,16384,0,0,42,8,450503889,187330496,27496.5753,11433.7461,2.4049,1024,27
dsmem_loaded,3,0,1,1024,16384,0,0,42,8,450500162,187328960,27496.3478,11433.6523,2.4049,1024,28
dsmem_loaded,3,0,1,1024,16384,0,0,42,8,450500184,187328960,27496.3491,11433.6523,2.4049,1024,29
dsmem_loaded,3,0,1,1024,16384,0,0,42,8,450500023,187328896,27496.3393,11433.6484,2.4049,1024,30
dsmem_loaded,3,0,1,1024,16384,0,0,42,8,450500386,187329056,27496.3615,11433.6582,2.4049,1024,31
dsmem_loaded,3,0,1,1024,16384,0,0,42,8,450499833,187328832,27496.3277,11433.6445,2.4049,1024,32
dsmem_loaded,3,0,1,1024,16384,0,0,42,8,450510490,187333248,27496.9781,11433.9141,2.4049,1024,33
dsmem_loaded,3,0,1,1024,16384,0,0,42,8,450500189,187328928,27496.3494,11433.6504,2.4049,1024,34
dsmem_loaded,3,0,1,1024,16384,0,0,42,8,450512063,187333920,27497.0742,11433.9551,2.4049,1024,35
dsmem_loaded,3,0,1,1024,16384,0,0,42,8,450514785,187335040,27497.2403,11434.0234,2.4049,1024,36
dsmem_loaded,3,0,1,1024,16384,0,0,42,8,450504438,187330720,27496.6088,11433.7598,2.4049,1024,37
dsmem_loaded,3,0,1,1024,16384,0,0,42,8,450511348,187333600,27497.0305,11433.9355,2.4049,1024,38
dsmem_loaded,3,0,1,1024,16384,0,0,42,8,450503643,187330400,27496.5602,11433.7402,2.4049,1024,39
dsmem_loaded,3,0,1,1024,16384,0,0,42,8,450511164,187333536,27497.0193,11433.9316,2.4049,1024,40
dsmem_loaded,3,0,1,1024,16384,0,0,42,8,450505459,187331168,27496.6711,11433.7871,2.4049,1024,41
dsmem_loaded,3,0,1,1024,16384,0,0,42,8,450511330,187333600,27497.0294,11433.9355,2.4049,1024,42
dsmem_loaded,3,0,1,1024,16384,0,0,42,8,450506192,187331456,27496.7158,11433.8047,2.4049,1024,43
dsmem_loaded,3,0,1,1024,16384,0,0,42,8,450507146,187331840,27496.7740,11433.8281,2.4049,1024,44
dsmem_loaded,3,0,1,1024,16384,0,0,42,8,450499833,187328832,27496.3277,11433.6445,2.4049,1024,45
dsmem_loaded,3,0,1,1024,16384,0,0,42,8,450502846,187330048,27496.5116,11433.7188,2.4049,1024,46
dsmem_loaded,3,0,1,1024,16384,0,0,42,8,450499833,187328832,27496.3277,11433.6445,2.4049,1024,47
dsmem_loaded,3,0,1,1024,16384,0,0,42,8,450505658,187331232,27496.6832,11433.7910,2.4049,1024,48
dsmem_loaded,3,0,1,1024,16384,0,0,42,8,450502724,187330016,27496.5042,11433.7168,2.4049,1024,49
dsmem_loaded,3,0,1,1024,16384,0,0,42,8,450503763,187330432,27496.5676,11433.7422,2.4049,1024,50
dsmem_loaded,3,0,1,1024,16384,0,0,42,8,450502809,187330048,27496.5093,11433.7188,2.4049,1024,51
dsmem_loaded,3,0,1,1024,16384,0,0,42,8,450503830,187330496,27496.5717,11433.7461,2.4049,1024,52
dsmem_loaded,3,0,1,1024,16384,0,0,42,8,450500162,187328960,27496.3478,11433.6523,2.4049,1024,53
dsmem_loaded,3,0,1,1024,16384,0,0,42,8,450500005,187328896,27496.3382,11433.6484,2.4049,1024,54
dsmem_loaded,3,0,1,1024,16384,0,0,42,8,450500403,187329056,27496.3625,11433.6582,2.4049,1024,55
dsmem_loaded,3,0,1,1024,16384,0,0,42,8,450503678,187330400,27496.5624,11433.7402,2.4049,1024,56
dsmem_loaded,3,0,1,1024,16384,0,0,42,8,450500591,187329120,27496.3740,11433.6621,2.4049,1024,57
dsmem_loaded,3,0,1,1024,16384,0,0,42,8,450500250,187328992,27496.3531,11433.6543,2.4049,1024,58
dsmem_loaded,3,0,1,1024,16384,0,0,42,8,450500041,187328896,27496.3404,11433.6484,2.4049,1024,59
dsmem_loaded,3,0,1,1024,16384,0,0,42,8,450503677,187330432,27496.5623,11433.7422,2.4049,1024,60
dsmem_loaded,3,0,1,1024,16384,0,0,42,8,450500188,187328960,27496.3494,11433.6523,2.4049,1024,61
dsmem_loaded,3,0,1,1024,16384,0,0,42,8,450499833,187328832,27496.3277,11433.6445,2.4049,1024,62
dsmem_loaded,3,0,1,1024,16384,0,0,42,8,450500320,187329024,27496.3574,11433.6562,2.4049,1024,63
dsmem_loaded,3,0,1,1024,16384,0,0,42,9,450542364,187347264,27498.9236,11434.7695,2.4049,1024,0
dsmem_loaded,3,0,1,1024,16384,0,0,42,9,450544126,187348000,27499.0311,11434.8145,2.4049,1024,1
dsmem_loaded,3,0,1,1024,16384,0,0,42,9,450530553,187342304,27498.2027,11434.4668,2.4049,1024,2
dsmem_loaded,3,0,1,1024,16384,0,0,42,9,450537479,187345184,27498.6254,11434.6426,2.4049,1024,3
dsmem_loaded,3,0,1,1024,16384,0,0,42,9,450534628,187344032,27498.4514,11434.5723,2.4049,1024,4
dsmem_loaded,3,0,1,1024,16384,0,0,42,9,450536548,187344800,27498.5686,11434.6191,2.4049,1024,5
dsmem_loaded,3,0,1,1024,16384,0,0,42,9,450534196,187343840,27498.4250,11434.5605,2.4049,1024,6
dsmem_loaded,3,0,1,1024,16384,0,0,42,9,450548293,187349728,27499.2855,11434.9199,2.4049,1024,7
dsmem_loaded,3,0,1,1024,16384,0,0,42,9,450534801,187344096,27498.4620,11434.5762,2.4049,1024,8
dsmem_loaded,3,0,1,1024,16384,0,0,42,9,450535015,187344160,27498.4750,11434.5801,2.4049,1024,9
dsmem_loaded,3,0,1,1024,16384,0,0,42,9,450548069,187349632,27499.2718,11434.9141,2.4049,1024,10
dsmem_loaded,3,0,1,1024,16384,0,0,42,9,450541928,187347072,27498.8970,11434.7578,2.4049,1024,11
dsmem_loaded,3,0,1,1024,16384,0,0,42,9,450530169,187342144,27498.1793,11434.4570,2.4049,1024,12
dsmem_loaded,3,0,1,1024,16384,0,0,42,9,450530170,187342144,27498.1793,11434.4570,2.4049,1024,13
dsmem_loaded,3,0,1,1024,16384,0,0,42,9,450533941,187343744,27498.4095,11434.5547,2.4049,1024,14
dsmem_loaded,3,0,1,1024,16384,0,0,42,9,450532951,187343296,27498.3491,11434.5273,2.4049,1024,15
dsmem_loaded,3,0,1,1024,16384,0,0,42,9,450535055,187344192,27498.4775,11434.5820,2.4049,1024,16
dsmem_loaded,3,0,1,1024,16384,0,0,42,9,450534779,187344096,27498.4606,11434.5762,2.4049,1024,17
dsmem_loaded,3,0,1,1024,16384,0,0,42,9,450538280,187345536,27498.6743,11434.6641,2.4049,1024,18
dsmem_loaded,3,0,1,1024,16384,0,0,42,9,450530559,187342304,27498.2031,11434.4668,2.4049,1024,19
dsmem_loaded,3,0,1,1024,16384,0,0,42,9,450532965,187343296,27498.3499,11434.5273,2.4049,1024,20
dsmem_loaded,3,0,1,1024,16384,0,0,42,9,450537602,187345248,27498.6329,11434.6465,2.4049,1024,21
dsmem_loaded,3,0,1,1024,16384,0,0,42,9,450530598,187342336,27498.2054,11434.4688,2.4049,1024,22
dsmem_loaded,3,0,1,1024,16384,0,0,42,9,450530720,187342368,27498.2129,11434.4707,2.4049,1024,23
dsmem_loaded,3,0,1,1024,16384,0,0,42,9,450534005,187343744,27498.4134,11434.5547,2.4049,1024,24
dsmem_loaded,3,0,1,1024,16384,0,0,42,9,450530535,187342304,27498.2016,11434.4668,2.4049,1024,25
dsmem_loaded,3,0,1,1024,16384,0,0,42,9,450530500,187342272,27498.1995,11434.4648,2.4049,1024,26
dsmem_loaded,3,0,1,1024,16384,0,0,42,9,450530170,187342144,27498.1793,11434.4570,2.4049,1024,27
dsmem_loaded,3,0,1,1024,16384,0,0,42,9,450534076,187343744,27498.4177,11434.5547,2.4049,1024,28
dsmem_loaded,3,0,1,1024,16384,0,0,42,9,450530459,187342272,27498.1970,11434.4648,2.4049,1024,29
dsmem_loaded,3,0,1,1024,16384,0,0,42,9,450530170,187342144,27498.1793,11434.4570,2.4049,1024,30
dsmem_loaded,3,0,1,1024,16384,0,0,42,9,450530621,187342336,27498.2068,11434.4688,2.4049,1024,31
dsmem_loaded,3,0,1,1024,16384,0,0,42,9,450530472,187342272,27498.1978,11434.4648,2.4049,1024,32
dsmem_loaded,3,0,1,1024,16384,0,0,42,9,450536572,187344832,27498.5701,11434.6211,2.4049,1024,33
dsmem_loaded,3,0,1,1024,16384,0,0,42,9,450545542,187348576,27499.1176,11434.8496,2.4049,1024,34
dsmem_loaded,3,0,1,1024,16384,0,0,42,9,450553364,187351840,27499.5950,11435.0488,2.4049,1024,35
dsmem_loaded,3,0,1,1024,16384,0,0,42,9,450550713,187350720,27499.4332,11434.9805,2.4049,1024,36
dsmem_loaded,3,0,1,1024,16384,0,0,42,9,450542188,187347136,27498.9128,11434.7617,2.4049,1024,37
dsmem_loaded,3,0,1,1024,16384,0,0,42,9,450533466,187343520,27498.3805,11434.5410,2.4049,1024,38
dsmem_loaded,3,0,1,1024,16384,0,0,42,9,450540827,187346592,27498.8298,11434.7285,2.4049,1024,39
dsmem_loaded,3,0,1,1024,16384,0,0,42,9,450539057,187345856,27498.7217,11434.6836,2.4049,1024,40
dsmem_loaded,3,0,1,1024,16384,0,0,42,9,450543274,187347616,27498.9791,11434.7910,2.4049,1024,41
dsmem_loaded,3,0,1,1024,16384,0,0,42,9,450534014,187343776,27498.4139,11434.5566,2.4049,1024,42
dsmem_loaded,3,0,1,1024,16384,0,0,42,9,450530170,187342176,27498.1793,11434.4590,2.4049,1024,43
dsmem_loaded,3,0,1,1024,16384,0,0,42,9,450534307,187343872,27498.4318,11434.5625,2.4049,1024,44
dsmem_loaded,3,0,1,1024,16384,0,0,42,9,450534897,187344096,27498.4678,11434.5762,2.4049,1024,45
dsmem_loaded,3,0,1,1024,16384,0,0,42,9,450534921,187344160,27498.4693,11434.5801,2.4049,1024,46
dsmem_loaded,3,0,1,1024,16384,0,0,42,9,450536024,187344608,27498.5366,11434.6074,2.4049,1024,47
dsmem_loaded,3,0,1,1024,16384,0,0,42,9,450535347,187344320,27498.4953,11434.5898,2.4049,1024,48
dsmem_loaded,3,0,1,1024,16384,0,0,42,9,450530435,187342240,27498.1955,11434.4629,2.4049,1024,49
dsmem_loaded,3,0,1,1024,16384,0,0,42,9,450535042,187344192,27498.4767,11434.5820,2.4049,1024,50
dsmem_loaded,3,0,1,1024,16384,0,0,42,9,450530436,187342272,27498.1956,11434.4648,2.4049,1024,51
dsmem_loaded,3,0,1,1024,16384,0,0,42,9,450530499,187342272,27498.1994,11434.4648,2.4049,1024,52
dsmem_loaded,3,0,1,1024,16384,0,0,42,9,450530337,187342208,27498.1895,11434.4609,2.4049,1024,53
dsmem_loaded,3,0,1,1024,16384,0,0,42,9,450537707,187345280,27498.6393,11434.6484,2.4049,1024,54
dsmem_loaded,3,0,1,1024,16384,0,0,42,9,450530557,187342304,27498.2029,11434.4668,2.4049,1024,55
dsmem_loaded,3,0,1,1024,16384,0,0,42,9,450533736,187343648,27498.3970,11434.5488,2.4049,1024,56
dsmem_loaded,3,0,1,1024,16384,0,0,42,9,450530589,187342336,27498.2049,11434.4688,2.4049,1024,57
dsmem_loaded,3,0,1,1024,16384,0,0,42,9,450530169,187342144,27498.1793,11434.4570,2.4049,1024,58
dsmem_loaded,3,0,1,1024,16384,0,0,42,9,450530621,187342336,27498.2068,11434.4688,2.4049,1024,59
dsmem_loaded,3,0,1,1024,16384,0,0,42,9,450530170,187342144,27498.1793,11434.4570,2.4049,1024,60
dsmem_loaded,3,0,1,1024,16384,0,0,42,9,450530170,187342144,27498.1793,11434.4570,2.4049,1024,61
dsmem_loaded,3,0,1,1024,16384,0,0,42,9,450530412,187342240,27498.1941,11434.4629,2.4049,1024,62
dsmem_loaded,3,0,1,1024,16384,0,0,42,9,450530498,187342304,27498.1993,11434.4668,2.4049,1024,63
dsmem_loaded,3,0,1,1024,16384,0,0,42,10,450532080,187342432,27498.2959,11434.4746,2.4049,1024,0
dsmem_loaded,3,0,1,1024,16384,0,0,42,10,450523793,187338976,27497.7901,11434.2637,2.4049,1024,1
dsmem_loaded,3,0,1,1024,16384,0,0,42,10,450520570,187337600,27497.5934,11434.1797,2.4049,1024,2
dsmem_loaded,3,0,1,1024,16384,0,0,42,10,450525942,187339872,27497.9213,11434.3184,2.4049,1024,3
dsmem_loaded,3,0,1,1024,16384,0,0,42,10,450527030,187340288,27497.9877,11434.3438,2.4049,1024,4
dsmem_loaded,3,0,1,1024,16384,0,0,42,10,450539570,187345536,27498.7531,11434.6641,2.4049,1024,5
dsmem_loaded,3,0,1,1024,16384,0,0,42,10,450535509,187343840,27498.5052,11434.5605,2.4049,1024,6
dsmem_loaded,3,0,1,1024,16384,0,0,42,10,450532817,187342752,27498.3409,11434.4941,2.4049,1024,7
dsmem_loaded,3,0,1,1024,16384,0,0,42,10,450524319,187339168,27497.8222,11434.2754,2.4049,1024,8
dsmem_loaded,3,0,1,1024,16384,0,0,42,10,450526150,187339936,27497.9340,11434.3223,2.4049,1024,9
dsmem_loaded,3,0,1,1024,16384,0,0,42,10,450531346,187342080,27498.2511,11434.4531,2.4049,1024,10
dsmem_loaded,3,0,1,1024,16384,0,0,42,10,450526944,187340256,27497.9824,11434.3418,2.4049,1024,11
dsmem_loaded,3,0,1,1024,16384,0,0,42,10,450524383,187339200,27497.8261,11434.2773,2.4049,1024,12
dsmem_loaded,3,0,1,1024,16384,0,0,42,10,450520569,187337600,27497.5933,11434.1797,2.4049,1024,13
dsmem_loaded,3,0,1,1024,16384,0,0,42,10,450526919,187340256,27497.9809,11434.3418,2.4049,1024,14
dsmem_loaded,3,0,1,1024,16384,0,0,42,10,450520570,187337632,27497.5934,11434.1816,2.4049,1024,15
dsmem_loaded,3,0,1,1024,16384,0,0,42,10,450524440,187339232,27497.8296,11434.2793,2.4049,1024,16
dsmem_loaded,3,0,1,1024,16384,0,0,42,10,450520898,187337760,27497.6134,11434.1895,2.4049,1024,17
dsmem_loaded,3,0,1,1024,16384,0,0,42,10,450525238,187339552,27497.8783,11434.2988,2.4049,1024,18
dsmem_loaded,3,0,1,1024,16384,0,0,42,10,450520992,187337792,27497.6191,11434.1914,2.4049,1024,19
dsmem_loaded,3,0,1,1024,16384,0,0,42,10,450520570,187337600,27497.5934,11434.1797,2.4049,1024,20
dsmem_loaded,3,0,1,1024,16384,0,0,42,10,450520807,187337696,27497.6078,11434.1855,2.4049,1024,21
dsmem_loaded,3,0,1,1024,16384,0,0,42,10,450524382,187339168,27497.8260,11434.2754,2.4049,1024,22
dsmem_loaded,3,0,1,1024,16384,0,0,42,10,450520799,187337696,27497.6074,11434.1855,2.4049,1024,23
dsmem_loaded,3,0,1,1024,16384,0,0,42,10,450524287,187339136,27497.8203,11434.2734,2.4049,1024,24
dsmem_loaded,3,0,1,1024,16384,0,0,42,10,450523438,187338784,27497.7684,11434.2520,2.4049,1024,25
dsmem_loaded,3,0,1,1024,16384,0,0,42,10,450524442,187339200,27497.8297,11434.2773,2.4049,1024,26
dsmem_loaded,3,0,1,1024,16384,0,0,42,10,450521021,187337792,27497.6209,11434.1914,2.4049,1024,27
dsmem_loaded,3,0,1,1024,16384,0,0,42,10,450524643,187339296,27497.8420,11434.2832,2.4049,1024,28
dsmem_loaded,3,0,1,1024,16384,0,0,42,10,450520985,187337792,27497.6187,11434.1914,2.4049,1024,29
dsmem_loaded,3,0,1,1024,16384,0,0,42,10,450524584,187339296,27497.8384,11434.2832,2.4049,1024,30
dsmem_loaded,3,0,1,1024,16384,0,0,42,10,450521057,187337824,27497.6231,11434.1934,2.4049,1024,31
dsmem_loaded,3,0,1,1024,16384,0,0,42,10,450526748,187340160,27497.9705,11434.3359,2.4049,1024,32
dsmem_loaded,3,0,1,1024,16384,0,0,42,10,450534481,187343424,27498.4424,11434.5352,2.4049,1024,33
dsmem_loaded,3,0,1,1024,16384,0,0,42,10,450539407,187345472,27498.7431,11434.6602,2.4049,1024,34
dsmem_loaded,3,0,1,1024,16384,0,0,42,10,450520570,187337600,27497.5934,11434.1797,2.4049,1024,35
dsmem_loaded,3,0,1,1024,16384,0,0,42,10,450530376,187341696,27498.1919,11434.4297,2.4049,1024,36
dsmem_loaded,3,0,1,1024,16384,0,0,42,10,450525257,187339552,27497.8795,11434.2988,2.4049,1024,37
dsmem_loaded,3,0,1,1024,16384,0,0,42,10,450523032,187338656,27497.7437,11434.2441,2.4049,1024,38
dsmem_loaded,3,0,1,1024,16384,0,0,42,10,450531820,187342336,27498.2800,11434.4688,2.4049,1024,39
dsmem_loaded,3,0,1,1024,16384,0,0,42,10,450524340,187339200,27497.8235,11434.2773,2.4049,1024,40
dsmem_loaded,3,0,1,1024,16384,0,0,42,10,450527331,187340416,27498.0060,11434.3516,2.4049,1024,41
dsmem_loaded,3,0,1,1024,16384,0,0,42,10,450525663,187339744,27497.9042,11434.3105,2.4049,1024,42
dsmem_loaded,3,0,1,1024,16384,0,0,42,10,450527179,187340352,27497.9968,11434.3477,2.4049,1024,43
dsmem_loaded,3,0,1,1024,16384,0,0,42,10,450527855,187340640,27498.0380,11434.3652,2.4049,1024,44
dsmem_loaded,3,0,1,1024,16384,0,0,42,10,450527719,187340576,27498.0297,11434.3613,2.4049,1024,45
dsmem_loaded,3,0,1,1024,16384,0,0,42,10,450520569,187337600,27497.5933,11434.1797,2.4049,1024,46
dsmem_loaded,3,0,1,1024,16384,0,0,42,10,450524450,187339232,27497.8302,11434.2793,2.4049,1024,47
dsmem_loaded,3,0,1,1024,16384,0,0,42,10,450524479,187339232,27497.8320,11434.2793,2.4049,1024,48
dsmem_loaded,3,0,1,1024,16384,0,0,42,10,450526994,187340256,27497.9855,11434.3418,2.4049,1024,49
dsmem_loaded,3,0,1,1024,16384,0,0,42,10,450523512,187338816,27497.7729,11434.2539,2.4049,1024,50
dsmem_loaded,3,0,1,1024,16384,0,0,42,10,450524400,187339200,27497.8271,11434.2773,2.4049,1024,51
dsmem_loaded,3,0,1,1024,16384,0,0,42,10,450524160,187339072,27497.8125,11434.2695,2.4049,1024,52
dsmem_loaded,3,0,1,1024,16384,0,0,42,10,450520570,187337632,27497.5934,11434.1816,2.4049,1024,53
dsmem_loaded,3,0,1,1024,16384,0,0,42,10,450520815,187337696,27497.6083,11434.1855,2.4049,1024,54
dsmem_loaded,3,0,1,1024,16384,0,0,42,10,450531319,187342080,27498.2495,11434.4531,2.4049,1024,55
dsmem_loaded,3,0,1,1024,16384,0,0,42,10,450520862,187337696,27497.6112,11434.1855,2.4049,1024,56
dsmem_loaded,3,0,1,1024,16384,0,0,42,10,450524220,187339136,27497.8162,11434.2734,2.4049,1024,57
dsmem_loaded,3,0,1,1024,16384,0,0,42,10,450521058,187337824,27497.6232,11434.1934,2.4049,1024,58
dsmem_loaded,3,0,1,1024,16384,0,0,42,10,450520653,187337664,27497.5984,11434.1836,2.4049,1024,59
dsmem_loaded,3,0,1,1024,16384,0,0,42,10,450520570,187337600,27497.5934,11434.1797,2.4049,1024,60
dsmem_loaded,3,0,1,1024,16384,0,0,42,10,450520800,187337696,27497.6074,11434.1855,2.4049,1024,61
dsmem_loaded,3,0,1,1024,16384,0,0,42,10,450520798,187337696,27497.6073,11434.1855,2.4049,1024,62
dsmem_loaded,3,0,1,1024,16384,0,0,42,10,450520933,187337760,27497.6155,11434.1895,2.4049,1024,63
