# command: ./l2 --reps 101 --steps 16384
# gpu: NVIDIA GB10
# compute_capability: 12.1
# sm_count: 48
# l2_bytes: 25165824
# sm_clock_max_khz: 2418000
# driver_version: 13000
# runtime_version: 13000
# seed: 42
# reps: 101
# steps: 16384
# warmup: 1
# buffer_elems: 1572864
# stride_bytes: 0
# cycle_length: 1572864
benchmark,cluster_size,distance,mapped,block_size,steps,buffer_bytes,stride_bytes,seed,rep,cycles,ns,cycles_per_load,ns_per_load,ghz
l2,0,0,0,32,16384,6291456,0,42,0,5570226,2316224,339.9796,141.3711,2.4049
l2,0,0,0,32,16384,6291456,0,42,1,5567154,2314976,339.7921,141.2949,2.4048
l2,0,0,0,32,16384,6291456,0,42,2,5571157,2316736,340.0364,141.4023,2.4047
l2,0,0,0,32,16384,6291456,0,42,3,5578715,2319776,340.4977,141.5879,2.4049
l2,0,0,0,32,16384,6291456,0,42,4,5572250,2317088,340.1031,141.4238,2.4049
l2,0,0,0,32,16384,6291456,0,42,5,5571176,2316640,340.0376,141.3965,2.4049
l2,0,0,0,32,16384,6291456,0,42,6,5573360,2317536,340.1709,141.4512,2.4049
l2,0,0,0,32,16384,6291456,0,42,7,5574713,2318112,340.2535,141.4863,2.4049
l2,0,0,0,32,16384,6291456,0,42,8,5571396,2316736,340.0510,141.4023,2.4048
l2,0,0,0,32,16384,6291456,0,42,9,5571937,2316896,340.0840,141.4121,2.4049
l2,0,0,0,32,16384,6291456,0,42,10,5574472,2318016,340.2388,141.4805,2.4048
l2,0,0,0,32,16384,6291456,0,42,11,5573192,2317440,340.1606,141.4453,2.4049
l2,0,0,0,32,16384,6291456,0,42,12,5568346,2315456,339.8649,141.3242,2.4049
l2,0,0,0,32,16384,6291456,0,42,13,5571423,2316736,340.0527,141.4023,2.4049
l2,0,0,0,32,16384,6291456,0,42,14,5571095,2316576,340.0327,141.3926,2.4049
l2,0,0,0,32,16384,6291456,0,42,15,5572739,2317248,340.1330,141.4336,2.4049
l2,0,0,0,32,16384,6291456,0,42,16,5569519,2316000,339.9365,141.3574,2.4048
l2,0,0,0,32,16384,6291456,0,42,17,5572593,2317184,340.1241,141.4297,2.4049
l2,0,0,0,32,16384,6291456,0,42,18,5570732,2316480,340.0105,141.3867,2.4048
l2,0,0,0,32,16384,6291456,0,42,19,5574214,2317888,340.2230,141.4727,2.4049
l2,0,0,0,32,16384,6291456,0,42,20,5572694,2317280,340.1302,141.4355,2.4048
l2,0,0,0,32,16384,6291456,0,42,21,5572882,2317312,340.1417,141.4375,2.4049
l2,0,0,0,32,16384,6291456,0,42,22,5570631,2316352,340.0043,141.3789,2.4049
l2,0,0,0,32,16384,6291456,0,42,23,5571296,2316672,340.0449,141.3984,2.4049
l2,0,0,0,32,16384,6291456,0,42,24,5565485,2314240,339.6902,141.2500,2.4049
l2,0,0,0,32,16384,6291456,0,42,25,5838934,2427968,356.3802,148.1914,2.4049
l2,0,0,0,32,16384,6291456,0,42,26,5572815,2317280,340.1376,141.4355,2.4049
l2,0,0,0,32,16384,6291456,0,42,27,5571735,2316832,340.0717,141.4082,2.4049
l2,0,0,0,32,16384,6291456,0,42,28,5575680,2318496,340.3125,141.5098,2.4049
l2,0,0,0,32,16384,6291456,0,42,29,5572750,2317248,340.1337,141.4336,2.4049
l2,0,0,0,32,16384,6291456,0,42,30,5569877,2316064,339.9583,141.3613,2.4049
l2,0,0,0,32,16384,6291456,0,42,31,5575681,2318464,340.3126,141.5078,2.4049
l2,0,0,0,32,16384,6291456,0,42,32,5572906,2317344,340.1432,141.4395,2.4049
l2,0,0,0,32,16384,6291456,0,42,33,5573888,2317728,340.2031,141.4629,2.4049
l2,0,0,0,32,16384,6291456,0,42,34,5570975,2316544,340.0253,141.3906,2.4049
l2,0,0,0,32,16384,6291456,0,42,35,5573758,2317696,340.1952,141.4609,2.4049
l2,0,0,0,32,16384,6291456,0,42,36,5576671,2318880,340.3730,141.5332,2.4049
l2,0,0,0,32,16384,6291456,0,42,37,5572687,2317216,340.1298,141.4316,2.4049
l2,0,0,0,32,16384,6291456,0,42,38,5573929,2317760,340.2056,141.4648,2.4049
l2,0,0,0,32,16384,6291456,0,42,39,5568686,2315680,339.8856,141.3379,2.4048
l2,0,0,0,32,16384,6291456,0,42,40,5573028,2317440,340.1506,141.4453,2.4048
l2,0,0,0,32,16384,6291456,0,42,41,5664226,2355328,345.7169,143.7578,2.4049
l2,0,0,0,32,16384,6291456,0,42,42,5575441,2318400,340.2979,141.5039,2.4049
l2,0,0,0,32,16384,6291456,0,42,43,5567203,2314944,339.7951,141.2930,2.4049
l2,0,0,0,32,16384,6291456,0,42,44,5568447,2315456,339.8710,141.3242,2.4049
l2,0,0,0,32,16384,6291456,0,42,45,5569650,2316032,339.9445,141.3594,2.4048
l2,0,0,0,32,16384,6291456,0,42,46,5575692,2318496,340.3132,141.5098,2.4049
l2,0,0,0,32,16384,6291456,0,42,47,5575483,2318400,340.3005,141.5039,2.4049
l2,0,0,0,32,16384,6291456,0,42,48,5570718,2316416,340.0096,141.3828,2.4049
l2,0,0,0,32,16384,6291456,0,42,49,5573565,2317600,340.1834,141.4551,2.4049
l2,0,0,0,32,16384,6291456,0,42,50,5574189,2317856,340.2215,141.4707,2.4049
l2,0,0,0,32,16384,6291456,0,42,51,5576499,2318880,340.3625,141.5332,2.4048
l2,0,0,0,32,16384,6291456,0,42,52,5568190,2315424,339.8553,141.3223,2.4048
l2,0,0,0,32,16384,6291456,0,42,53,5570923,2316544,340.0222,141.3906,2.4048
l2,0,0,0,32,16384,6291456,0,42,54,5577628,2319296,340.4314,141.5586,2.4049
l2,0,0,0,32,16384,6291456,0,42,55,5570456,2316320,339.9937,141.3770,2.4049
l2,0,0,0,32,16384,6291456,0,42,56,5577076,2319072,340.3977,141.5449,2.4049
l2,0,0,0,32,16384,6291456,0,42,57,5571586,2316800,340.0626,141.4062,2.4049
l2,0,0,0,32,16384,6291456,0,42,58,5571374,2316704,340.0497,141.4004,2.4049
l2,0,0,0,32,16384,6291456,0,42,59,5570794,2316416,340.0143,141.3828,2.4049
l2,0,0,0,32,16384,6291456,0,42,60,5569780,2316032,339.9524,141.3594,2.4049
l2,0,0,0,32,16384,6291456,0,42,61,5575131,2318272,340.2790,141.4961,2.4049
l2,0,0,0,32,16384,6291456,0,42,62,5567982,2315264,339.8427,141.3125,2.4049
l2,0,0,0,32,16384,6291456,0,42,63,5571464,2316768,340.0552,141.4043,2.4048
l2,0,0,0,32,16384,6291456,0,42,64,5575593,2318432,340.3072,141.5059,2.4049
l2,0,0,0,32,16384,6291456,0,42,65,5571546,2316704,340.0602,141.4004,2.4049
l2,0,0,0,32,16384,6291456,0,42,66,5571760,2316832,340.0732,141.4082,2.4049
l2,0,0,0,32,16384,6291456,0,42,67,5569532,2315904,339.9373,141.3516,2.4049
l2,0,0,0,32,16384,6291456,0,42,68,5573847,2317696,340.2006,141.4609,2.4049
l2,0,0,0,32,16384,6291456,0,42,69,5571870,2316928,340.0800,141.4141,2.4049
l2,0,0,0,32,16384,6291456,0,42,70,5571952,2316928,340.0850,141.4141,2.4049
l2,0,0,0,32,16384,6291456,0,42,71,5570012,2316096,339.9666,141.3633,2.4049
l2,0,0,0,32,16384,6291456,0,42,72,5574343,2317920,340.2309,141.4746,2.4049
l2,0,0,0,32,16384,6291456,0,42,73,5567509,2315072,339.8138,141.3008,2.4049
l2,0,0,0,32,16384,6291456,0,42,74,5571382,2316672,340.0502,141.3984,2.4049
l2,0,0,0,32,16384,6291456,0,42,75,5571705,2316896,340.0699,141.4121,2.4048
l2,0,0,0,32,16384,6291456,0,42,76,5572174,2317024,340.0985,141.4199,2.4049
l2,0,0,0,32,16384,6291456,0,42,77,5567220,2314944,339.7961,141.2930,2.4049
l2,0,0,0,32,16384,6291456,0,42,78,5567378,2315072,339.8058,141.3008,2.4048
l2,0,0,0,32,16384,6291456,0,42,79,5570984,2316576,340.0259,141.3926,2.4048
l2,0,0,0,32,16384,6291456,0,42,80,5568963,2315744,339.9025,141.3418,2.4048
l2,0,0,0,32,16384,6291456,0,42,81,5570721,2316384,340.0098,141.3809,2.4049
l2,0,0,0,32,16384,6291456,0,42,82,5572984,2317344,340.1479,141.4395,2.4049
l2,0,0,0,32,16384,6291456,0,42,83,5575268,2318304,340.2874,141.4980,2.4049
l2,0,0,0,32,16384,6291456,0,42,84,5567570,2315168,339.8175,141.3066,2.4048
l2,0,0,0,32,16384,6291456,0,42,85,5573621,2317600,340.1868,141.4551,2.4049
l2,0,0,0,32,16384,6291456,0,42,86,5574072,2317856,340.2144,141.4707,2.4048
l2,0,0,0,32,16384,6291456,0,42,87,5567664,2315136,339.8232,141.3047,2.4049
l2,0,0,0,32,16384,6291456,0,42,88,5573386,2317568,340.1725,141.4531,2.4048
l2,0,0,0,32,16384,6291456,0,42,89,5574079,2317856,340.2148,141.4707,2.4048
l2,0,0,0,32,16384,6291456,0,42,90,5574702,2318112,340.2528,141.4863,2.4048
l2,0,0,0,32,16384,6291456,0,42,91,5575708,2318528,340.3142,141.5117,2.4048
l2,0,0,0,32,16384,6291456,0,42,92,5572015,2316960,340.0888,141.4160,2.4049
l2,0,0,0,32,16384,6291456,0,42,93,5571852,2316928,340.0789,141.4141,2.4048
l2,0,0,0,32,16384,6291456,0,42,94,5573453,2317600,340.1766,141.4551,2.4048
l2,0,0,0,32,16384,6291456,0,42,95,5571351,2316704,340.0483,141.4004,2.4049
l2,0,0,0,32,16384,6291456,0,42,96,5571930,2316928,340.0836,141.4141,2.4049
l2,0,0,0,32,16384,6291456,0,42,97,5570562,2316352,340.0001,141.3789,2.4049
l2,0,0,0,32,16384,6291456,0,42,98,5570135,2316224,339.9741,141.3711,2.4048
l2,0,0,0,32,16384,6291456,0,42,99,5570864,2316512,340.0186,141.3887,2.4049
l2,0,0,0,32,16384,6291456,0,42,100,5577806,2319392,340.4423,141.5645,2.4049
