# command: ./latency-many-threads --target remote --requesters 4 --chasers 512 --reps 11 --steps 16384
# gpu: NVIDIA GB10
# compute_capability: 12.1
# sm_count: 48
# l2_bytes: 25165824
# sm_clock_max_khz: 2418000
# driver_version: 13000
# runtime_version: 13000
# seed: 42
# reps: 11
# steps: 16384
# warmup: 1
# buffer_elems: 4096
# stride_bytes: 0
# cycle_length: 4096
# chasers: 512
# requesters: 4
# target: remote
# bank_aligned: 1
# warps_per_requester: 16
benchmark,cluster_size,distance,mapped,block_size,steps,buffer_bytes,stride_bytes,seed,rep,cycles,ns,cycles_per_load,ns_per_load,ghz,chasers,warp
dsmem_loaded,5,0,1,512,16384,0,0,42,0,450243449,187222720,27480.6793,11427.1680,2.4049,512,0
dsmem_loaded,5,0,1,512,16384,0,0,42,0,450243450,187222752,27480.6793,11427.1699,2.4049,512,1
dsmem_loaded,5,0,1,512,16384,0,0,42,0,450243255,187222688,27480.6674,11427.1660,2.4049,512,2
dsmem_loaded,5,0,1,512,16384,0,0,42,0,450243450,187222752,27480.6793,11427.1699,2.4049,512,3
dsmem_loaded,5,0,1,512,16384,0,0,42,0,450243450,187222752,27480.6793,11427.1699,2.4049,512,4
dsmem_loaded,5,0,1,512,16384,0,0,42,0,450249764,187225344,27481.0647,11427.3281,2.4049,512,5
dsmem_loaded,5,0,1,512,16384,0,0,42,0,450239848,187221216,27480.4595,11427.0762,2.4049,512,6
dsmem_loaded,5,0,1,512,16384,0,0,42,0,450243450,187222720,27480.6793,11427.1680,2.4049,512,7
dsmem_loaded,5,0,1,512,16384,0,0,42,0,450257140,187228416,27481.5149,11427.5156,2.4049,512,8
dsmem_loaded,5,0,1,512,16384,0,0,42,0,450241558,187221952,27480.5638,11427.1211,2.4049,512,9
dsmem_loaded,5,0,1,512,16384,0,0,42,0,450241557,187221952,27480.5638,11427.1211,2.4049,512,10
dsmem_loaded,5,0,1,512,16384,0,0,42,0,450241557,187221920,27480.5638,11427.1191,2.4049,512,11
dsmem_loaded,5,0,1,512,16384,0,0,42,0,450243450,187222752,27480.6793,11427.1699,2.4049,512,12
dsmem_loaded,5,0,1,512,16384,0,0,42,0,450248125,187224704,27480.9647,11427.2891,2.4049,512,13
dsmem_loaded,5,0,1,512,16384,0,0,42,0,450241558,187221952,27480.5638,11427.1211,2.4049,512,14
dsmem_loaded,5,0,1,512,16384,0,0,42,0,450241557,187221920,27480.5638,11427.1191,2.4049,512,15
dsmem_loaded,5,0,1,512,16384,0,0,42,0,450243450,187222720,27480.6793,11427.1680,2.4049,512,16
dsmem_loaded,5,0,1,512,16384,0,0,42,0,450243450,187222752,27480.6793,11427.1699,2.4049,512,17
dsmem_loaded,5,0,1,512,16384,0,0,42,0,450243449,187222752,27480.6793,11427.1699,2.4049,512,18
dsmem_loaded,5,0,1,512,16384,0,0,42,0,450241679,187221984,27480.5712,11427.1230,2.4049,512,19
dsmem_loaded,5,0,1,512,16384,0,0,42,0,450243450,187222720,27480.6793,11427.1680,2.4049,512,20
dsmem_loaded,5,0,1,512,16384,0,0,42,0,450240741,187221600,27480.5140,11427.0996,2.4049,512,21
dsmem_loaded,5,0,1,512,16384,0,0,42,0,450250296,187225568,27481.0972,11427.3418,2.4049,512,22
dsmem_loaded,5,0,1,512,16384,0,0,42,0,450243450,187222752,27480.6793,11427.1699,2.4049,512,23
dsmem_loaded,5,0,1,512,16384,0,0,42,0,451733919,187842528,27571.6503,11464.9980,2.4049,512,24
dsmem_loaded,5,0,1,512,16384,0,0,42,0,450241680,187221984,27480.5713,11427.1230,2.4049,512,25
dsmem_loaded,5,0,1,512,16384,0,0,42,0,450243450,187222752,27480.6793,11427.1699,2.4049,512,26
dsmem_loaded,5,0,1,512,16384,0,0,42,0,450241845,187222048,27480.5814,11427.1270,2.4049,512,27
dsmem_loaded,5,0,1,512,16384,0,0,42,0,450243274,187222688,27480.6686,11427.1660,2.4049,512,28
dsmem_loaded,5,0,1,512,16384,0,0,42,0,450243453,187222720,27480.6795,11427.1680,2.4049,512,29
dsmem_loaded,5,0,1,512,16384,0,0,42,0,451739901,187845024,27572.0154,11465.1504,2.4049,512,30
dsmem_loaded,5,0,1,512,16384,0,0,42,0,450243449,187222720,27480.6793,11427.1680,2.4049,512,31
dsmem_loaded,5,0,1,512,16384,0,0,42,0,450243450,187222720,27480.6793,11427.1680,2.4049,512,32
dsmem_loaded,5,0,1,512,16384,0,0,42,0,450246525,187224032,27480.8670,11427.2480,2.4049,512,33
dsmem_loaded,5,0,1,512,16384,0,0,42,0,450243453,187222720,27480.6795,11427.1680,2.4049,512,34
dsmem_loaded,5,0,1,512,16384,0,0,42,0,450243449,187222720,27480.6793,11427.1680,2.4049,512,35
dsmem_loaded,5,0,1,512,16384,0,0,42,0,450243714,187222880,27480.6954,11427.1777,2.4049,512,36
dsmem_loaded,5,0,1,512,16384,0,0,42,0,450243450,187222688,27480.6793,11427.1660,2.4049,512,37
dsmem_loaded,5,0,1,512,16384,0,0,42,0,450243451,187222720,27480.6794,11427.1680,2.4049,512,38
dsmem_loaded,5,0,1,512,16384,0,0,42,0,450243450,187222752,27480.6793,11427.1699,2.4049,512,39
dsmem_loaded,5,0,1,512,16384,0,0,42,0,450243447,187222720,27480.6791,11427.1680,2.4049,512,40
dsmem_loaded,5,0,1,512,16384,0,0,42,0,450243450,187222720,27480.6793,11427.1680,2.4049,512,41
dsmem_loaded,5,0,1,512,16384,0,0,42,0,450243450,187222720,27480.6793,11427.1680,2.4049,512,42
dsmem_loaded,5,0,1,512,16384,0,0,42,0,450244560,187223200,27480.7471,11427.1973,2.4049,512,43
dsmem_loaded,5,0,1,512,16384,0,0,42,0,450243450,187222752,27480.6793,11427.1699,2.4049,512,44
dsmem_loaded,5,0,1,512,16384,0,0,42,0,450243450,187222720,27480.6793,11427.1680,2.4049,512,45
dsmem_loaded,5,0,1,512,16384,0,0,42,0,450243450,187222720,27480.6793,11427.1680,2.4049,512,46
dsmem_loaded,5,0,1,512,16384,0,0,42,0,450243450,187222720,27480.6793,11427.1680,2.4049,512,47
dsmem_loaded,5,0,1,512,16384,0,0,42,0,450239537,187221120,27480.4405,11427.0703,2.4049,512,48
dsmem_loaded,5,0,1,512,16384,0,0,42,0,450248614,187224864,27480.9945,11427.2988,2.4049,512,49
dsmem_loaded,5,0,1,512,16384,0,0,42,0,450248771,187224928,27481.0041,11427.3027,2.4049,512,50
dsmem_loaded,5,0,1,512,16384,0,0,42,0,450247912,187224576,27480.9517,11427.2812,2.4049,512,51
dsmem_loaded,5,0,1,512,16384,0,0,42,0,450243452,187222720,27480.6794,11427.1680,2.4049,512,52
dsmem_loaded,5,0,1,512,16384,0,0,42,0,450243449,187222720,27480.6793,11427.1680,2.4049,512,53
dsmem_loaded,5,0,1,512,16384,0,0,42,0,450243450,187222720,27480.6793,11427.1680,2.4049,512,54
dsmem_loaded,5,0,1,512,16384,0,0,42,0,450243454,187222752,27480.6796,11427.1699,2.4049,512,55
dsmem_loaded,5,0,1,512,16384,0,0,42,0,450239908,187221280,27480.4631,11427.0801,2.4049,512,56
dsmem_loaded,5,0,1,512,16384,0,0,42,0,450243450,187222752,27480.6793,11427.1699,2.4049,512,57
dsmem_loaded,5,0,1,512,16384,0,0,42,0,450243450,187222688,27480.6793,11427.1660,2.4049,512,58
dsmem_loaded,5,0,1,512,16384,0,0,42,0,450243449,187222720,27480.6793,11427.1680,2.4049,512,59
dsmem_loaded,5,0,1,512,16384,0,0,42,0,450243450,187222752,27480.6793,11427.1699,2.4049,512,60
dsmem_loaded,5,0,1,512,16384,0,0,42,0,450243450,187222784,27480.6793,11427.1719,2.4049,512,61
dsmem_loaded,5,0,1,512,16384,0,0,42,0,450243449,187222720,27480.6793,11427.1680,2.4049,512,62
dsmem_loaded,5,0,1,512,16384,0,0,42,0,450243450,187222720,27480.6793,11427.1680,2.4049,512,63
dsmem_loaded,5,0,1,512,16384,0,0,42,1,450311417,187250432,27484.8277,11428.8594,2.4049,512,0
dsmem_loaded,5,0,1,512,16384,0,0,42,1,450311417,187250496,27484.8277,11428.8633,2.4049,512,1
dsmem_loaded,5,0,1,512,16384,0,0,42,1,450317589,187253056,27485.2044,11429.0195,2.4049,512,2
dsmem_loaded,5,0,1,512,16384,0,0,42,1,450311418,187250464,27484.8278,11428.8613,2.4049,512,3
dsmem_loaded,5,0,1,512,16384,0,0,42,1,450311417,187250464,27484.8277,11428.8613,2.4049,512,4
dsmem_loaded,5,0,1,512,16384,0,0,42,1,450311417,187250464,27484.8277,11428.8613,2.4049,512,5
dsmem_loaded,5,0,1,512,16384,0,0,42,1,450311417,187250496,27484.8277,11428.8633,2.4049,512,6
dsmem_loaded,5,0,1,512,16384,0,0,42,1,450312091,187250784,27484.8688,11428.8809,2.4049,512,7
dsmem_loaded,5,0,1,512,16384,0,0,42,1,450312272,187250848,27484.8799,11428.8848,2.4049,512,8
dsmem_loaded,5,0,1,512,16384,0,0,42,1,450311417,187250432,27484.8277,11428.8594,2.4049,512,9
dsmem_loaded,5,0,1,512,16384,0,0,42,1,450311971,187250720,27484.8615,11428.8770,2.4049,512,10
dsmem_loaded,5,0,1,512,16384,0,0,42,1,450312032,187250720,27484.8652,11428.8770,2.4049,512,11
dsmem_loaded,5,0,1,512,16384,0,0,42,1,450311418,187250464,27484.8278,11428.8613,2.4049,512,12
dsmem_loaded,5,0,1,512,16384,0,0,42,1,450312579,187250944,27484.8986,11428.8906,2.4049,512,13
dsmem_loaded,5,0,1,512,16384,0,0,42,1,450311418,187250496,27484.8278,11428.8633,2.4049,512,14
dsmem_loaded,5,0,1,512,16384,0,0,42,1,450311417,187250464,27484.8277,11428.8613,2.4049,512,15
dsmem_loaded,5,0,1,512,16384,0,0,42,1,450311418,187250464,27484.8278,11428.8613,2.4049,512,16
dsmem_loaded,5,0,1,512,16384,0,0,42,1,450311418,187250496,27484.8278,11428.8633,2.4049,512,17
dsmem_loaded,5,0,1,512,16384,0,0,42,1,450311418,187250464,27484.8278,11428.8613,2.4049,512,18
dsmem_loaded,5,0,1,512,16384,0,0,42,1,450311417,187250464,27484.8277,11428.8613,2.4049,512,19
dsmem_loaded,5,0,1,512,16384,0,0,42,1,450311417,187250464,27484.8277,11428.8613,2.4049,512,20
dsmem_loaded,5,0,1,512,16384,0,0,42,1,450311417,187250432,27484.8277,11428.8594,2.4049,512,21
dsmem_loaded,5,0,1,512,16384,0,0,42,1,450311418,187250464,27484.8278,11428.8613,2.4049,512,22
dsmem_loaded,5,0,1,512,16384,0,0,42,1,450311417,187250496,27484.8277,11428.8633,2.4049,512,23
dsmem_loaded,5,0,1,512,16384,0,0,42,1,450311417,187250432,27484.8277,11428.8594,2.4049,512,24
dsmem_loaded,5,0,1,512,16384,0,0,42,1,450314271,187251680,27485.0019,11428.9355,2.4049,512,25
dsmem_loaded,5,0,1,512,16384,0,0,42,1,450317211,187252896,27485.1813,11429.0098,2.4049,512,26
dsmem_loaded,5,0,1,512,16384,0,0,42,1,450311418,187250432,27484.8278,11428.8594,2.4049,512,27
dsmem_loaded,5,0,1,512,16384,0,0,42,1,450317937,187253184,27485.2256,11429.0273,2.4049,512,28
dsmem_loaded,5,0,1,512,16384,0,0,42,1,450311418,187250464,27484.8278,11428.8613,2.4049,512,29
dsmem_loaded,5,0,1,512,16384,0,0,42,1,450311417,187250464,27484.8277,11428.8613,2.4049,512,30
dsmem_loaded,5,0,1,512,16384,0,0,42,1,450315619,187252192,27485.0842,11428.9668,2.4049,512,31
dsmem_loaded,5,0,1,512,16384,0,0,42,1,450311417,187250464,27484.8277,11428.8613,2.4049,512,32
dsmem_loaded,5,0,1,512,16384,0,0,42,1,450311417,187250464,27484.8277,11428.8613,2.4049,512,33
dsmem_loaded,5,0,1,512,16384,0,0,42,1,450311418,187250464,27484.8278,11428.8613,2.4049,512,34
dsmem_loaded,5,0,1,512,16384,0,0,42,1,450313921,187251520,27484.9805,11428.9258,2.4049,512,35
dsmem_loaded,5,0,1,512,16384,0,0,42,1,450311417,187250496,27484.8277,11428.8633,2.4049,512,36
dsmem_loaded,5,0,1,512,16384,0,0,42,1,450314471,187251744,27485.0141,11428.9395,2.4049,512,37
dsmem_loaded,5,0,1,512,16384,0,0,42,1,450311417,187250432,27484.8277,11428.8594,2.4049,512,38
dsmem_loaded,5,0,1,512,16384,0,0,42,1,450311418,187250464,27484.8278,11428.8613,2.4049,512,39
dsmem_loaded,5,0,1,512,16384,0,0,42,1,450317652,187253056,27485.2083,11429.0195,2.4049,512,40
dsmem_loaded,5,0,1,512,16384,0,0,42,1,450311418,187250464,27484.8278,11428.8613,2.4049,512,41
dsmem_loaded,5,0,1,512,16384,0,0,42,1,450312399,187250880,27484.8876,11428.8867,2.4049,512,42
dsmem_loaded,5,0,1,512,16384,0,0,42,1,450311418,187250432,27484.8278,11428.8594,2.4049,512,43
dsmem_loaded,5,0,1,512,16384,0,0,42,1,450311418,187250464,27484.8278,11428.8613,2.4049,512,44
dsmem_loaded,5,0,1,512,16384,0,0,42,1,450311417,187250432,27484.8277,11428.8594,2.4049,512,45
dsmem_loaded,5,0,1,512,16384,0,0,42,1,450311418,187250496,27484.8278,11428.8633,2.4049,512,46
dsmem_loaded,5,0,1,512,16384,0,0,42,1,450312277,187250848,27484.8802,11428.8848,2.4049,512,47
dsmem_loaded,5,0,1,512,16384,0,0,42,1,450311418,187250432,27484.8278,11428.8594,2.4049,512,48
dsmem_loaded,5,0,1,512,16384,0,0,42,1,450311418,187250464,27484.8278,11428.8613,2.4049,512,49
dsmem_loaded,5,0,1,512,16384,0,0,42,1,450311418,187250464,27484.8278,11428.8613,2.4049,512,50
dsmem_loaded,5,0,1,512,16384,0,0,42,1,450311418,187250464,27484.8278,11428.8613,2.4049,512,51
dsmem_loaded,5,0,1,512,16384,0,0,42,1,450314213,187251616,27484.9984,11428.9316,2.4049,512,52
dsmem_loaded,5,0,1,512,16384,0,0,42,1,450314335,187251680,27485.0058,11428.9355,2.4049,512,53
dsmem_loaded,5,0,1,512,16384,0,0,42,1,450311417,187250464,27484.8277,11428.8613,2.4049,512,54
dsmem_loaded,5,0,1,512,16384,0,0,42,1,450311417,187250464,27484.8277,11428.8613,2.4049,512,55
dsmem_loaded,5,0,1,512,16384,0,0,42,1,450311418,187250464,27484.8278,11428.8613,2.4049,512,56
dsmem_loaded,5,0,1,512,16384,0,0,42,1,450311418,187250496,27484.8278,11428.8633,2.4049,512,57
dsmem_loaded,5,0,1,512,16384,0,0,42,1,450311417,187250464,27484.8277,11428.8613,2.4049,512,58
dsmem_loaded,5,0,1,512,16384,0,0,42,1,450312505,187250912,27484.8941,11428.8887,2.4049,512,59
dsmem_loaded,5,0,1,512,16384,0,0,42,1,450311417,187250464,27484.8277,11428.8613,2.4049,512,60
dsmem_loaded,5,0,1,512,16384,0,0,42,1,450311417,187250464,27484.8277,11428.8613,2.4049,512,61
dsmem_loaded,5,0,1,512,16384,0,0,42,1,450311418,187250464,27484.8278,11428.8613,2.4049,512,62
dsmem_loaded,5,0,1,512,16384,0,0,42,1,450311418,187250464,27484.8278,11428.8613,2.4049,512,63
dsmem_loaded,5,0,1,512,16384,0,0,42,2,450306426,187248800,27484.5231,11428.7598,2.4049,512,0
dsmem_loaded,5,0,1,512,16384,0,0,42,2,450306426,187248768,27484.5231,11428.7578,2.4049,512,1
dsmem_loaded,5,0,1,512,16384,0,0,42,2,450306426,187248768,27484.5231,11428.7578,2.4049,512,2
dsmem_loaded,5,0,1,512,16384,0,0,42,2,450306426,187248800,27484.5231,11428.7598,2.4049,512,3
dsmem_loaded,5,0,1,512,16384,0,0,42,2,450312278,187251200,27484.8802,11428.9062,2.4049,512,4
dsmem_loaded,5,0,1,512,16384,0,0,42,2,450306426,187248736,27484.5231,11428.7559,2.4049,512,5
dsmem_loaded,5,0,1,512,16384,0,0,42,2,450307384,187249152,27484.5815,11428.7812,2.4049,512,6
dsmem_loaded,5,0,1,512,16384,0,0,42,2,450306425,187248768,27484.5230,11428.7578,2.4049,512,7
dsmem_loaded,5,0,1,512,16384,0,0,42,2,450306426,187248736,27484.5231,11428.7559,2.4049,512,8
dsmem_loaded,5,0,1,512,16384,0,0,42,2,450310747,187250560,27484.7868,11428.8672,2.4049,512,9
dsmem_loaded,5,0,1,512,16384,0,0,42,2,450306425,187248768,27484.5230,11428.7578,2.4049,512,10
dsmem_loaded,5,0,1,512,16384,0,0,42,2,450309584,187250080,27484.7158,11428.8379,2.4049,512,11
dsmem_loaded,5,0,1,512,16384,0,0,42,2,450306426,187248736,27484.5231,11428.7559,2.4049,512,12
dsmem_loaded,5,0,1,512,16384,0,0,42,2,450306426,187248736,27484.5231,11428.7559,2.4049,512,13
dsmem_loaded,5,0,1,512,16384,0,0,42,2,450307687,187249280,27484.6000,11428.7891,2.4049,512,14
dsmem_loaded,5,0,1,512,16384,0,0,42,2,450306426,187248768,27484.5231,11428.7578,2.4049,512,15
dsmem_loaded,5,0,1,512,16384,0,0,42,2,450306426,187248768,27484.5231,11428.7578,2.4049,512,16
dsmem_loaded,5,0,1,512,16384,0,0,42,2,450306426,187248800,27484.5231,11428.7598,2.4049,512,17
dsmem_loaded,5,0,1,512,16384,0,0,42,2,450306426,187248800,27484.5231,11428.7598,2.4049,512,18
dsmem_loaded,5,0,1,512,16384,0,0,42,2,450306426,187248800,27484.5231,11428.7598,2.4049,512,19
dsmem_loaded,5,0,1,512,16384,0,0,42,2,450306425,187248768,27484.5230,11428.7578,2.4049,512,20
dsmem_loaded,5,0,1,512,16384,0,0,42,2,450306426,187248768,27484.5231,11428.7578,2.4049,512,21
dsmem_loaded,5,0,1,512,16384,0,0,42,2,450311360,187250848,27484.8242,11428.8848,2.4049,512,22
dsmem_loaded,5,0,1,512,16384,0,0,42,2,450306426,187248768,27484.5231,11428.7578,2.4049,512,23
dsmem_loaded,5,0,1,512,16384,0,0,42,2,450307448,187249184,27484.5854,11428.7832,2.4049,512,24
dsmem_loaded,5,0,1,512,16384,0,0,42,2,450312891,187251488,27484.9177,11428.9238,2.4049,512,25
dsmem_loaded,5,0,1,512,16384,0,0,42,2,450306426,187248736,27484.5231,11428.7559,2.4049,512,26
dsmem_loaded,5,0,1,512,16384,0,0,42,2,450309225,187249952,27484.6939,11428.8301,2.4049,512,27
dsmem_loaded,5,0,1,512,16384,0,0,42,2,450307388,187249184,27484.5818,11428.7832,2.4049,512,28
dsmem_loaded,5,0,1,512,16384,0,0,42,2,450306426,187248768,27484.5231,11428.7578,2.4049,512,29
dsmem_loaded,5,0,1,512,16384,0,0,42,2,450306426,187248768,27484.5231,11428.7578,2.4049,512,30
dsmem_loaded,5,0,1,512,16384,0,0,42,2,450306425,187248800,27484.5230,11428.7598,2.4049,512,31
dsmem_loaded,5,0,1,512,16384,0,0,42,2,450306426,187248800,27484.5231,11428.7598,2.4049,512,32
dsmem_loaded,5,0,1,512,16384,0,0,42,2,450306426,187248800,27484.5231,11428.7598,2.4049,512,33
dsmem_loaded,5,0,1,512,16384,0,0,42,2,450306425,187248768,27484.5230,11428.7578,2.4049,512,34
dsmem_loaded,5,0,1,512,16384,0,0,42,2,450306426,187248768,27484.5231,11428.7578,2.4049,512,35
dsmem_loaded,5,0,1,512,16384,0,0,42,2,450312897,187251456,27484.9180,11428.9219,2.4049,512,36
dsmem_loaded,5,0,1,512,16384,0,0,42,2,450306426,187248768,27484.5231,11428.7578,2.4049,512,37
dsmem_loaded,5,0,1,512,16384,0,0,42,2,450312782,187251424,27484.9110,11428.9199,2.4049,512,38
dsmem_loaded,5,0,1,512,16384,0,0,42,2,450310340,187250400,27484.7620,11428.8574,2.4049,512,39
dsmem_loaded,5,0,1,512,16384,0,0,42,2,450306425,187248800,27484.5230,11428.7598,2.4049,512,40
dsmem_loaded,5,0,1,512,16384,0,0,42,2,450306425,187248736,27484.5230,11428.7559,2.4049,512,41
dsmem_loaded,5,0,1,512,16384,0,0,42,2,450306426,187248736,27484.5231,11428.7559,2.4049,512,42
dsmem_loaded,5,0,1,512,16384,0,0,42,2,450306426,187248768,27484.5231,11428.7578,2.4049,512,43
dsmem_loaded,5,0,1,512,16384,0,0,42,2,450306426,187248768,27484.5231,11428.7578,2.4049,512,44
dsmem_loaded,5,0,1,512,16384,0,0,42,2,450310885,187250624,27484.7952,11428.8711,2.4049,512,45
dsmem_loaded,5,0,1,512,16384,0,0,42,2,450306426,187248768,27484.5231,11428.7578,2.4049,512,46
dsmem_loaded,5,0,1,512,16384,0,0,42,2,450306426,187248768,27484.5231,11428.7578,2.4049,512,47
dsmem_loaded,5,0,1,512,16384,0,0,42,2,450306426,187248800,27484.5231,11428.7598,2.4049,512,48
dsmem_loaded,5,0,1,512,16384,0,0,42,2,450306425,187248800,27484.5230,11428.7598,2.4049,512,49
dsmem_loaded,5,0,1,512,16384,0,0,42,2,450306426,187248768,27484.5231,11428.7578,2.4049,512,50
dsmem_loaded,5,0,1,512,16384,0,0,42,2,450306426,187248768,27484.5231,11428.7578,2.4049,512,51
dsmem_loaded,5,0,1,512,16384,0,0,42,2,450307591,187249248,27484.5942,11428.7871,2.4049,512,52
dsmem_loaded,5,0,1,512,16384,0,0,42,2,450307227,187249088,27484.5720,11428.7773,2.4049,512,53
dsmem_loaded,5,0,1,512,16384,0,0,42,2,450312666,187251392,27484.9039,11428.9180,2.4049,512,54
dsmem_loaded,5,0,1,512,16384,0,0,42,2,450307288,187249120,27484.5757,11428.7793,2.4049,512,55
dsmem_loaded,5,0,1,512,16384,0,0,42,2,450306426,187248768,27484.5231,11428.7578,2.4049,512,56
dsmem_loaded,5,0,1,512,16384,0,0,42,2,450306426,187248768,27484.5231,11428.7578,2.4049,512,57
dsmem_loaded,5,0,1,512,16384,0,0,42,2,450306426,187248736,27484.5231,11428.7559,2.4049,512,58
dsmem_loaded,5,0,1,512,16384,0,0,42,2,450306425,187248800,27484.5230,11428.7598,2.4049,512,59
dsmem_loaded,5,0,1,512,16384,0,0,42,2,450306425,187248768,27484.5230,11428.7578,2.4049,512,60
dsmem_loaded,5,0,1,512,16384,0,0,42,2,450306426,187248768,27484.5231,11428.7578,2.4049,512,61
dsmem_loaded,5,0,1,512,16384,0,0,42,2,450306426,187248800,27484.5231,11428.7598,2.4049,512,62
dsmem_loaded,5,0,1,512,16384,0,0,42,2,450306426,187248768,27484.5231,11428.7578,2.4049,512,63
dsmem_loaded,5,0,1,512,16384,0,0,42,3,450302713,187247104,27484.2964,11428.6562,2.4049,512,0
dsmem_loaded,5,0,1,512,16384,0,0,42,3,450302714,187247104,27484.2965,11428.6562,2.4049,512,1
dsmem_loaded,5,0,1,512,16384,0,0,42,3,450302714,187247104,27484.2965,11428.6562,2.4049,512,2
dsmem_loaded,5,0,1,512,16384,0,0,42,3,450302714,187247072,27484.2965,11428.6543,2.4049,512,3
dsmem_loaded,5,0,1,512,16384,0,0,42,3,450302714,187247104,27484.2965,11428.6562,2.4049,512,4
dsmem_loaded,5,0,1,512,16384,0,0,42,3,450303936,187247616,27484.3711,11428.6875,2.4049,512,5
dsmem_loaded,5,0,1,512,16384,0,0,42,3,450302714,187247136,27484.2965,11428.6582,2.4049,512,6
dsmem_loaded,5,0,1,512,16384,0,0,42,3,450306745,187248800,27484.5425,11428.7598,2.4049,512,7
dsmem_loaded,5,0,1,512,16384,0,0,42,3,450305335,187248224,27484.4565,11428.7246,2.4049,512,8
dsmem_loaded,5,0,1,512,16384,0,0,42,3,450302713,187247104,27484.2964,11428.6562,2.4049,512,9
dsmem_loaded,5,0,1,512,16384,0,0,42,3,450302714,187247104,27484.2965,11428.6562,2.4049,512,10
dsmem_loaded,5,0,1,512,16384,0,0,42,3,450302714,187247136,27484.2965,11428.6582,2.4049,512,11
dsmem_loaded,5,0,1,512,16384,0,0,42,3,450302714,187247104,27484.2965,11428.6562,2.4049,512,12
dsmem_loaded,5,0,1,512,16384,0,0,42,3,450302713,187247104,27484.2964,11428.6562,2.4049,512,13
dsmem_loaded,5,0,1,512,16384,0,0,42,3,450302714,187247104,27484.2965,11428.6562,2.4049,512,14
dsmem_loaded,5,0,1,512,16384,0,0,42,3,450302714,187247104,27484.2965,11428.6562,2.4049,512,15
dsmem_loaded,5,0,1,512,16384,0,0,42,3,450302714,187247104,27484.2965,11428.6562,2.4049,512,16
dsmem_loaded,5,0,1,512,16384,0,0,42,3,450302713,187247104,27484.2964,11428.6562,2.4049,512,17
dsmem_loaded,5,0,1,512,16384,0,0,42,3,450302714,187247104,27484.2965,11428.6562,2.4049,512,18
dsmem_loaded,5,0,1,512,16384,0,0,42,3,450302714,187247104,27484.2965,11428.6562,2.4049,512,19
dsmem_loaded,5,0,1,512,16384,0,0,42,3,450303434,187247392,27484.3405,11428.6738,2.4049,512,20
dsmem_loaded,5,0,1,512,16384,0,0,42,3,450302714,187247136,27484.2965,11428.6582,2.4049,512,21
dsmem_loaded,5,0,1,512,16384,0,0,42,3,450302714,187247104,27484.2965,11428.6562,2.4049,512,22
dsmem_loaded,5,0,1,512,16384,0,0,42,3,450302713,187247104,27484.2964,11428.6562,2.4049,512,23
dsmem_loaded,5,0,1,512,16384,0,0,42,3,450302714,187247136,27484.2965,11428.6582,2.4049,512,24
dsmem_loaded,5,0,1,512,16384,0,0,42,3,450308759,187249632,27484.6655,11428.8105,2.4049,512,25
dsmem_loaded,5,0,1,512,16384,0,0,42,3,450307529,187249120,27484.5904,11428.7793,2.4049,512,26
dsmem_loaded,5,0,1,512,16384,0,0,42,3,450302713,187247104,27484.2964,11428.6562,2.4049,512,27
dsmem_loaded,5,0,1,512,16384,0,0,42,3,450302714,187247136,27484.2965,11428.6582,2.4049,512,28
dsmem_loaded,5,0,1,512,16384,0,0,42,3,450302714,187247104,27484.2965,11428.6562,2.4049,512,29
dsmem_loaded,5,0,1,512,16384,0,0,42,3,450302714,187247104,27484.2965,11428.6562,2.4049,512,30
dsmem_loaded,5,0,1,512,16384,0,0,42,3,450305814,187248416,27484.4857,11428.7363,2.4049,512,31
dsmem_loaded,5,0,1,512,16384,0,0,42,3,450302714,187247104,27484.2965,11428.6562,2.4049,512,32
dsmem_loaded,5,0,1,512,16384,0,0,42,3,450302714,187247104,27484.2965,11428.6562,2.4049,512,33
dsmem_loaded,5,0,1,512,16384,0,0,42,3,450302714,187247104,27484.2965,11428.6562,2.4049,512,34
dsmem_loaded,5,0,1,512,16384,0,0,42,3,450302714,187247104,27484.2965,11428.6562,2.4049,512,35
dsmem_loaded,5,0,1,512,16384,0,0,42,3,450302714,187247136,27484.2965,11428.6582,2.4049,512,36
dsmem_loaded,5,0,1,512,16384,0,0,42,3,450302714,187247136,27484.2965,11428.6582,2.4049,512,37
dsmem_loaded,5,0,1,512,16384,0,0,42,3,450302713,187247104,27484.2964,11428.6562,2.4049,512,38
dsmem_loaded,5,0,1,512,16384,0,0,42,3,450303801,187247584,27484.3629,11428.6855,2.4049,512,39
dsmem_loaded,5,0,1,512,16384,0,0,42,3,450308752,187249632,27484.6650,11428.8105,2.4049,512,40
dsmem_loaded,5,0,1,512,16384,0,0,42,3,450302713,187247136,27484.2964,11428.6582,2.4049,512,41
dsmem_loaded,5,0,1,512,16384,0,0,42,3,450302714,187247104,27484.2965,11428.6562,2.4049,512,42
dsmem_loaded,5,0,1,512,16384,0,0,42,3,450302713,187247104,27484.2964,11428.6562,2.4049,512,43
dsmem_loaded,5,0,1,512,16384,0,0,42,3,450302713,187247136,27484.2964,11428.6582,2.4049,512,44
dsmem_loaded,5,0,1,512,16384,0,0,42,3,450303439,187247392,27484.3408,11428.6738,2.4049,512,45
dsmem_loaded,5,0,1,512,16384,0,0,42,3,450305628,187248320,27484.4744,11428.7305,2.4049,512,46
dsmem_loaded,5,0,1,512,16384,0,0,42,3,450302714,187247104,27484.2965,11428.6562,2.4049,512,47
dsmem_loaded,5,0,1,512,16384,0,0,42,3,450302714,187247072,27484.2965,11428.6543,2.4049,512,48
dsmem_loaded,5,0,1,512,16384,0,0,42,3,450302714,187247104,27484.2965,11428.6562,2.4049,512,49
dsmem_loaded,5,0,1,512,16384,0,0,42,3,450302714,187247104,27484.2965,11428.6562,2.4049,512,50
dsmem_loaded,5,0,1,512,16384,0,0,42,3,450302714,187247072,27484.2965,11428.6543,2.4049,512,51
dsmem_loaded,5,0,1,512,16384,0,0,42,3,450308583,187249568,27484.6547,11428.8066,2.4049,512,52
dsmem_loaded,5,0,1,512,16384,0,0,42,3,450302714,187247104,27484.2965,11428.6562,2.4049,512,53
dsmem_loaded,5,0,1,512,16384,0,0,42,3,450303510,187247488,27484.3451,11428.6797,2.4049,512,54
dsmem_loaded,5,0,1,512,16384,0,0,42,3,450302713,187247104,27484.2964,11428.6562,2.4049,512,55
dsmem_loaded,5,0,1,512,16384,0,0,42,3,450302714,187247136,27484.2965,11428.6582,2.4049,512,56
dsmem_loaded,5,0,1,512,16384,0,0,42,3,450307052,187248896,27484.5613,11428.7656,2.4049,512,57
dsmem_loaded,5,0,1,512,16384,0,0,42,3,450302714,187247104,27484.2965,11428.6562,2.4049,512,58
dsmem_loaded,5,0,1,512,16384,0,0,42,3,450307718,187249184,27484.6019,11428.7832,2.4049,512,59
dsmem_loaded,5,0,1,512,16384,0,0,42,3,450302714,187247136,27484.2965,11428.6582,2.4049,512,60
dsmem_loaded,5,0,1,512,16384,0,0,42,3,450302714,187247104,27484.2965,11428.6562,2.4049,512,61
dsmem_loaded,5,0,1,512,16384,0,0,42,3,450302714,187247104,27484.2965,11428.6562,2.4049,512,62
dsmem_loaded,5,0,1,512,16384,0,0,42,3,450302713,187247104,27484.2964,11428.6562,2.4049,512,63
dsmem_loaded,5,0,1,512,16384,0,0,42,4,450301178,187246080,27484.2028,11428.5938,2.4049,512,0
dsmem_loaded,5,0,1,512,16384,0,0,42,4,450301178,187246080,27484.2028,11428.5938,2.4049,512,1
dsmem_loaded,5,0,1,512,16384,0,0,42,4,450301178,187246112,27484.2028,11428.5957,2.4049,512,2
dsmem_loaded,5,0,1,512,16384,0,0,42,4,450301178,187246112,27484.2028,11428.5957,2.4049,512,3
dsmem_loaded,5,0,1,512,16384,0,0,42,4,450301178,187246080,27484.2028,11428.5938,2.4049,512,4
dsmem_loaded,5,0,1,512,16384,0,0,42,4,450303357,187247008,27484.3358,11428.6504,2.4049,512,5
dsmem_loaded,5,0,1,512,16384,0,0,42,4,450301835,187246368,27484.2429,11428.6113,2.4049,512,6
dsmem_loaded,5,0,1,512,16384,0,0,42,4,450302265,187246528,27484.2691,11428.6211,2.4049,512,7
dsmem_loaded,5,0,1,512,16384,0,0,42,4,450301178,187246080,27484.2028,11428.5938,2.4049,512,8
dsmem_loaded,5,0,1,512,16384,0,0,42,4,450301177,187246112,27484.2027,11428.5957,2.4049,512,9
dsmem_loaded,5,0,1,512,16384,0,0,42,4,450301178,187246080,27484.2028,11428.5938,2.4049,512,10
dsmem_loaded,5,0,1,512,16384,0,0,42,4,450303732,187247168,27484.3586,11428.6602,2.4049,512,11
dsmem_loaded,5,0,1,512,16384,0,0,42,4,450301177,187246112,27484.2027,11428.5957,2.4049,512,12
dsmem_loaded,5,0,1,512,16384,0,0,42,4,450301178,187246112,27484.2028,11428.5957,2.4049,512,13
dsmem_loaded,5,0,1,512,16384,0,0,42,4,450301178,187246112,27484.2028,11428.5957,2.4049,512,14
dsmem_loaded,5,0,1,512,16384,0,0,42,4,450301178,187246112,27484.2028,11428.5957,2.4049,512,15
dsmem_loaded,5,0,1,512,16384,0,0,42,4,450301178,187246080,27484.2028,11428.5938,2.4049,512,16
dsmem_loaded,5,0,1,512,16384,0,0,42,4,450301178,187246080,27484.2028,11428.5938,2.4049,512,17
dsmem_loaded,5,0,1,512,16384,0,0,42,4,450301178,187246080,27484.2028,11428.5938,2.4049,512,18
dsmem_loaded,5,0,1,512,16384,0,0,42,4,450301178,187246080,27484.2028,11428.5938,2.4049,512,19
dsmem_loaded,5,0,1,512,16384,0,0,42,4,450301911,187246400,27484.2475,11428.6133,2.4049,512,20
dsmem_loaded,5,0,1,512,16384,0,0,42,4,450302826,187246784,27484.3033,11428.6367,2.4049,512,21
dsmem_loaded,5,0,1,512,16384,0,0,42,4,450305943,187248064,27484.4936,11428.7148,2.4049,512,22
dsmem_loaded,5,0,1,512,16384,0,0,42,4,450302095,187246496,27484.2587,11428.6191,2.4049,512,23
dsmem_loaded,5,0,1,512,16384,0,0,42,4,450301177,187246080,27484.2027,11428.5938,2.4049,512,24
dsmem_loaded,5,0,1,512,16384,0,0,42,4,450301973,187246432,27484.2513,11428.6152,2.4049,512,25
dsmem_loaded,5,0,1,512,16384,0,0,42,4,450301178,187246080,27484.2028,11428.5938,2.4049,512,26
dsmem_loaded,5,0,1,512,16384,0,0,42,4,450301178,187246112,27484.2028,11428.5957,2.4049,512,27
dsmem_loaded,5,0,1,512,16384,0,0,42,4,450301178,187246112,27484.2028,11428.5957,2.4049,512,28
dsmem_loaded,5,0,1,512,16384,0,0,42,4,450301178,187246080,27484.2028,11428.5938,2.4049,512,29
dsmem_loaded,5,0,1,512,16384,0,0,42,4,450301177,187246112,27484.2027,11428.5957,2.4049,512,30
dsmem_loaded,5,0,1,512,16384,0,0,42,4,450301177,187246080,27484.2027,11428.5938,2.4049,512,31
dsmem_loaded,5,0,1,512,16384,0,0,42,4,450301178,187246048,27484.2028,11428.5918,2.4049,512,32
dsmem_loaded,5,0,1,512,16384,0,0,42,4,450301178,187246080,27484.2028,11428.5938,2.4049,512,33
dsmem_loaded,5,0,1,512,16384,0,0,42,4,450301178,187246080,27484.2028,11428.5938,2.4049,512,34
dsmem_loaded,5,0,1,512,16384,0,0,42,4,450301178,187246080,27484.2028,11428.5938,2.4049,512,35
dsmem_loaded,5,0,1,512,16384,0,0,42,4,450305332,187247840,27484.4563,11428.7012,2.4049,512,36
dsmem_loaded,5,0,1,512,16384,0,0,42,4,450302214,187246528,27484.2660,11428.6211,2.4049,512,37
dsmem_loaded,5,0,1,512,16384,0,0,42,4,450305276,187247808,27484.4529,11428.6992,2.4049,512,38
dsmem_loaded,5,0,1,512,16384,0,0,42,4,450303805,187247200,27484.3631,11428.6621,2.4049,512,39
dsmem_loaded,5,0,1,512,16384,0,0,42,4,450301178,187246112,27484.2028,11428.5957,2.4049,512,40
dsmem_loaded,5,0,1,512,16384,0,0,42,4,450301969,187246432,27484.2510,11428.6152,2.4049,512,41
dsmem_loaded,5,0,1,512,16384,0,0,42,4,450301178,187246112,27484.2028,11428.5957,2.4049,512,42
dsmem_loaded,5,0,1,512,16384,0,0,42,4,450301178,187246080,27484.2028,11428.5938,2.4049,512,43
dsmem_loaded,5,0,1,512,16384,0,0,42,4,450301178,187246112,27484.2028,11428.5957,2.4049,512,44
dsmem_loaded,5,0,1,512,16384,0,0,42,4,450301178,187246112,27484.2028,11428.5957,2.4049,512,45
dsmem_loaded,5,0,1,512,16384,0,0,42,4,450301177,187246112,27484.2027,11428.5957,2.4049,512,46
dsmem_loaded,5,0,1,512,16384,0,0,42,4,450301177,187246080,27484.2027,11428.5938,2.4049,512,47
dsmem_loaded,5,0,1,512,16384,0,0,42,4,450301178,187246080,27484.2028,11428.5938,2.4049,512,48
dsmem_loaded,5,0,1,512,16384,0,0,42,4,450301178,187246048,27484.2028,11428.5918,2.4049,512,49
dsmem_loaded,5,0,1,512,16384,0,0,42,4,450301178,187246080,27484.2028,11428.5938,2.4049,512,50
dsmem_loaded,5,0,1,512,16384,0,0,42,4,450301178,187246080,27484.2028,11428.5938,2.4049,512,51
dsmem_loaded,5,0,1,512,16384,0,0,42,4,450305259,187247776,27484.4518,11428.6973,2.4049,512,52
dsmem_loaded,5,0,1,512,16384,0,0,42,4,450302450,187246624,27484.2804,11428.6270,2.4049,512,53
dsmem_loaded,5,0,1,512,16384,0,0,42,4,450301178,187246112,27484.2028,11428.5957,2.4049,512,54
dsmem_loaded,5,0,1,512,16384,0,0,42,4,450301178,187246112,27484.2028,11428.5957,2.4049,512,55
dsmem_loaded,5,0,1,512,16384,0,0,42,4,450301178,187246112,27484.2028,11428.5957,2.4049,512,56
dsmem_loaded,5,0,1,512,16384,0,0,42,4,450301177,187246112,27484.2027,11428.5957,2.4049,512,57
dsmem_loaded,5,0,1,512,16384,0,0,42,4,450304402,187247456,27484.3995,11428.6777,2.4049,512,58
dsmem_loaded,5,0,1,512,16384,0,0,42,4,450303670,187247136,27484.3549,11428.6582,2.4049,512,59
dsmem_loaded,5,0,1,512,16384,0,0,42,4,450301177,187246080,27484.2027,11428.5938,2.4049,512,60
dsmem_loaded,5,0,1,512,16384,0,0,42,4,450301178,187246112,27484.2028,11428.5957,2.4049,512,61
dsmem_loaded,5,0,1,512,16384,0,0,42,4,450301897,187246400,27484.2466,11428.6133,2.4049,512,62
dsmem_loaded,5,0,1,512,16384,0,0,42,4,450301177,187246112,27484.2027,11428.5957,2.4049,512,63
dsmem_loaded,5,0,1,512,16384,0,0,42,5,450300025,187246080,27484.1324,11428.5938,2.4049,512,0
dsmem_loaded,5,0,1,512,16384,0,0,42,5,450300026,187246048,27484.1324,11428.5918,2.4049,512,1
dsmem_loaded,5,0,1,512,16384,0,0,42,5,450300026,187246048,27484.1324,11428.5918,2.4049,512,2
dsmem_loaded,5,0,1,512,16384,0,0,42,5,450300026,187246048,27484.1324,11428.5918,2.4049,512,3
dsmem_loaded,5,0,1,512,16384,0,0,42,5,450300026,187246080,27484.1324,11428.5938,2.4049,512,4
dsmem_loaded,5,0,1,512,16384,0,0,42,5,450304550,187247936,27484.4086,11428.7070,2.4049,512,5
dsmem_loaded,5,0,1,512,16384,0,0,42,5,450300026,187246048,27484.1324,11428.5918,2.4049,512,6
dsmem_loaded,5,0,1,512,16384,0,0,42,5,450300026,187246048,27484.1324,11428.5918,2.4049,512,7
dsmem_loaded,5,0,1,512,16384,0,0,42,5,450305893,187248512,27484.4905,11428.7422,2.4049,512,8
dsmem_loaded,5,0,1,512,16384,0,0,42,5,450300025,187246112,27484.1324,11428.5957,2.4049,512,9
dsmem_loaded,5,0,1,512,16384,0,0,42,5,450302596,187247168,27484.2893,11428.6602,2.4049,512,10
dsmem_loaded,5,0,1,512,16384,0,0,42,5,450306012,187248576,27484.4978,11428.7461,2.4049,512,11
dsmem_loaded,5,0,1,512,16384,0,0,42,5,450300026,187246048,27484.1324,11428.5918,2.4049,512,12
dsmem_loaded,5,0,1,512,16384,0,0,42,5,450300025,187246080,27484.1324,11428.5938,2.4049,512,13
dsmem_loaded,5,0,1,512,16384,0,0,42,5,450300025,187246048,27484.1324,11428.5918,2.4049,512,14
dsmem_loaded,5,0,1,512,16384,0,0,42,5,450300026,187246080,27484.1324,11428.5938,2.4049,512,15
dsmem_loaded,5,0,1,512,16384,0,0,42,5,450300026,187246048,27484.1324,11428.5918,2.4049,512,16
dsmem_loaded,5,0,1,512,16384,0,0,42,5,450300026,187246048,27484.1324,11428.5918,2.4049,512,17
dsmem_loaded,5,0,1,512,16384,0,0,42,5,450300026,187246048,27484.1324,11428.5918,2.4049,512,18
dsmem_loaded,5,0,1,512,16384,0,0,42,5,450300026,187246048,27484.1324,11428.5918,2.4049,512,19
dsmem_loaded,5,0,1,512,16384,0,0,42,5,450304467,187247936,27484.4035,11428.7070,2.4049,512,20
dsmem_loaded,5,0,1,512,16384,0,0,42,5,450308132,187249472,27484.6272,11428.8008,2.4049,512,21
dsmem_loaded,5,0,1,512,16384,0,0,42,5,450305875,187248512,27484.4894,11428.7422,2.4049,512,22
dsmem_loaded,5,0,1,512,16384,0,0,42,5,450304169,187247808,27484.3853,11428.6992,2.4049,512,23
dsmem_loaded,5,0,1,512,16384,0,0,42,5,450300026,187246048,27484.1324,11428.5918,2.4049,512,24
dsmem_loaded,5,0,1,512,16384,0,0,42,5,450300026,187246080,27484.1324,11428.5938,2.4049,512,25
dsmem_loaded,5,0,1,512,16384,0,0,42,5,450300025,187246080,27484.1324,11428.5938,2.4049,512,26
dsmem_loaded,5,0,1,512,16384,0,0,42,5,450300025,187246080,27484.1324,11428.5938,2.4049,512,27
dsmem_loaded,5,0,1,512,16384,0,0,42,5,450300025,187246048,27484.1324,11428.5918,2.4049,512,28
dsmem_loaded,5,0,1,512,16384,0,0,42,5,450300025,187246080,27484.1324,11428.5938,2.4049,512,29
dsmem_loaded,5,0,1,512,16384,0,0,42,5,450300026,187246048,27484.1324,11428.5918,2.4049,512,30
dsmem_loaded,5,0,1,512,16384,0,0,42,5,450300026,187246080,27484.1324,11428.5938,2.4049,512,31
dsmem_loaded,5,0,1,512,16384,0,0,42,5,450300025,187246048,27484.1324,11428.5918,2.4049,512,32
dsmem_loaded,5,0,1,512,16384,0,0,42,5,450300026,187246048,27484.1324,11428.5918,2.4049,512,33
dsmem_loaded,5,0,1,512,16384,0,0,42,5,450300026,187246048,27484.1324,11428.5918,2.4049,512,34
dsmem_loaded,5,0,1,512,16384,0,0,42,5,450300026,187246048,27484.1324,11428.5918,2.4049,512,35
dsmem_loaded,5,0,1,512,16384,0,0,42,5,450304420,187247904,27484.4006,11428.7051,2.4049,512,36
dsmem_loaded,5,0,1,512,16384,0,0,42,5,450305586,187248384,27484.4718,11428.7344,2.4049,512,37
dsmem_loaded,5,0,1,512,16384,0,0,42,5,450301177,187246560,27484.2027,11428.6230,2.4049,512,38
dsmem_loaded,5,0,1,512,16384,0,0,42,5,450304662,187248000,27484.4154,11428.7109,2.4049,512,39
dsmem_loaded,5,0,1,512,16384,0,0,42,5,450300025,187246080,27484.1324,11428.5938,2.4049,512,40
dsmem_loaded,5,0,1,512,16384,0,0,42,5,450300025,187246080,27484.1324,11428.5938,2.4049,512,41
dsmem_loaded,5,0,1,512,16384,0,0,42,5,450300026,187246080,27484.1324,11428.5938,2.4049,512,42
dsmem_loaded,5,0,1,512,16384,0,0,42,5,450300026,187246048,27484.1324,11428.5918,2.4049,512,43
dsmem_loaded,5,0,1,512,16384,0,0,42,5,450300026,187246048,27484.1324,11428.5918,2.4049,512,44
dsmem_loaded,5,0,1,512,16384,0,0,42,5,450300026,187246080,27484.1324,11428.5938,2.4049,512,45
dsmem_loaded,5,0,1,512,16384,0,0,42,5,450300025,187246048,27484.1324,11428.5918,2.4049,512,46
dsmem_loaded,5,0,1,512,16384,0,0,42,5,450300025,187246048,27484.1324,11428.5918,2.4049,512,47
dsmem_loaded,5,0,1,512,16384,0,0,42,5,450300026,187246048,27484.1324,11428.5918,2.4049,512,48
dsmem_loaded,5,0,1,512,16384,0,0,42,5,450300026,187246048,27484.1324,11428.5918,2.4049,512,49
dsmem_loaded,5,0,1,512,16384,0,0,42,5,450300025,187246048,27484.1324,11428.5918,2.4049,512,50
dsmem_loaded,5,0,1,512,16384,0,0,42,5,450300026,187246048,27484.1324,11428.5918,2.4049,512,51
dsmem_loaded,5,0,1,512,16384,0,0,42,5,450300870,187246432,27484.1840,11428.6152,2.4049,512,52
dsmem_loaded,5,0,1,512,16384,0,0,42,5,450302585,187247168,27484.2886,11428.6602,2.4049,512,53
dsmem_loaded,5,0,1,512,16384,0,0,42,5,450300025,187246080,27484.1324,11428.5938,2.4049,512,54
dsmem_loaded,5,0,1,512,16384,0,0,42,5,450304486,187247936,27484.4047,11428.7070,2.4049,512,55
dsmem_loaded,5,0,1,512,16384,0,0,42,5,450300025,187246048,27484.1324,11428.5918,2.4049,512,56
dsmem_loaded,5,0,1,512,16384,0,0,42,5,450300025,187246048,27484.1324,11428.5918,2.4049,512,57
dsmem_loaded,5,0,1,512,16384,0,0,42,5,450306319,187248704,27484.5165,11428.7539,2.4049,512,58
dsmem_loaded,5,0,1,512,16384,0,0,42,5,450300025,187246080,27484.1324,11428.5938,2.4049,512,59
dsmem_loaded,5,0,1,512,16384,0,0,42,5,450300820,187246368,27484.1809,11428.6113,2.4049,512,60
dsmem_loaded,5,0,1,512,16384,0,0,42,5,450300026,187246048,27484.1324,11428.5918,2.4049,512,61
dsmem_loaded,5,0,1,512,16384,0,0,42,5,450300026,187246048,27484.1324,11428.5918,2.4049,512,62
dsmem_loaded,5,0,1,512,16384,0,0,42,5,450300026,187246080,27484.1324,11428.5938,2.4049,512,63
dsmem_loaded,5,0,1,512,16384,0,0,42,6,450305786,187248704,27484.4840,11428.7539,2.4049,512,0
dsmem_loaded,5,0,1,512,16384,0,0,42,6,450305786,187248672,27484.4840,11428.7520,2.4049,512,1
dsmem_loaded,5,0,1,512,16384,0,0,42,6,450305786,187248704,27484.4840,11428.7539,2.4049,512,2
dsmem_loaded,5,0,1,512,16384,0,0,42,6,450305786,187248672,27484.4840,11428.7520,2.4049,512,3
dsmem_loaded,5,0,1,512,16384,0,0,42,6,450306444,187248928,27484.5242,11428.7676,2.4049,512,4
dsmem_loaded,5,0,1,512,16384,0,0,42,6,450312127,187251296,27484.8710,11428.9121,2.4049,512,5
dsmem_loaded,5,0,1,512,16384,0,0,42,6,450310604,187250688,27484.7781,11428.8750,2.4049,512,6
dsmem_loaded,5,0,1,512,16384,0,0,42,6,450306748,187249088,27484.5427,11428.7773,2.4049,512,7
dsmem_loaded,5,0,1,512,16384,0,0,42,6,450305785,187248640,27484.4839,11428.7500,2.4049,512,8
dsmem_loaded,5,0,1,512,16384,0,0,42,6,450305785,187248672,27484.4839,11428.7520,2.4049,512,9
dsmem_loaded,5,0,1,512,16384,0,0,42,6,450305785,187248672,27484.4839,11428.7520,2.4049,512,10
dsmem_loaded,5,0,1,512,16384,0,0,42,6,450305786,187248672,27484.4840,11428.7520,2.4049,512,11
dsmem_loaded,5,0,1,512,16384,0,0,42,6,450305786,187248672,27484.4840,11428.7520,2.4049,512,12
dsmem_loaded,5,0,1,512,16384,0,0,42,6,450305786,187248704,27484.4840,11428.7539,2.4049,512,13
dsmem_loaded,5,0,1,512,16384,0,0,42,6,450305786,187248704,27484.4840,11428.7539,2.4049,512,14
dsmem_loaded,5,0,1,512,16384,0,0,42,6,450305786,187248704,27484.4840,11428.7539,2.4049,512,15
dsmem_loaded,5,0,1,512,16384,0,0,42,6,450305786,187248672,27484.4840,11428.7520,2.4049,512,16
dsmem_loaded,5,0,1,512,16384,0,0,42,6,450305786,187248672,27484.4840,11428.7520,2.4049,512,17
dsmem_loaded,5,0,1,512,16384,0,0,42,6,450305786,187248704,27484.4840,11428.7539,2.4049,512,18
dsmem_loaded,5,0,1,512,16384,0,0,42,6,450305786,187248704,27484.4840,11428.7539,2.4049,512,19
dsmem_loaded,5,0,1,512,16384,0,0,42,6,450307068,187249216,27484.5623,11428.7852,2.4049,512,20
dsmem_loaded,5,0,1,512,16384,0,0,42,6,450306457,187248928,27484.5250,11428.7676,2.4049,512,21
dsmem_loaded,5,0,1,512,16384,0,0,42,6,450311594,187251072,27484.8385,11428.8984,2.4049,512,22
dsmem_loaded,5,0,1,512,16384,0,0,42,6,450306823,187249152,27484.5473,11428.7812,2.4049,512,23
dsmem_loaded,5,0,1,512,16384,0,0,42,6,450305785,187248704,27484.4839,11428.7539,2.4049,512,24
dsmem_loaded,5,0,1,512,16384,0,0,42,6,450305785,187248672,27484.4839,11428.7520,2.4049,512,25
dsmem_loaded,5,0,1,512,16384,0,0,42,6,450305786,187248704,27484.4840,11428.7539,2.4049,512,26
dsmem_loaded,5,0,1,512,16384,0,0,42,6,450306951,187249184,27484.5551,11428.7832,2.4049,512,27
dsmem_loaded,5,0,1,512,16384,0,0,42,6,450305786,187248704,27484.4840,11428.7539,2.4049,512,28
dsmem_loaded,5,0,1,512,16384,0,0,42,6,450305786,187248672,27484.4840,11428.7520,2.4049,512,29
dsmem_loaded,5,0,1,512,16384,0,0,42,6,450305786,187248672,27484.4840,11428.7520,2.4049,512,30
dsmem_loaded,5,0,1,512,16384,0,0,42,6,450305785,187248704,27484.4839,11428.7539,2.4049,512,31
dsmem_loaded,5,0,1,512,16384,0,0,42,6,450305786,187248672,27484.4840,11428.7520,2.4049,512,32
dsmem_loaded,5,0,1,512,16384,0,0,42,6,450305786,187248672,27484.4840,11428.7520,2.4049,512,33
dsmem_loaded,5,0,1,512,16384,0,0,42,6,450305785,187248704,27484.4839,11428.7539,2.4049,512,34
dsmem_loaded,5,0,1,512,16384,0,0,42,6,450305786,187248672,27484.4840,11428.7520,2.4049,512,35
dsmem_loaded,5,0,1,512,16384,0,0,42,6,450306625,187249024,27484.5352,11428.7734,2.4049,512,36
dsmem_loaded,5,0,1,512,16384,0,0,42,6,450306687,187249056,27484.5390,11428.7754,2.4049,512,37
dsmem_loaded,5,0,1,512,16384,0,0,42,6,450306628,187249056,27484.5354,11428.7754,2.4049,512,38
dsmem_loaded,5,0,1,512,16384,0,0,42,6,450306630,187248992,27484.5355,11428.7715,2.4049,512,39
dsmem_loaded,5,0,1,512,16384,0,0,42,6,450305785,187248704,27484.4839,11428.7539,2.4049,512,40
dsmem_loaded,5,0,1,512,16384,0,0,42,6,450305786,187248704,27484.4840,11428.7539,2.4049,512,41
dsmem_loaded,5,0,1,512,16384,0,0,42,6,450305786,187248704,27484.4840,11428.7539,2.4049,512,42
dsmem_loaded,5,0,1,512,16384,0,0,42,6,450305785,187248672,27484.4839,11428.7520,2.4049,512,43
dsmem_loaded,5,0,1,512,16384,0,0,42,6,450305786,187248672,27484.4840,11428.7520,2.4049,512,44
dsmem_loaded,5,0,1,512,16384,0,0,42,6,450305785,187248672,27484.4839,11428.7520,2.4049,512,45
dsmem_loaded,5,0,1,512,16384,0,0,42,6,450307418,187249344,27484.5836,11428.7930,2.4049,512,46
dsmem_loaded,5,0,1,512,16384,0,0,42,6,450305786,187248672,27484.4840,11428.7520,2.4049,512,47
dsmem_loaded,5,0,1,512,16384,0,0,42,6,450305786,187248704,27484.4840,11428.7539,2.4049,512,48
dsmem_loaded,5,0,1,512,16384,0,0,42,6,450305786,187248672,27484.4840,11428.7520,2.4049,512,49
dsmem_loaded,5,0,1,512,16384,0,0,42,6,450305786,187248672,27484.4840,11428.7520,2.4049,512,50
dsmem_loaded,5,0,1,512,16384,0,0,42,6,450305786,187248704,27484.4840,11428.7539,2.4049,512,51
dsmem_loaded,5,0,1,512,16384,0,0,42,6,450306638,187249024,27484.5360,11428.7734,2.4049,512,52
dsmem_loaded,5,0,1,512,16384,0,0,42,6,450311407,187251008,27484.8271,11428.8945,2.4049,512,53
dsmem_loaded,5,0,1,512,16384,0,0,42,6,450306703,187249056,27484.5400,11428.7754,2.4049,512,54
dsmem_loaded,5,0,1,512,16384,0,0,42,6,450305785,187248672,27484.4839,11428.7520,2.4049,512,55
dsmem_loaded,5,0,1,512,16384,0,0,42,6,450305786,187248704,27484.4840,11428.7539,2.4049,512,56
dsmem_loaded,5,0,1,512,16384,0,0,42,6,450305786,187248704,27484.4840,11428.7539,2.4049,512,57
dsmem_loaded,5,0,1,512,16384,0,0,42,6,450305785,187248672,27484.4839,11428.7520,2.4049,512,58
dsmem_loaded,5,0,1,512,16384,0,0,42,6,450314706,187252384,27485.0284,11428.9785,2.4049,512,59
dsmem_loaded,5,0,1,512,16384,0,0,42,6,450305786,187248672,27484.4840,11428.7520,2.4049,512,60
dsmem_loaded,5,0,1,512,16384,0,0,42,6,450305786,187248704,27484.4840,11428.7539,2.4049,512,61
dsmem_loaded,5,0,1,512,16384,0,0,42,6,450305786,187248672,27484.4840,11428.7520,2.4049,512,62
dsmem_loaded,5,0,1,512,16384,0,0,42,6,450305785,187248672,27484.4839,11428.7520,2.4049,512,63
dsmem_loaded,5,0,1,512,16384,0,0,42,7,450311162,187250304,27484.8121,11428.8516,2.4049,512,0
dsmem_loaded,5,0,1,512,16384,0,0,42,7,450311161,187250304,27484.8121,11428.8516,2.4049,512,1
dsmem_loaded,5,0,1,512,16384,0,0,42,7,450311161,187250304,27484.8121,11428.8516,2.4049,512,2
dsmem_loaded,5,0,1,512,16384,0,0,42,7,450311162,187250304,27484.8121,11428.8516,2.4049,512,3
dsmem_loaded,5,0,1,512,16384,0,0,42,7,450313783,187251392,27484.9721,11428.9180,2.4049,512,4
dsmem_loaded,5,0,1,512,16384,0,0,42,7,450314093,187251552,27484.9910,11428.9277,2.4049,512,5
dsmem_loaded,5,0,1,512,16384,0,0,42,7,450315861,187252288,27485.0989,11428.9727,2.4049,512,6
dsmem_loaded,5,0,1,512,16384,0,0,42,7,450315686,187252224,27485.0883,11428.9688,2.4049,512,7
dsmem_loaded,5,0,1,512,16384,0,0,42,7,450312135,187250720,27484.8715,11428.8770,2.4049,512,8
dsmem_loaded,5,0,1,512,16384,0,0,42,7,450311162,187250336,27484.8121,11428.8535,2.4049,512,9
dsmem_loaded,5,0,1,512,16384,0,0,42,7,450311162,187250336,27484.8121,11428.8535,2.4049,512,10
dsmem_loaded,5,0,1,512,16384,0,0,42,7,450311161,187250304,27484.8121,11428.8516,2.4049,512,11
dsmem_loaded,5,0,1,512,16384,0,0,42,7,450311161,187250336,27484.8121,11428.8535,2.4049,512,12
dsmem_loaded,5,0,1,512,16384,0,0,42,7,450311162,187250304,27484.8121,11428.8516,2.4049,512,13
dsmem_loaded,5,0,1,512,16384,0,0,42,7,450311162,187250336,27484.8121,11428.8535,2.4049,512,14
dsmem_loaded,5,0,1,512,16384,0,0,42,7,450311162,187250304,27484.8121,11428.8516,2.4049,512,15
dsmem_loaded,5,0,1,512,16384,0,0,42,7,450311162,187250304,27484.8121,11428.8516,2.4049,512,16
dsmem_loaded,5,0,1,512,16384,0,0,42,7,450311162,187250336,27484.8121,11428.8535,2.4049,512,17
dsmem_loaded,5,0,1,512,16384,0,0,42,7,450311161,187250304,27484.8121,11428.8516,2.4049,512,18
dsmem_loaded,5,0,1,512,16384,0,0,42,7,450311161,187250304,27484.8121,11428.8516,2.4049,512,19
dsmem_loaded,5,0,1,512,16384,0,0,42,7,450311161,187250304,27484.8121,11428.8516,2.4049,512,20
dsmem_loaded,5,0,1,512,16384,0,0,42,7,450311161,187250304,27484.8121,11428.8516,2.4049,512,21
dsmem_loaded,5,0,1,512,16384,0,0,42,7,450312368,187250816,27484.8857,11428.8828,2.4049,512,22
dsmem_loaded,5,0,1,512,16384,0,0,42,7,450316402,187252512,27485.1320,11428.9863,2.4049,512,23
dsmem_loaded,5,0,1,512,16384,0,0,42,7,450315367,187252064,27485.0688,11428.9590,2.4049,512,24
dsmem_loaded,5,0,1,512,16384,0,0,42,7,450311941,187250656,27484.8597,11428.8730,2.4049,512,25
dsmem_loaded,5,0,1,512,16384,0,0,42,7,450311162,187250304,27484.8121,11428.8516,2.4049,512,26
dsmem_loaded,5,0,1,512,16384,0,0,42,7,450311162,187250304,27484.8121,11428.8516,2.4049,512,27
dsmem_loaded,5,0,1,512,16384,0,0,42,7,450311162,187250304,27484.8121,11428.8516,2.4049,512,28
dsmem_loaded,5,0,1,512,16384,0,0,42,7,450311161,187250336,27484.8121,11428.8535,2.4049,512,29
dsmem_loaded,5,0,1,512,16384,0,0,42,7,450311162,187250336,27484.8121,11428.8535,2.4049,512,30
dsmem_loaded,5,0,1,512,16384,0,0,42,7,450311162,187250336,27484.8121,11428.8535,2.4049,512,31
dsmem_loaded,5,0,1,512,16384,0,0,42,7,450311161,187250304,27484.8121,11428.8516,2.4049,512,32
dsmem_loaded,5,0,1,512,16384,0,0,42,7,450311162,187250304,27484.8121,11428.8516,2.4049,512,33
dsmem_loaded,5,0,1,512,16384,0,0,42,7,450311162,187250336,27484.8121,11428.8535,2.4049,512,34
dsmem_loaded,5,0,1,512,16384,0,0,42,7,450311162,187250304,27484.8121,11428.8516,2.4049,512,35
dsmem_loaded,5,0,1,512,16384,0,0,42,7,450313784,187251392,27484.9722,11428.9180,2.4049,512,36
dsmem_loaded,5,0,1,512,16384,0,0,42,7,450317638,187253024,27485.2074,11429.0176,2.4049,512,37
dsmem_loaded,5,0,1,512,16384,0,0,42,7,450316112,187252384,27485.1143,11428.9785,2.4049,512,38
dsmem_loaded,5,0,1,512,16384,0,0,42,7,450311161,187250336,27484.8121,11428.8535,2.4049,512,39
dsmem_loaded,5,0,1,512,16384,0,0,42,7,450311162,187250336,27484.8121,11428.8535,2.4049,512,40
dsmem_loaded,5,0,1,512,16384,0,0,42,7,450311161,187250336,27484.8121,11428.8535,2.4049,512,41
dsmem_loaded,5,0,1,512,16384,0,0,42,7,450311162,187250304,27484.8121,11428.8516,2.4049,512,42
dsmem_loaded,5,0,1,512,16384,0,0,42,7,450311162,187250336,27484.8121,11428.8535,2.4049,512,43
dsmem_loaded,5,0,1,512,16384,0,0,42,7,450311162,187250336,27484.8121,11428.8535,2.4049,512,44
dsmem_loaded,5,0,1,512,16384,0,0,42,7,450311162,187250304,27484.8121,11428.8516,2.4049,512,45
dsmem_loaded,5,0,1,512,16384,0,0,42,7,450311161,187250304,27484.8121,11428.8516,2.4049,512,46
dsmem_loaded,5,0,1,512,16384,0,0,42,7,450311162,187250304,27484.8121,11428.8516,2.4049,512,47
dsmem_loaded,5,0,1,512,16384,0,0,42,7,450311162,187250304,27484.8121,11428.8516,2.4049,512,48
dsmem_loaded,5,0,1,512,16384,0,0,42,7,450311161,187250304,27484.8121,11428.8516,2.4049,512,49
dsmem_loaded,5,0,1,512,16384,0,0,42,7,450311161,187250304,27484.8121,11428.8516,2.4049,512,50
dsmem_loaded,5,0,1,512,16384,0,0,42,7,450311162,187250336,27484.8121,11428.8535,2.4049,512,51
dsmem_loaded,5,0,1,512,16384,0,0,42,7,450312432,187250848,27484.8896,11428.8848,2.4049,512,52
dsmem_loaded,5,0,1,512,16384,0,0,42,7,450311162,187250336,27484.8121,11428.8535,2.4049,512,53
dsmem_loaded,5,0,1,512,16384,0,0,42,7,450314201,187251584,27484.9976,11428.9297,2.4049,512,54
dsmem_loaded,5,0,1,512,16384,0,0,42,7,450316773,187252672,27485.1546,11428.9961,2.4049,512,55
dsmem_loaded,5,0,1,512,16384,0,0,42,7,450311161,187250336,27484.8121,11428.8535,2.4049,512,56
dsmem_loaded,5,0,1,512,16384,0,0,42,7,450312184,187250752,27484.8745,11428.8789,2.4049,512,57
dsmem_loaded,5,0,1,512,16384,0,0,42,7,450311162,187250336,27484.8121,11428.8535,2.4049,512,58
dsmem_loaded,5,0,1,512,16384,0,0,42,7,450311162,187250304,27484.8121,11428.8516,2.4049,512,59
dsmem_loaded,5,0,1,512,16384,0,0,42,7,450313900,187251488,27484.9792,11428.9238,2.4049,512,60
dsmem_loaded,5,0,1,512,16384,0,0,42,7,450311162,187250336,27484.8121,11428.8535,2.4049,512,61
dsmem_loaded,5,0,1,512,16384,0,0,42,7,450311161,187250304,27484.8121,11428.8516,2.4049,512,62
dsmem_loaded,5,0,1,512,16384,0,0,42,7,450311161,187250336,27484.8121,11428.8535,2.4049,512,63
dsmem_loaded,5,0,1,512,16384,0,0,42,8,450319866,187254176,27485.3434,11429.0879,2.4049,512,0
dsmem_loaded,5,0,1,512,16384,0,0,42,8,450319866,187254176,27485.3434,11429.0879,2.4049,512,1
dsmem_loaded,5,0,1,512,16384,0,0,42,8,450319866,187254208,27485.3434,11429.0898,2.4049,512,2
dsmem_loaded,5,0,1,512,16384,0,0,42,8,450319866,187254176,27485.3434,11429.0879,2.4049,512,3
dsmem_loaded,5,0,1,512,16384,0,0,42,8,450322367,187255232,27485.4960,11429.1523,2.4049,512,4
dsmem_loaded,5,0,1,512,16384,0,0,42,8,450325791,187256640,27485.7050,11429.2383,2.4049,512,5
dsmem_loaded,5,0,1,512,16384,0,0,42,8,450320533,187254432,27485.3841,11429.1035,2.4049,512,6
dsmem_loaded,5,0,1,512,16384,0,0,42,8,450324205,187255968,27485.6082,11429.1973,2.4049,512,7
dsmem_loaded,5,0,1,512,16384,0,0,42,8,450319866,187254176,27485.3434,11429.0879,2.4049,512,8
dsmem_loaded,5,0,1,512,16384,0,0,42,8,450319866,187254176,27485.3434,11429.0879,2.4049,512,9
dsmem_loaded,5,0,1,512,16384,0,0,42,8,450319865,187254176,27485.3433,11429.0879,2.4049,512,10
dsmem_loaded,5,0,1,512,16384,0,0,42,8,450319865,187254176,27485.3433,11429.0879,2.4049,512,11
dsmem_loaded,5,0,1,512,16384,0,0,42,8,450319865,187254144,27485.3433,11429.0859,2.4049,512,12
dsmem_loaded,5,0,1,512,16384,0,0,42,8,450319866,187254208,27485.3434,11429.0898,2.4049,512,13
dsmem_loaded,5,0,1,512,16384,0,0,42,8,450319866,187254176,27485.3434,11429.0879,2.4049,512,14
dsmem_loaded,5,0,1,512,16384,0,0,42,8,450319866,187254176,27485.3434,11429.0879,2.4049,512,15
dsmem_loaded,5,0,1,512,16384,0,0,42,8,450319866,187254208,27485.3434,11429.0898,2.4049,512,16
dsmem_loaded,5,0,1,512,16384,0,0,42,8,450319866,187254176,27485.3434,11429.0879,2.4049,512,17
dsmem_loaded,5,0,1,512,16384,0,0,42,8,450319866,187254176,27485.3434,11429.0879,2.4049,512,18
dsmem_loaded,5,0,1,512,16384,0,0,42,8,450319865,187254176,27485.3433,11429.0879,2.4049,512,19
dsmem_loaded,5,0,1,512,16384,0,0,42,8,450320831,187254592,27485.4023,11429.1133,2.4049,512,20
dsmem_loaded,5,0,1,512,16384,0,0,42,8,450319866,187254176,27485.3434,11429.0879,2.4049,512,21
dsmem_loaded,5,0,1,512,16384,0,0,42,8,450326024,187256736,27485.7192,11429.2441,2.4049,512,22
dsmem_loaded,5,0,1,512,16384,0,0,42,8,450324253,187256032,27485.6111,11429.2012,2.4049,512,23
dsmem_loaded,5,0,1,512,16384,0,0,42,8,450319866,187254176,27485.3434,11429.0879,2.4049,512,24
dsmem_loaded,5,0,1,512,16384,0,0,42,8,450322603,187255328,27485.5104,11429.1582,2.4049,512,25
dsmem_loaded,5,0,1,512,16384,0,0,42,8,450319866,187254176,27485.3434,11429.0879,2.4049,512,26
dsmem_loaded,5,0,1,512,16384,0,0,42,8,450319866,187254176,27485.3434,11429.0879,2.4049,512,27
dsmem_loaded,5,0,1,512,16384,0,0,42,8,450319866,187254176,27485.3434,11429.0879,2.4049,512,28
dsmem_loaded,5,0,1,512,16384,0,0,42,8,450319865,187254208,27485.3433,11429.0898,2.4049,512,29
dsmem_loaded,5,0,1,512,16384,0,0,42,8,450319865,187254144,27485.3433,11429.0859,2.4049,512,30
dsmem_loaded,5,0,1,512,16384,0,0,42,8,450319866,187254176,27485.3434,11429.0879,2.4049,512,31
dsmem_loaded,5,0,1,512,16384,0,0,42,8,450319866,187254176,27485.3434,11429.0879,2.4049,512,32
dsmem_loaded,5,0,1,512,16384,0,0,42,8,450319866,187254176,27485.3434,11429.0879,2.4049,512,33
dsmem_loaded,5,0,1,512,16384,0,0,42,8,450319866,187254176,27485.3434,11429.0879,2.4049,512,34
dsmem_loaded,5,0,1,512,16384,0,0,42,8,450319866,187254176,27485.3434,11429.0879,2.4049,512,35
dsmem_loaded,5,0,1,512,16384,0,0,42,8,450319866,187254208,27485.3434,11429.0898,2.4049,512,36
dsmem_loaded,5,0,1,512,16384,0,0,42,8,450319866,187254176,27485.3434,11429.0879,2.4049,512,37
dsmem_loaded,5,0,1,512,16384,0,0,42,8,450326648,187256960,27485.7573,11429.2578,2.4049,512,38
dsmem_loaded,5,0,1,512,16384,0,0,42,8,450321091,187254720,27485.4182,11429.1211,2.4049,512,39
dsmem_loaded,5,0,1,512,16384,0,0,42,8,450324142,187255968,27485.6044,11429.1973,2.4049,512,40
dsmem_loaded,5,0,1,512,16384,0,0,42,8,450326154,187256832,27485.7272,11429.2500,2.4049,512,41
dsmem_loaded,5,0,1,512,16384,0,0,42,8,450319865,187254176,27485.3433,11429.0879,2.4049,512,42
dsmem_loaded,5,0,1,512,16384,0,0,42,8,450319865,187254144,27485.3433,11429.0859,2.4049,512,43
dsmem_loaded,5,0,1,512,16384,0,0,42,8,450319866,187254176,27485.3434,11429.0879,2.4049,512,44
dsmem_loaded,5,0,1,512,16384,0,0,42,8,450319866,187254176,27485.3434,11429.0879,2.4049,512,45
dsmem_loaded,5,0,1,512,16384,0,0,42,8,450319866,187254208,27485.3434,11429.0898,2.4049,512,46
dsmem_loaded,5,0,1,512,16384,0,0,42,8,450319865,187254176,27485.3433,11429.0879,2.4049,512,47
dsmem_loaded,5,0,1,512,16384,0,0,42,8,450319866,187254176,27485.3434,11429.0879,2.4049,512,48
dsmem_loaded,5,0,1,512,16384,0,0,42,8,450319866,187254176,27485.3434,11429.0879,2.4049,512,49
dsmem_loaded,5,0,1,512,16384,0,0,42,8,450319865,187254176,27485.3433,11429.0879,2.4049,512,50
dsmem_loaded,5,0,1,512,16384,0,0,42,8,450319866,187254176,27485.3434,11429.0879,2.4049,512,51
dsmem_loaded,5,0,1,512,16384,0,0,42,8,450324067,187255936,27485.5998,11429.1953,2.4049,512,52
dsmem_loaded,5,0,1,512,16384,0,0,42,8,450323704,187255776,27485.5776,11429.1855,2.4049,512,53
dsmem_loaded,5,0,1,512,16384,0,0,42,8,450321255,187254752,27485.4282,11429.1230,2.4049,512,54
dsmem_loaded,5,0,1,512,16384,0,0,42,8,450319866,187254176,27485.3434,11429.0879,2.4049,512,55
dsmem_loaded,5,0,1,512,16384,0,0,42,8,450319865,187254176,27485.3433,11429.0879,2.4049,512,56
dsmem_loaded,5,0,1,512,16384,0,0,42,8,450319866,187254208,27485.3434,11429.0898,2.4049,512,57
dsmem_loaded,5,0,1,512,16384,0,0,42,8,450322482,187255296,27485.5031,11429.1562,2.4049,512,58
dsmem_loaded,5,0,1,512,16384,0,0,42,8,450322539,187255296,27485.5065,11429.1562,2.4049,512,59
dsmem_loaded,5,0,1,512,16384,0,0,42,8,450319866,187254176,27485.3434,11429.0879,2.4049,512,60
dsmem_loaded,5,0,1,512,16384,0,0,42,8,450319866,187254176,27485.3434,11429.0879,2.4049,512,61
dsmem_loaded,5,0,1,512,16384,0,0,42,8,450319866,187254176,27485.3434,11429.0879,2.4049,512,62
dsmem_loaded,5,0,1,512,16384,0,0,42,8,450319865,187254176,27485.3433,11429.0879,2.4049,512,63
dsmem_loaded,5,0,1,512,16384,0,0,42,9,450307834,187248928,27484.6090,11428.7676,2.4049,512,0
dsmem_loaded,5,0,1,512,16384,0,0,42,9,450307834,187248928,27484.6090,11428.7676,2.4049,512,1
dsmem_loaded,5,0,1,512,16384,0,0,42,9,450307834,187248928,27484.6090,11428.7676,2.4049,512,2
dsmem_loaded,5,0,1,512,16384,0,0,42,9,450307834,187248928,27484.6090,11428.7676,2.4049,512,3
dsmem_loaded,5,0,1,512,16384,0,0,42,9,450307833,187248928,27484.6089,11428.7676,2.4049,512,4
dsmem_loaded,5,0,1,512,16384,0,0,42,9,450312412,187250816,27484.8884,11428.8828,2.4049,512,5
dsmem_loaded,5,0,1,512,16384,0,0,42,9,450307834,187248928,27484.6090,11428.7676,2.4049,512,6
dsmem_loaded,5,0,1,512,16384,0,0,42,9,450308808,187249312,27484.6685,11428.7910,2.4049,512,7
dsmem_loaded,5,0,1,512,16384,0,0,42,9,450308507,187249216,27484.6501,11428.7852,2.4049,512,8
dsmem_loaded,5,0,1,512,16384,0,0,42,9,450309422,187249600,27484.7059,11428.8086,2.4049,512,9
dsmem_loaded,5,0,1,512,16384,0,0,42,9,450307834,187248896,27484.6090,11428.7656,2.4049,512,10
dsmem_loaded,5,0,1,512,16384,0,0,42,9,450307834,187248928,27484.6090,11428.7676,2.4049,512,11
dsmem_loaded,5,0,1,512,16384,0,0,42,9,450307834,187248928,27484.6090,11428.7676,2.4049,512,12
dsmem_loaded,5,0,1,512,16384,0,0,42,9,450307833,187248928,27484.6089,11428.7676,2.4049,512,13
dsmem_loaded,5,0,1,512,16384,0,0,42,9,450307833,187248896,27484.6089,11428.7656,2.4049,512,14
dsmem_loaded,5,0,1,512,16384,0,0,42,9,450307834,187248928,27484.6090,11428.7676,2.4049,512,15
dsmem_loaded,5,0,1,512,16384,0,0,42,9,450307834,187248928,27484.6090,11428.7676,2.4049,512,16
dsmem_loaded,5,0,1,512,16384,0,0,42,9,450307834,187248928,27484.6090,11428.7676,2.4049,512,17
dsmem_loaded,5,0,1,512,16384,0,0,42,9,450307834,187248896,27484.6090,11428.7656,2.4049,512,18
dsmem_loaded,5,0,1,512,16384,0,0,42,9,450307834,187248928,27484.6090,11428.7676,2.4049,512,19
dsmem_loaded,5,0,1,512,16384,0,0,42,9,450307834,187248896,27484.6090,11428.7656,2.4049,512,20
dsmem_loaded,5,0,1,512,16384,0,0,42,9,450307834,187248928,27484.6090,11428.7676,2.4049,512,21
dsmem_loaded,5,0,1,512,16384,0,0,42,9,450310278,187249952,27484.7582,11428.8301,2.4049,512,22
dsmem_loaded,5,0,1,512,16384,0,0,42,9,450317489,187252928,27485.1983,11429.0117,2.4049,512,23
dsmem_loaded,5,0,1,512,16384,0,0,42,9,450310706,187250144,27484.7843,11428.8418,2.4049,512,24
dsmem_loaded,5,0,1,512,16384,0,0,42,9,450308870,187249344,27484.6722,11428.7930,2.4049,512,25
dsmem_loaded,5,0,1,512,16384,0,0,42,9,450307833,187248928,27484.6089,11428.7676,2.4049,512,26
dsmem_loaded,5,0,1,512,16384,0,0,42,9,450307834,187248928,27484.6090,11428.7676,2.4049,512,27
dsmem_loaded,5,0,1,512,16384,0,0,42,9,450307833,187248928,27484.6089,11428.7676,2.4049,512,28
dsmem_loaded,5,0,1,512,16384,0,0,42,9,450307834,187248928,27484.6090,11428.7676,2.4049,512,29
dsmem_loaded,5,0,1,512,16384,0,0,42,9,450307834,187248928,27484.6090,11428.7676,2.4049,512,30
dsmem_loaded,5,0,1,512,16384,0,0,42,9,450307833,187248896,27484.6089,11428.7656,2.4049,512,31
dsmem_loaded,5,0,1,512,16384,0,0,42,9,450307834,187248928,27484.6090,11428.7676,2.4049,512,32
dsmem_loaded,5,0,1,512,16384,0,0,42,9,450307834,187248928,27484.6090,11428.7676,2.4049,512,33
dsmem_loaded,5,0,1,512,16384,0,0,42,9,450307834,187248928,27484.6090,11428.7676,2.4049,512,34
dsmem_loaded,5,0,1,512,16384,0,0,42,9,450307834,187248896,27484.6090,11428.7656,2.4049,512,35
dsmem_loaded,5,0,1,512,16384,0,0,42,9,450309220,187249504,27484.6936,11428.8027,2.4049,512,36
dsmem_loaded,5,0,1,512,16384,0,0,42,9,450308913,187249376,27484.6749,11428.7949,2.4049,512,37
dsmem_loaded,5,0,1,512,16384,0,0,42,9,450307834,187248928,27484.6090,11428.7676,2.4049,512,38
dsmem_loaded,5,0,1,512,16384,0,0,42,9,450308739,187249312,27484.6642,11428.7910,2.4049,512,39
dsmem_loaded,5,0,1,512,16384,0,0,42,9,450307834,187248928,27484.6090,11428.7676,2.4049,512,40
dsmem_loaded,5,0,1,512,16384,0,0,42,9,450307833,187248928,27484.6089,11428.7676,2.4049,512,41
dsmem_loaded,5,0,1,512,16384,0,0,42,9,450310627,187250080,27484.7795,11428.8379,2.4049,512,42
dsmem_loaded,5,0,1,512,16384,0,0,42,9,450307833,187248928,27484.6089,11428.7676,2.4049,512,43
dsmem_loaded,5,0,1,512,16384,0,0,42,9,450307834,187248928,27484.6090,11428.7676,2.4049,512,44
dsmem_loaded,5,0,1,512,16384,0,0,42,9,450307834,187248928,27484.6090,11428.7676,2.4049,512,45
dsmem_loaded,5,0,1,512,16384,0,0,42,9,450307833,187248928,27484.6089,11428.7676,2.4049,512,46
dsmem_loaded,5,0,1,512,16384,0,0,42,9,450307834,187248928,27484.6090,11428.7676,2.4049,512,47
dsmem_loaded,5,0,1,512,16384,0,0,42,9,450307834,187248896,27484.6090,11428.7656,2.4049,512,48
dsmem_loaded,5,0,1,512,16384,0,0,42,9,450307834,187248928,27484.6090,11428.7676,2.4049,512,49
dsmem_loaded,5,0,1,512,16384,0,0,42,9,450307834,187248928,27484.6090,11428.7676,2.4049,512,50
dsmem_loaded,5,0,1,512,16384,0,0,42,9,450307834,187248896,27484.6090,11428.7656,2.4049,512,51
dsmem_loaded,5,0,1,512,16384,0,0,42,9,450309526,187249600,27484.7123,11428.8086,2.4049,512,52
dsmem_loaded,5,0,1,512,16384,0,0,42,9,450307833,187248928,27484.6089,11428.7676,2.4049,512,53
dsmem_loaded,5,0,1,512,16384,0,0,42,9,450314234,187251616,27484.9996,11428.9316,2.4049,512,54
dsmem_loaded,5,0,1,512,16384,0,0,42,9,450311798,187250560,27484.8510,11428.8672,2.4049,512,55
dsmem_loaded,5,0,1,512,16384,0,0,42,9,450307834,187248928,27484.6090,11428.7676,2.4049,512,56
dsmem_loaded,5,0,1,512,16384,0,0,42,9,450309041,187249440,27484.6827,11428.7988,2.4049,512,57
dsmem_loaded,5,0,1,512,16384,0,0,42,9,450307833,187248928,27484.6089,11428.7676,2.4049,512,58
dsmem_loaded,5,0,1,512,16384,0,0,42,9,450307834,187248928,27484.6090,11428.7676,2.4049,512,59
dsmem_loaded,5,0,1,512,16384,0,0,42,9,450307834,187248928,27484.6090,11428.7676,2.4049,512,60
dsmem_loaded,5,0,1,512,16384,0,0,42,9,450307834,187248896,27484.6090,11428.7656,2.4049,512,61
dsmem_loaded,5,0,1,512,16384,0,0,42,9,450307833,187248928,27484.6089,11428.7676,2.4049,512,62
dsmem_loaded,5,0,1,512,16384,0,0,42,9,450307833,187248928,27484.6089,11428.7676,2.4049,512,63
dsmem_loaded,5,0,1,512,16384,0,0,42,10,450317434,187252736,27485.1949,11429.0000,2.4049,512,0
dsmem_loaded,5,0,1,512,16384,0,0,42,10,450317434,187252768,27485.1949,11429.0020,2.4049,512,1
dsmem_loaded,5,0,1,512,16384,0,0,42,10,450317434,187252736,27485.1949,11429.0000,2.4049,512,2
dsmem_loaded,5,0,1,512,16384,0,0,42,10,450317433,187252736,27485.1949,11429.0000,2.4049,512,3
dsmem_loaded,5,0,1,512,16384,0,0,42,10,450318405,187253152,27485.2542,11429.0254,2.4049,512,4
dsmem_loaded,5,0,1,512,16384,0,0,42,10,450318284,187253088,27485.2468,11429.0215,2.4049,512,5
dsmem_loaded,5,0,1,512,16384,0,0,42,10,450321650,187254528,27485.4523,11429.1094,2.4049,512,6
dsmem_loaded,5,0,1,512,16384,0,0,42,10,450323669,187255360,27485.5755,11429.1602,2.4049,512,7
dsmem_loaded,5,0,1,512,16384,0,0,42,10,450317434,187252768,27485.1949,11429.0020,2.4049,512,8
dsmem_loaded,5,0,1,512,16384,0,0,42,10,450317433,187252736,27485.1949,11429.0000,2.4049,512,9
dsmem_loaded,5,0,1,512,16384,0,0,42,10,450317434,187252768,27485.1949,11429.0020,2.4049,512,10
dsmem_loaded,5,0,1,512,16384,0,0,42,10,450317434,187252768,27485.1949,11429.0020,2.4049,512,11
dsmem_loaded,5,0,1,512,16384,0,0,42,10,450317433,187252768,27485.1949,11429.0020,2.4049,512,12
dsmem_loaded,5,0,1,512,16384,0,0,42,10,450317434,187252768,27485.1949,11429.0020,2.4049,512,13
dsmem_loaded,5,0,1,512,16384,0,0,42,10,450317433,187252736,27485.1949,11429.0000,2.4049,512,14
dsmem_loaded,5,0,1,512,16384,0,0,42,10,450317434,187252768,27485.1949,11429.0020,2.4049,512,15
dsmem_loaded,5,0,1,512,16384,0,0,42,10,450317434,187252768,27485.1949,11429.0020,2.4049,512,16
dsmem_loaded,5,0,1,512,16384,0,0,42,10,450317434,187252736,27485.1949,11429.0000,2.4049,512,17
dsmem_loaded,5,0,1,512,16384,0,0,42,10,450317434,187252736,27485.1949,11429.0000,2.4049,512,18
dsmem_loaded,5,0,1,512,16384,0,0,42,10,450317434,187252736,27485.1949,11429.0000,2.4049,512,19
dsmem_loaded,5,0,1,512,16384,0,0,42,10,450321641,187254496,27485.4517,11429.1074,2.4049,512,20
dsmem_loaded,5,0,1,512,16384,0,0,42,10,450319806,187253760,27485.3397,11429.0625,2.4049,512,21
dsmem_loaded,5,0,1,512,16384,0,0,42,10,450317434,187252768,27485.1949,11429.0020,2.4049,512,22
dsmem_loaded,5,0,1,512,16384,0,0,42,10,450318884,187253376,27485.2834,11429.0391,2.4049,512,23
dsmem_loaded,5,0,1,512,16384,0,0,42,10,450317433,187252768,27485.1949,11429.0020,2.4049,512,24
dsmem_loaded,5,0,1,512,16384,0,0,42,10,450318646,187253248,27485.2689,11429.0312,2.4049,512,25
dsmem_loaded,5,0,1,512,16384,0,0,42,10,450317433,187252736,27485.1949,11429.0000,2.4049,512,26
dsmem_loaded,5,0,1,512,16384,0,0,42,10,450317433,187252768,27485.1949,11429.0020,2.4049,512,27
dsmem_loaded,5,0,1,512,16384,0,0,42,10,450317434,187252736,27485.1949,11429.0000,2.4049,512,28
dsmem_loaded,5,0,1,512,16384,0,0,42,10,450317434,187252768,27485.1949,11429.0020,2.4049,512,29
dsmem_loaded,5,0,1,512,16384,0,0,42,10,450317434,187252736,27485.1949,11429.0000,2.4049,512,30
dsmem_loaded,5,0,1,512,16384,0,0,42,10,450317434,187252736,27485.1949,11429.0000,2.4049,512,31
dsmem_loaded,5,0,1,512,16384,0,0,42,10,450317434,187252736,27485.1949,11429.0000,2.4049,512,32
dsmem_loaded,5,0,1,512,16384,0,0,42,10,450317434,187252768,27485.1949,11429.0020,2.4049,512,33
dsmem_loaded,5,0,1,512,16384,0,0,42,10,450317434,187252768,27485.1949,11429.0020,2.4049,512,34
dsmem_loaded,5,0,1,512,16384,0,0,42,10,450317434,187252736,27485.1949,11429.0000,2.4049,512,35
dsmem_loaded,5,0,1,512,16384,0,0,42,10,450317434,187252768,27485.1949,11429.0020,2.4049,512,36
dsmem_loaded,5,0,1,512,16384,0,0,42,10,450321821,187254592,27485.4627,11429.1133,2.4049,512,37
dsmem_loaded,5,0,1,512,16384,0,0,42,10,450320603,187254048,27485.3884,11429.0801,2.4049,512,38
dsmem_loaded,5,0,1,512,16384,0,0,42,10,450317433,187252768,27485.1949,11429.0020,2.4049,512,39
dsmem_loaded,5,0,1,512,16384,0,0,42,10,450321818,187254592,27485.4625,11429.1133,2.4049,512,40
dsmem_loaded,5,0,1,512,16384,0,0,42,10,450317434,187252768,27485.1949,11429.0020,2.4049,512,41
dsmem_loaded,5,0,1,512,16384,0,0,42,10,450317434,187252736,27485.1949,11429.0000,2.4049,512,42
dsmem_loaded,5,0,1,512,16384,0,0,42,10,450317434,187252736,27485.1949,11429.0000,2.4049,512,43
dsmem_loaded,5,0,1,512,16384,0,0,42,10,450317433,187252736,27485.1949,11429.0000,2.4049,512,44
dsmem_loaded,5,0,1,512,16384,0,0,42,10,450317434,187252768,27485.1949,11429.0020,2.4049,512,45
dsmem_loaded,5,0,1,512,16384,0,0,42,10,450318092,187253024,27485.2351,11429.0176,2.4049,512,46
dsmem_loaded,5,0,1,512,16384,0,0,42,10,450322005,187254656,27485.4739,11429.1172,2.4049,512,47
dsmem_loaded,5,0,1,512,16384,0,0,42,10,450317434,187252736,27485.1949,11429.0000,2.4049,512,48
dsmem_loaded,5,0,1,512,16384,0,0,42,10,450317434,187252736,27485.1949,11429.0000,2.4049,512,49
dsmem_loaded,5,0,1,512,16384,0,0,42,10,450317434,187252736,27485.1949,11429.0000,2.4049,512,50
dsmem_loaded,5,0,1,512,16384,0,0,42,10,450317434,187252768,27485.1949,11429.0020,2.4049,512,51
dsmem_loaded,5,0,1,512,16384,0,0,42,10,450322012,187254656,27485.4744,11429.1172,2.4049,512,52
dsmem_loaded,5,0,1,512,16384,0,0,42,10,450321529,187254464,27485.4449,11429.1055,2.4049,512,53
dsmem_loaded,5,0,1,512,16384,0,0,42,10,450323366,187255200,27485.5570,11429.1504,2.4049,512,54
dsmem_loaded,5,0,1,512,16384,0,0,42,10,450322078,187254656,27485.4784,11429.1172,2.4049,512,55
dsmem_loaded,5,0,1,512,16384,0,0,42,10,450317433,187252768,27485.1949,11429.0020,2.4049,512,56
dsmem_loaded,5,0,1,512,16384,0,0,42,10,450317434,187252736,27485.1949,11429.0000,2.4049,512,57
dsmem_loaded,5,0,1,512,16384,0,0,42,10,450317434,187252768,27485.1949,11429.0020,2.4049,512,58
dsmem_loaded,5,0,1,512,16384,0,0,42,10,450317433,187252736,27485.1949,11429.0000,2.4049,512,59
dsmem_loaded,5,0,1,512,16384,0,0,42,10,450317433,187252768,27485.1949,11429.0020,2.4049,512,60
dsmem_loaded,5,0,1,512,16384,0,0,42,10,450317433,187252736,27485.1949,11429.0000,2.4049,512,61
dsmem_loaded,5,0,1,512,16384,0,0,42,10,450317434,187252736,27485.1949,11429.0000,2.4049,512,62
dsmem_loaded,5,0,1,512,16384,0,0,42,10,450318654,187253280,27485.2694,11429.0332,2.4049,512,63
