# command: ./l2 --reps 101 --steps 16384
# gpu: NVIDIA GB10
# compute_capability: 12.1
# sm_count: 48
# l2_bytes: 25165824
# sm_clock_max_khz: 2418000
# driver_version: 13000
# runtime_version: 13000
# seed: 42
# reps: 101
# steps: 16384
# warmup: 1
benchmark,cluster_size,distance,mapped,block_size,steps,buffer_bytes,seed,rep,cycles,ns,cycles_per_load,ns_per_load,ghz
l2,0,0,0,32,16384,6291456,42,0,5568137,2315360,339.8521,141.3184,2.4049
l2,0,0,0,32,16384,6291456,42,1,5569156,2315744,339.9143,141.3418,2.4049
l2,0,0,0,32,16384,6291456,42,2,5572114,2316992,340.0948,141.4180,2.4049
l2,0,0,0,32,16384,6291456,42,3,5575946,2318560,340.3287,141.5137,2.4049
l2,0,0,0,32,16384,6291456,42,4,5573757,2317696,340.1951,141.4609,2.4049
l2,0,0,0,32,16384,6291456,42,5,5570365,2316224,339.9881,141.3711,2.4049
l2,0,0,0,32,16384,6291456,42,6,5574495,2318016,340.2402,141.4805,2.4049
l2,0,0,0,32,16384,6291456,42,7,5664152,2355296,345.7124,143.7559,2.4049
l2,0,0,0,32,16384,6291456,42,8,5569839,2316064,339.9560,141.3613,2.4049
l2,0,0,0,32,16384,6291456,42,9,5572393,2317152,340.1119,141.4277,2.4048
l2,0,0,0,32,16384,6291456,42,10,5574254,2317888,340.2255,141.4727,2.4049
l2,0,0,0,32,16384,6291456,42,11,5574244,2317888,340.2249,141.4727,2.4049
l2,0,0,0,32,16384,6291456,42,12,5569051,2315776,339.9079,141.3438,2.4048
l2,0,0,0,32,16384,6291456,42,13,5571784,2316928,340.0747,141.4141,2.4048
l2,0,0,0,32,16384,6291456,42,14,5571472,2316768,340.0557,141.4043,2.4048
l2,0,0,0,32,16384,6291456,42,15,5573349,2317536,340.1702,141.4512,2.4049
l2,0,0,0,32,16384,6291456,42,16,5570920,2316576,340.0220,141.3926,2.4048
l2,0,0,0,32,16384,6291456,42,17,5572717,2317248,340.1317,141.4336,2.4049
l2,0,0,0,32,16384,6291456,42,18,5571974,2316960,340.0863,141.4160,2.4049
l2,0,0,0,32,16384,6291456,42,19,5572223,2317088,340.1015,141.4238,2.4048
l2,0,0,0,32,16384,6291456,42,20,5570438,2316320,339.9926,141.3770,2.4049
l2,0,0,0,32,16384,6291456,42,21,5574070,2317856,340.2142,141.4707,2.4048
l2,0,0,0,32,16384,6291456,42,22,5570882,2316480,340.0197,141.3867,2.4049
l2,0,0,0,32,16384,6291456,42,23,5571453,2316768,340.0545,141.4043,2.4048
l2,0,0,0,32,16384,6291456,42,24,5569763,2316064,339.9514,141.3613,2.4048
l2,0,0,0,32,16384,6291456,42,25,5573764,2317696,340.1956,141.4609,2.4049
l2,0,0,0,32,16384,6291456,42,26,5572833,2317280,340.1387,141.4355,2.4049
l2,0,0,0,32,16384,6291456,42,27,5572659,2317248,340.1281,141.4336,2.4049
l2,0,0,0,32,16384,6291456,42,28,5577214,2319136,340.4061,141.5488,2.4049
l2,0,0,0,32,16384,6291456,42,29,5570931,2316480,340.0226,141.3867,2.4049
l2,0,0,0,32,16384,6291456,42,30,5566516,2314688,339.7532,141.2773,2.4049
l2,0,0,0,32,16384,6291456,42,31,5573907,2317760,340.2043,141.4648,2.4049
l2,0,0,0,32,16384,6291456,42,32,5572784,2317312,340.1357,141.4375,2.4048
l2,0,0,0,32,16384,6291456,42,33,5571780,2316864,340.0745,141.4102,2.4049
l2,0,0,0,32,16384,6291456,42,34,5571783,2316864,340.0746,141.4102,2.4049
l2,0,0,0,32,16384,6291456,42,35,5571861,2316928,340.0794,141.4141,2.4048
l2,0,0,0,32,16384,6291456,42,36,5573871,2317728,340.2021,141.4629,2.4049
l2,0,0,0,32,16384,6291456,42,37,5573810,2317696,340.1984,141.4609,2.4049
l2,0,0,0,32,16384,6291456,42,38,5574001,2317792,340.2100,141.4668,2.4049
l2,0,0,0,32,16384,6291456,42,39,5569223,2315840,339.9184,141.3477,2.4048
l2,0,0,0,32,16384,6291456,42,40,5573650,2317632,340.1886,141.4570,2.4049
l2,0,0,0,32,16384,6291456,42,41,5576900,2318976,340.3870,141.5391,2.4049
l2,0,0,0,32,16384,6291456,42,42,5575803,2318528,340.3200,141.5117,2.4049
l2,0,0,0,32,16384,6291456,42,43,5569797,2316064,339.9534,141.3613,2.4049
l2,0,0,0,32,16384,6291456,42,44,5568516,2315520,339.8752,141.3281,2.4049
l2,0,0,0,32,16384,6291456,42,45,5569177,2315808,339.9156,141.3457,2.4049
l2,0,0,0,32,16384,6291456,42,46,5577127,2319104,340.4008,141.5469,2.4049
l2,0,0,0,32,16384,6291456,42,47,5576235,2318784,340.3464,141.5273,2.4048
l2,0,0,0,32,16384,6291456,42,48,5569489,2315936,339.9346,141.3535,2.4049
l2,0,0,0,32,16384,6291456,42,49,5571429,2316768,340.0530,141.4043,2.4048
l2,0,0,0,32,16384,6291456,42,50,5574857,2318176,340.2623,141.4902,2.4048
l2,0,0,0,32,16384,6291456,42,51,5575485,2318432,340.3006,141.5059,2.4049
l2,0,0,0,32,16384,6291456,42,52,5566553,2314720,339.7554,141.2793,2.4048
l2,0,0,0,32,16384,6291456,42,53,5571628,2316800,340.0652,141.4062,2.4049
l2,0,0,0,32,16384,6291456,42,54,5577735,2319360,340.4379,141.5625,2.4049
l2,0,0,0,32,16384,6291456,42,55,5570162,2316224,339.9757,141.3711,2.4048
l2,0,0,0,32,16384,6291456,42,56,5575866,2318528,340.3239,141.5117,2.4049
l2,0,0,0,32,16384,6291456,42,57,5569347,2315872,339.9260,141.3496,2.4049
l2,0,0,0,32,16384,6291456,42,58,5569959,2316128,339.9633,141.3652,2.4049
l2,0,0,0,32,16384,6291456,42,59,5574099,2317824,340.2160,141.4688,2.4049
l2,0,0,0,32,16384,6291456,42,60,5572461,2317152,340.1160,141.4277,2.4049
l2,0,0,0,32,16384,6291456,42,61,5574113,2317856,340.2169,141.4707,2.4049
l2,0,0,0,32,16384,6291456,42,62,5567538,2315072,339.8156,141.3008,2.4049
l2,0,0,0,32,16384,6291456,42,63,5571786,2316864,340.0748,141.4102,2.4049
l2,0,0,0,32,16384,6291456,42,64,5573891,2317728,340.2033,141.4629,2.4049
l2,0,0,0,32,16384,6291456,42,65,5571028,2316576,340.0286,141.3926,2.4049
l2,0,0,0,32,16384,6291456,42,66,5571372,2316736,340.0496,141.4023,2.4048
l2,0,0,0,32,16384,6291456,42,67,5573907,2317760,340.2043,141.4648,2.4049
l2,0,0,0,32,16384,6291456,42,68,5574514,2318048,340.2413,141.4824,2.4048
l2,0,0,0,32,16384,6291456,42,69,5574259,2317888,340.2258,141.4727,2.4049
l2,0,0,0,32,16384,6291456,42,70,5573341,2317504,340.1697,141.4492,2.4049
l2,0,0,0,32,16384,6291456,42,71,5571581,2316768,340.0623,141.4043,2.4049
l2,0,0,0,32,16384,6291456,42,72,5574437,2317984,340.2366,141.4785,2.4049
l2,0,0,0,32,16384,6291456,42,73,5569144,2315776,339.9136,141.3438,2.4049
l2,0,0,0,32,16384,6291456,42,74,5570900,2316512,340.0208,141.3887,2.4049
l2,0,0,0,32,16384,6291456,42,75,5571686,2316832,340.0687,141.4082,2.4049
l2,0,0,0,32,16384,6291456,42,76,5571754,2316864,340.0729,141.4102,2.4049
l2,0,0,0,32,16384,6291456,42,77,5569694,2316000,339.9471,141.3574,2.4049
l2,0,0,0,32,16384,6291456,42,78,5567688,2315200,339.8247,141.3086,2.4048
l2,0,0,0,32,16384,6291456,42,79,5569976,2316128,339.9644,141.3652,2.4049
l2,0,0,0,32,16384,6291456,42,80,5570954,2316480,340.0240,141.3867,2.4049
l2,0,0,0,32,16384,6291456,42,81,5571563,2316768,340.0612,141.4043,2.4049
l2,0,0,0,32,16384,6291456,42,82,5572212,2317056,340.1008,141.4219,2.4049
l2,0,0,0,32,16384,6291456,42,83,5573815,2317760,340.1987,141.4648,2.4048
l2,0,0,0,32,16384,6291456,42,84,5569687,2316000,339.9467,141.3574,2.4049
l2,0,0,0,32,16384,6291456,42,85,5575950,2318624,340.3290,141.5176,2.4049
l2,0,0,0,32,16384,6291456,42,86,5574530,2318048,340.2423,141.4824,2.4048
l2,0,0,0,32,16384,6291456,42,87,5568766,2315616,339.8905,141.3340,2.4049
l2,0,0,0,32,16384,6291456,42,88,5573911,2317824,340.2045,141.4688,2.4048
l2,0,0,0,32,16384,6291456,42,89,5571672,2316832,340.0679,141.4082,2.4049
l2,0,0,0,32,16384,6291456,42,90,5575921,2318624,340.3272,141.5176,2.4048
l2,0,0,0,32,16384,6291456,42,91,5576089,2318688,340.3375,141.5215,2.4048
l2,0,0,0,32,16384,6291456,42,92,5572779,2317280,340.1354,141.4355,2.4049
l2,0,0,0,32,16384,6291456,42,93,5574736,2318048,340.2549,141.4824,2.4049
l2,0,0,0,32,16384,6291456,42,94,5575271,2318304,340.2875,141.4980,2.4049
l2,0,0,0,32,16384,6291456,42,95,5571051,2316544,340.0300,141.3906,2.4049
l2,0,0,0,32,16384,6291456,42,96,5571205,2316640,340.0394,141.3965,2.4049
l2,0,0,0,32,16384,6291456,42,97,5571233,2316640,340.0411,141.3965,2.4049
l2,0,0,0,32,16384,6291456,42,98,5572648,2317248,340.1274,141.4336,2.4049
l2,0,0,0,32,16384,6291456,42,99,5571597,2316832,340.0633,141.4082,2.4048
l2,0,0,0,32,16384,6291456,42,100,5575624,2318464,340.3091,141.5078,2.4049
