# command: ./dram --stride random --reps 101 --steps 16384
# gpu: NVIDIA GB10
# compute_capability: 12.1
# sm_count: 48
# l2_bytes: 25165824
# sm_clock_max_khz: 2418000
# driver_version: 13000
# runtime_version: 13000
# seed: 42
# reps: 101
# steps: 16384
# warmup: 1
# buffer_elems: 268435456
# stride_bytes: 0
# cycle_length: 268435456
benchmark,cluster_size,distance,mapped,block_size,steps,buffer_bytes,stride_bytes,seed,rep,cycles,ns,cycles_per_load,ns_per_load,ghz
dram,0,0,0,32,16384,1073741824,0,42,0,15785758,6564096,963.4862,400.6406,2.4049
dram,0,0,0,32,16384,1073741824,0,42,1,15855485,6593024,967.7420,402.4062,2.4049
dram,0,0,0,32,16384,1073741824,0,42,2,15850503,6591008,967.4379,402.2832,2.4049
dram,0,0,0,32,16384,1073741824,0,42,3,15901646,6612288,970.5594,403.5820,2.4049
dram,0,0,0,32,16384,1073741824,0,42,4,15910128,6615808,971.0771,403.7969,2.4049
dram,0,0,0,32,16384,1073741824,0,42,5,15843871,6588256,967.0331,402.1152,2.4049
dram,0,0,0,32,16384,1073741824,0,42,6,15842317,6587584,966.9383,402.0742,2.4049
dram,0,0,0,32,16384,1073741824,0,42,7,15830108,6582560,966.1931,401.7676,2.4049
dram,0,0,0,32,16384,1073741824,0,42,8,15799200,6569632,964.3066,400.9785,2.4049
dram,0,0,0,32,16384,1073741824,0,42,9,15813632,6575648,965.1875,401.3457,2.4049
dram,0,0,0,32,16384,1073741824,0,42,10,15807926,6573312,964.8392,401.2031,2.4049
dram,0,0,0,32,16384,1073741824,0,42,11,16059192,6677760,980.1753,407.5781,2.4049
dram,0,0,0,32,16384,1073741824,0,42,12,15810482,6574336,964.9952,401.2656,2.4049
dram,0,0,0,32,16384,1073741824,0,42,13,15801134,6570496,964.4247,401.0312,2.4049
dram,0,0,0,32,16384,1073741824,0,42,14,15808796,6573664,964.8923,401.2246,2.4049
dram,0,0,0,32,16384,1073741824,0,42,15,15797018,6568736,964.1735,400.9238,2.4049
dram,0,0,0,32,16384,1073741824,0,42,16,15801631,6570720,964.4550,401.0449,2.4049
dram,0,0,0,32,16384,1073741824,0,42,17,16944263,7045824,1034.1957,430.0430,2.4049
dram,0,0,0,32,16384,1073741824,0,42,18,15819056,6577920,965.5186,401.4844,2.4049
dram,0,0,0,32,16384,1073741824,0,42,19,15791786,6566592,963.8541,400.7930,2.4049
dram,0,0,0,32,16384,1073741824,0,42,20,15783913,6563328,963.3736,400.5938,2.4049
dram,0,0,0,32,16384,1073741824,0,42,21,16824070,6995840,1026.8597,426.9922,2.4049
dram,0,0,0,32,16384,1073741824,0,42,22,15800223,6570080,964.3691,401.0059,2.4049
dram,0,0,0,32,16384,1073741824,0,42,23,15798636,6569408,964.2722,400.9648,2.4049
dram,0,0,0,32,16384,1073741824,0,42,24,15723065,6538016,959.6597,399.0488,2.4049
dram,0,0,0,32,16384,1073741824,0,42,25,15808466,6573504,964.8722,401.2148,2.4049
dram,0,0,0,32,16384,1073741824,0,42,26,15816343,6576800,965.3530,401.4160,2.4049
dram,0,0,0,32,16384,1073741824,0,42,27,15812178,6575040,965.0988,401.3086,2.4049
dram,0,0,0,32,16384,1073741824,0,42,28,15792006,6566592,963.8676,400.7930,2.4049
dram,0,0,0,32,16384,1073741824,0,42,29,15812055,6575040,965.0912,401.3086,2.4049
dram,0,0,0,32,16384,1073741824,0,42,30,15836158,6584992,966.5624,401.9160,2.4049
dram,0,0,0,32,16384,1073741824,0,42,31,15777036,6560448,962.9539,400.4180,2.4049
dram,0,0,0,32,16384,1073741824,0,42,32,15805724,6572384,964.7048,401.1465,2.4049
dram,0,0,0,32,16384,1073741824,0,42,33,15835162,6584608,966.5016,401.8926,2.4049
dram,0,0,0,32,16384,1073741824,0,42,34,15784534,6563552,963.4115,400.6074,2.4049
dram,0,0,0,32,16384,1073741824,0,42,35,15813297,6575520,965.1671,401.3379,2.4049
dram,0,0,0,32,16384,1073741824,0,42,36,15837006,6585376,966.6141,401.9395,2.4049
dram,0,0,0,32,16384,1073741824,0,42,37,15768653,6556992,962.4422,400.2070,2.4049
dram,0,0,0,32,16384,1073741824,0,42,38,15830852,6582816,966.2385,401.7832,2.4049
dram,0,0,0,32,16384,1073741824,0,42,39,15805426,6572224,964.6866,401.1367,2.4049
dram,0,0,0,32,16384,1073741824,0,42,40,15730057,6540896,960.0865,399.2246,2.4049
dram,0,0,0,32,16384,1073741824,0,42,41,15824395,6580160,965.8444,401.6211,2.4049
dram,0,0,0,32,16384,1073741824,0,42,42,15812868,6575360,965.1409,401.3281,2.4049
dram,0,0,0,32,16384,1073741824,0,42,43,15791760,6566592,963.8525,400.7930,2.4049
dram,0,0,0,32,16384,1073741824,0,42,44,15848292,6590144,967.3030,402.2305,2.4048
dram,0,0,0,32,16384,1073741824,0,42,45,15815473,6576448,965.2999,401.3945,2.4049
dram,0,0,0,32,16384,1073741824,0,42,46,15780553,6561920,963.1685,400.5078,2.4049
dram,0,0,0,32,16384,1073741824,0,42,47,15848323,6590112,967.3049,402.2285,2.4049
dram,0,0,0,32,16384,1073741824,0,42,48,15785128,6563872,963.4478,400.6270,2.4049
dram,0,0,0,32,16384,1073741824,0,42,49,15787927,6564992,963.6186,400.6953,2.4049
dram,0,0,0,32,16384,1073741824,0,42,50,15832302,6583456,966.3270,401.8223,2.4049
dram,0,0,0,32,16384,1073741824,0,42,51,15785369,6563968,963.4625,400.6328,2.4049
dram,0,0,0,32,16384,1073741824,0,42,52,15803448,6571424,964.5659,401.0879,2.4049
dram,0,0,0,32,16384,1073741824,0,42,53,15840845,6587040,966.8484,402.0410,2.4049
dram,0,0,0,32,16384,1073741824,0,42,54,15788172,6565088,963.6335,400.7012,2.4049
dram,0,0,0,32,16384,1073741824,0,42,55,16917890,7034848,1032.5861,429.3730,2.4049
dram,0,0,0,32,16384,1073741824,0,42,56,15833619,6584000,966.4074,401.8555,2.4049
dram,0,0,0,32,16384,1073741824,0,42,57,15789939,6565792,963.7414,400.7441,2.4049
dram,0,0,0,32,16384,1073741824,0,42,58,15799556,6569856,964.3284,400.9922,2.4049
dram,0,0,0,32,16384,1073741824,0,42,59,15829243,6582208,966.1403,401.7461,2.4049
dram,0,0,0,32,16384,1073741824,0,42,60,15812687,6575296,965.1298,401.3242,2.4049
dram,0,0,0,32,16384,1073741824,0,42,61,15595571,6485120,951.8781,395.8203,2.4048
dram,0,0,0,32,16384,1073741824,0,42,62,15803210,6571360,964.5514,401.0840,2.4049
dram,0,0,0,32,16384,1073741824,0,42,63,15801569,6570624,964.4512,401.0391,2.4049
dram,0,0,0,32,16384,1073741824,0,42,64,15811192,6574656,965.0386,401.2852,2.4049
dram,0,0,0,32,16384,1073741824,0,42,65,15640290,6503648,954.6075,396.9512,2.4048
dram,0,0,0,32,16384,1073741824,0,42,66,15721793,6537600,959.5821,399.0234,2.4048
dram,0,0,0,32,16384,1073741824,0,42,67,15780842,6562208,963.1862,400.5254,2.4048
dram,0,0,0,32,16384,1073741824,0,42,68,15810842,6574464,965.0172,401.2734,2.4049
dram,0,0,0,32,16384,1073741824,0,42,69,15776930,6560384,962.9474,400.4141,2.4049
dram,0,0,0,32,16384,1073741824,0,42,70,15810891,6574528,965.0202,401.2773,2.4049
dram,0,0,0,32,16384,1073741824,0,42,71,15816044,6576704,965.3347,401.4102,2.4049
dram,0,0,0,32,16384,1073741824,0,42,72,15783567,6563168,963.3525,400.5840,2.4049
dram,0,0,0,32,16384,1073741824,0,42,73,15835127,6584608,966.4995,401.8926,2.4049
dram,0,0,0,32,16384,1073741824,0,42,74,15811767,6574880,965.0737,401.2988,2.4049
dram,0,0,0,32,16384,1073741824,0,42,75,15770509,6557696,962.5555,400.2500,2.4049
dram,0,0,0,32,16384,1073741824,0,42,76,15793505,6567264,963.9590,400.8340,2.4049
dram,0,0,0,32,16384,1073741824,0,42,77,15808334,6573408,964.8641,401.2090,2.4049
dram,0,0,0,32,16384,1073741824,0,42,78,15795415,6568064,964.0756,400.8828,2.4049
dram,0,0,0,32,16384,1073741824,0,42,79,15825019,6580384,965.8825,401.6348,2.4049
dram,0,0,0,32,16384,1073741824,0,42,80,15814293,6575936,965.2278,401.3633,2.4049
dram,0,0,0,32,16384,1073741824,0,42,81,15799642,6569824,964.3336,400.9902,2.4049
dram,0,0,0,32,16384,1073741824,0,42,82,15841304,6587168,966.8765,402.0488,2.4049
dram,0,0,0,32,16384,1073741824,0,42,83,15816577,6576928,965.3672,401.4238,2.4049
dram,0,0,0,32,16384,1073741824,0,42,84,15784899,6563648,963.4338,400.6133,2.4049
dram,0,0,0,32,16384,1073741824,0,42,85,15807352,6573056,964.8042,401.1875,2.4049
dram,0,0,0,32,16384,1073741824,0,42,86,15808980,6573760,964.9036,401.2305,2.4049
dram,0,0,0,32,16384,1073741824,0,42,87,16127309,6706112,984.3328,409.3086,2.4049
dram,0,0,0,32,16384,1073741824,0,42,88,15814078,6575808,965.2147,401.3555,2.4049
dram,0,0,0,32,16384,1073741824,0,42,89,15806452,6572672,964.7493,401.1641,2.4049
dram,0,0,0,32,16384,1073741824,0,42,90,15787882,6564992,963.6158,400.6953,2.4049
dram,0,0,0,32,16384,1073741824,0,42,91,15806271,6572576,964.7382,401.1582,2.4049
dram,0,0,0,32,16384,1073741824,0,42,92,15799314,6569696,964.3136,400.9824,2.4049
dram,0,0,0,32,16384,1073741824,0,42,93,16854918,7008608,1028.7426,427.7715,2.4049
dram,0,0,0,32,16384,1073741824,0,42,94,15829901,6582432,966.1805,401.7598,2.4049
dram,0,0,0,32,16384,1073741824,0,42,95,15789714,6565696,963.7277,400.7383,2.4049
dram,0,0,0,32,16384,1073741824,0,42,96,15802675,6571136,964.5187,401.0703,2.4049
dram,0,0,0,32,16384,1073741824,0,42,97,15820776,6578624,965.6235,401.5273,2.4049
dram,0,0,0,32,16384,1073741824,0,42,98,15726350,6539360,959.8602,399.1309,2.4049
dram,0,0,0,32,16384,1073741824,0,42,99,15717871,6535840,959.3427,398.9160,2.4049
dram,0,0,0,32,16384,1073741824,0,42,100,15714362,6534432,959.1285,398.8301,2.4049
