# command: ./dram --stride 512 --reps 101 --steps 16384
# gpu: NVIDIA GB10
# compute_capability: 12.1
# sm_count: 48
# l2_bytes: 25165824
# sm_clock_max_khz: 2418000
# driver_version: 13000
# runtime_version: 13000
# seed: 42
# reps: 101
# steps: 16384
# warmup: 1
# buffer_elems: 268435456
# stride_bytes: 512
# cycle_length: 2097152
benchmark,cluster_size,distance,mapped,block_size,steps,buffer_bytes,stride_bytes,seed,rep,cycles,ns,cycles_per_load,ns_per_load,ghz
dram,0,0,0,32,16384,1073741824,512,42,0,15578544,6477888,950.8389,395.3789,2.4049
dram,0,0,0,32,16384,1073741824,512,42,1,15582851,6479648,951.1017,395.4863,2.4049
dram,0,0,0,32,16384,1073741824,512,42,2,15579356,6478240,950.8884,395.4004,2.4049
dram,0,0,0,32,16384,1073741824,512,42,3,15616522,6493696,953.1569,396.3438,2.4049
dram,0,0,0,32,16384,1073741824,512,42,4,15584558,6480352,951.2059,395.5293,2.4049
dram,0,0,0,32,16384,1073741824,512,42,5,15619087,6494784,953.3134,396.4102,2.4049
dram,0,0,0,32,16384,1073741824,512,42,6,15573843,6475904,950.5519,395.2578,2.4049
dram,0,0,0,32,16384,1073741824,512,42,7,15572308,6475296,950.4583,395.2207,2.4049
dram,0,0,0,32,16384,1073741824,512,42,8,15599633,6486688,952.1260,395.9160,2.4049
dram,0,0,0,32,16384,1073741824,512,42,9,15628872,6498848,953.9106,396.6582,2.4049
dram,0,0,0,32,16384,1073741824,512,42,10,15572778,6475488,950.4869,395.2324,2.4049
dram,0,0,0,32,16384,1073741824,512,42,11,15616006,6493440,953.1254,396.3281,2.4049
dram,0,0,0,32,16384,1073741824,512,42,12,15610296,6491104,952.7769,396.1855,2.4049
dram,0,0,0,32,16384,1073741824,512,42,13,15603274,6488160,952.3483,396.0059,2.4049
dram,0,0,0,32,16384,1073741824,512,42,14,15598060,6486016,952.0300,395.8750,2.4049
dram,0,0,0,32,16384,1073741824,512,42,15,15611699,6491680,952.8625,396.2207,2.4049
dram,0,0,0,32,16384,1073741824,512,42,16,15594377,6484448,951.8052,395.7793,2.4049
dram,0,0,0,32,16384,1073741824,512,42,17,15591918,6483424,951.6552,395.7168,2.4049
dram,0,0,0,32,16384,1073741824,512,42,18,15595183,6484800,951.8544,395.8008,2.4049
dram,0,0,0,32,16384,1073741824,512,42,19,15596331,6485280,951.9245,395.8301,2.4049
dram,0,0,0,32,16384,1073741824,512,42,20,15633231,6500576,954.1767,396.7637,2.4049
dram,0,0,0,32,16384,1073741824,512,42,21,15594064,6484352,951.7861,395.7734,2.4049
dram,0,0,0,32,16384,1073741824,512,42,22,15570537,6474560,950.3502,395.1758,2.4049
dram,0,0,0,32,16384,1073741824,512,42,23,15603987,6488480,952.3918,396.0254,2.4049
dram,0,0,0,32,16384,1073741824,512,42,24,15589686,6482496,951.5189,395.6602,2.4049
dram,0,0,0,32,16384,1073741824,512,42,25,15588667,6482080,951.4567,395.6348,2.4049
dram,0,0,0,32,16384,1073741824,512,42,26,15610677,6491232,952.8001,396.1934,2.4049
dram,0,0,0,32,16384,1073741824,512,42,27,15594234,6484448,951.7965,395.7793,2.4049
dram,0,0,0,32,16384,1073741824,512,42,28,15587260,6481536,951.3708,395.6016,2.4049
dram,0,0,0,32,16384,1073741824,512,42,29,15598571,6486208,952.0612,395.8867,2.4049
dram,0,0,0,32,16384,1073741824,512,42,30,15576839,6477216,950.7348,395.3379,2.4049
dram,0,0,0,32,16384,1073741824,512,42,31,15605951,6489344,952.5117,396.0781,2.4049
dram,0,0,0,32,16384,1073741824,512,42,32,15601633,6487488,952.2481,395.9648,2.4049
dram,0,0,0,32,16384,1073741824,512,42,33,15565607,6472512,950.0493,395.0508,2.4049
dram,0,0,0,32,16384,1073741824,512,42,34,15607423,6489952,952.6015,396.1152,2.4049
dram,0,0,0,32,16384,1073741824,512,42,35,15571766,6475072,950.4252,395.2070,2.4049
dram,0,0,0,32,16384,1073741824,512,42,36,15585467,6480768,951.2614,395.5547,2.4049
dram,0,0,0,32,16384,1073741824,512,42,37,15600745,6487104,952.1939,395.9414,2.4049
dram,0,0,0,32,16384,1073741824,512,42,38,15614055,6492672,953.0063,396.2812,2.4049
dram,0,0,0,32,16384,1073741824,512,42,39,15575519,6476704,950.6542,395.3066,2.4049
dram,0,0,0,32,16384,1073741824,512,42,40,15609561,6490816,952.7320,396.1680,2.4049
dram,0,0,0,32,16384,1073741824,512,42,41,15592871,6483840,951.7133,395.7422,2.4049
dram,0,0,0,32,16384,1073741824,512,42,42,15586795,6481344,951.3425,395.5898,2.4049
dram,0,0,0,32,16384,1073741824,512,42,43,15526929,6456480,947.6885,394.0723,2.4049
dram,0,0,0,32,16384,1073741824,512,42,44,15555549,6468352,949.4354,394.7969,2.4049
dram,0,0,0,32,16384,1073741824,512,42,45,15597786,6485888,952.0133,395.8672,2.4049
dram,0,0,0,32,16384,1073741824,512,42,46,15610617,6491264,952.7964,396.1953,2.4049
dram,0,0,0,32,16384,1073741824,512,42,47,15582880,6479712,951.1035,395.4902,2.4049
dram,0,0,0,32,16384,1073741824,512,42,48,15593696,6484224,951.7637,395.7656,2.4049
dram,0,0,0,32,16384,1073741824,512,42,49,15603305,6488160,952.3502,396.0059,2.4049
dram,0,0,0,32,16384,1073741824,512,42,50,15574952,6476416,950.6196,395.2891,2.4049
dram,0,0,0,32,16384,1073741824,512,42,51,15574956,6476416,950.6199,395.2891,2.4049
dram,0,0,0,32,16384,1073741824,512,42,52,15550999,6466528,949.1577,394.6855,2.4048
dram,0,0,0,32,16384,1073741824,512,42,53,15436189,6418720,942.1502,391.7676,2.4049
dram,0,0,0,32,16384,1073741824,512,42,54,15420189,6412096,941.1736,391.3633,2.4049
dram,0,0,0,32,16384,1073741824,512,42,55,15462500,6429728,943.7561,392.4395,2.4048
dram,0,0,0,32,16384,1073741824,512,42,56,15578538,6477888,950.8385,395.3789,2.4049
dram,0,0,0,32,16384,1073741824,512,42,57,15585490,6480800,951.2628,395.5566,2.4049
dram,0,0,0,32,16384,1073741824,512,42,58,15520760,6453888,947.3120,393.9141,2.4049
dram,0,0,0,32,16384,1073741824,512,42,59,15581401,6479072,951.0132,395.4512,2.4049
dram,0,0,0,32,16384,1073741824,512,42,60,15594019,6484352,951.7834,395.7734,2.4049
dram,0,0,0,32,16384,1073741824,512,42,61,15595191,6484832,951.8549,395.8027,2.4049
dram,0,0,0,32,16384,1073741824,512,42,62,15596638,6485408,951.9432,395.8379,2.4049
dram,0,0,0,32,16384,1073741824,512,42,63,15476982,6435712,944.6400,392.8047,2.4049
dram,0,0,0,32,16384,1073741824,512,42,64,15504148,6446976,946.2981,393.4922,2.4049
dram,0,0,0,32,16384,1073741824,512,42,65,15518712,6453024,947.1870,393.8613,2.4049
dram,0,0,0,32,16384,1073741824,512,42,66,15531729,6458400,947.9815,394.1895,2.4049
dram,0,0,0,32,16384,1073741824,512,42,67,15479483,6436736,944.7927,392.8672,2.4049
dram,0,0,0,32,16384,1073741824,512,42,68,15569369,6474112,950.2789,395.1484,2.4049
dram,0,0,0,32,16384,1073741824,512,42,69,15607767,6490016,952.6225,396.1191,2.4049
dram,0,0,0,32,16384,1073741824,512,42,70,15593303,6484032,951.7397,395.7539,2.4049
dram,0,0,0,32,16384,1073741824,512,42,71,15589812,6482624,951.5266,395.6680,2.4049
dram,0,0,0,32,16384,1073741824,512,42,72,15569692,6474208,950.2986,395.1543,2.4049
dram,0,0,0,32,16384,1073741824,512,42,73,15267956,6348704,931.8821,387.4941,2.4049
dram,0,0,0,32,16384,1073741824,512,42,74,15604291,6488576,952.4103,396.0312,2.4049
dram,0,0,0,32,16384,1073741824,512,42,75,16487872,6856032,1006.3398,418.4590,2.4049
dram,0,0,0,32,16384,1073741824,512,42,76,15580759,6478848,950.9741,395.4375,2.4049
dram,0,0,0,32,16384,1073741824,512,42,77,15594785,6484704,951.8301,395.7949,2.4049
dram,0,0,0,32,16384,1073741824,512,42,78,15572499,6475456,950.4699,395.2305,2.4048
dram,0,0,0,32,16384,1073741824,512,42,79,15566033,6472704,950.0753,395.0625,2.4049
dram,0,0,0,32,16384,1073741824,512,42,80,15603154,6488160,952.3409,396.0059,2.4049
dram,0,0,0,32,16384,1073741824,512,42,81,15571211,6474912,950.3913,395.1973,2.4049
dram,0,0,0,32,16384,1073741824,512,42,82,15598787,6486368,952.0744,395.8965,2.4049
dram,0,0,0,32,16384,1073741824,512,42,83,15514578,6451328,946.9347,393.7578,2.4049
dram,0,0,0,32,16384,1073741824,512,42,84,15572331,6475328,950.4597,395.2227,2.4049
dram,0,0,0,32,16384,1073741824,512,42,85,15584873,6480512,951.2252,395.5391,2.4049
dram,0,0,0,32,16384,1073741824,512,42,86,15591258,6483200,951.6149,395.7031,2.4049
dram,0,0,0,32,16384,1073741824,512,42,87,15572446,6475424,950.4667,395.2285,2.4049
dram,0,0,0,32,16384,1073741824,512,42,88,15427937,6415296,941.6465,391.5586,2.4049
dram,0,0,0,32,16384,1073741824,512,42,89,15605613,6489216,952.4910,396.0703,2.4049
dram,0,0,0,32,16384,1073741824,512,42,90,15582781,6479744,951.0975,395.4922,2.4048
dram,0,0,0,32,16384,1073741824,512,42,91,15602674,6487936,952.3116,395.9922,2.4049
dram,0,0,0,32,16384,1073741824,512,42,92,15616462,6493696,953.1532,396.3438,2.4049
dram,0,0,0,32,16384,1073741824,512,42,93,15582709,6479712,951.0931,395.4902,2.4048
dram,0,0,0,32,16384,1073741824,512,42,94,15582595,6479648,951.0861,395.4863,2.4049
dram,0,0,0,32,16384,1073741824,512,42,95,15578271,6477792,950.8222,395.3730,2.4049
dram,0,0,0,32,16384,1073741824,512,42,96,15608354,6490304,952.6583,396.1367,2.4049
dram,0,0,0,32,16384,1073741824,512,42,97,15589134,6482304,951.4852,395.6484,2.4049
dram,0,0,0,32,16384,1073741824,512,42,98,15572961,6475616,950.4981,395.2402,2.4049
dram,0,0,0,32,16384,1073741824,512,42,99,15529045,6457408,947.8177,394.1289,2.4048
dram,0,0,0,32,16384,1073741824,512,42,100,15598649,6486304,952.0660,395.8926,2.4049
