# command: ./smem_cluster_local --cluster-size 12 --mapped 1 --reps 101 --steps 16384
# gpu: NVIDIA GB10
# compute_capability: 12.1
# sm_count: 48
# l2_bytes: 25165824
# sm_clock_max_khz: 2418000
# driver_version: 13000
# runtime_version: 13000
# seed: 42
# reps: 101
# steps: 16384
# warmup: 1
# buffer_elems: 4096
# stride_bytes: 0
# cycle_length: 4096
benchmark,cluster_size,distance,mapped,block_size,steps,buffer_bytes,stride_bytes,seed,rep,cycles,ns,cycles_per_load,ns_per_load,ghz
smem_cluster_local,12,0,1,128,16384,0,0,42,0,604206,251232,36.8778,15.3340,2.4050
smem_cluster_local,12,0,1,128,16384,0,0,42,1,604206,251264,36.8778,15.3359,2.4047
smem_cluster_local,12,0,1,128,16384,0,0,42,2,604206,251232,36.8778,15.3340,2.4050
smem_cluster_local,12,0,1,128,16384,0,0,42,3,604206,251264,36.8778,15.3359,2.4047
smem_cluster_local,12,0,1,128,16384,0,0,42,4,604206,251264,36.8778,15.3359,2.4047
smem_cluster_local,12,0,1,128,16384,0,0,42,5,604206,251200,36.8778,15.3320,2.4053
smem_cluster_local,12,0,1,128,16384,0,0,42,6,604206,251264,36.8778,15.3359,2.4047
smem_cluster_local,12,0,1,128,16384,0,0,42,7,604206,251264,36.8778,15.3359,2.4047
smem_cluster_local,12,0,1,128,16384,0,0,42,8,604206,251296,36.8778,15.3379,2.4044
smem_cluster_local,12,0,1,128,16384,0,0,42,9,604206,251264,36.8778,15.3359,2.4047
smem_cluster_local,12,0,1,128,16384,0,0,42,10,604206,251264,36.8778,15.3359,2.4047
smem_cluster_local,12,0,1,128,16384,0,0,42,11,604206,251232,36.8778,15.3340,2.4050
smem_cluster_local,12,0,1,128,16384,0,0,42,12,604206,251264,36.8778,15.3359,2.4047
smem_cluster_local,12,0,1,128,16384,0,0,42,13,604206,251232,36.8778,15.3340,2.4050
smem_cluster_local,12,0,1,128,16384,0,0,42,14,604206,251264,36.8778,15.3359,2.4047
smem_cluster_local,12,0,1,128,16384,0,0,42,15,604206,251264,36.8778,15.3359,2.4047
smem_cluster_local,12,0,1,128,16384,0,0,42,16,604206,251232,36.8778,15.3340,2.4050
smem_cluster_local,12,0,1,128,16384,0,0,42,17,604206,251200,36.8778,15.3320,2.4053
smem_cluster_local,12,0,1,128,16384,0,0,42,18,604206,251264,36.8778,15.3359,2.4047
smem_cluster_local,12,0,1,128,16384,0,0,42,19,604206,251264,36.8778,15.3359,2.4047
smem_cluster_local,12,0,1,128,16384,0,0,42,20,604206,251232,36.8778,15.3340,2.4050
smem_cluster_local,12,0,1,128,16384,0,0,42,21,604206,251232,36.8778,15.3340,2.4050
smem_cluster_local,12,0,1,128,16384,0,0,42,22,604206,251232,36.8778,15.3340,2.4050
smem_cluster_local,12,0,1,128,16384,0,0,42,23,604206,251264,36.8778,15.3359,2.4047
smem_cluster_local,12,0,1,128,16384,0,0,42,24,604206,251232,36.8778,15.3340,2.4050
smem_cluster_local,12,0,1,128,16384,0,0,42,25,604206,251264,36.8778,15.3359,2.4047
smem_cluster_local,12,0,1,128,16384,0,0,42,26,604206,251232,36.8778,15.3340,2.4050
smem_cluster_local,12,0,1,128,16384,0,0,42,27,604206,251232,36.8778,15.3340,2.4050
smem_cluster_local,12,0,1,128,16384,0,0,42,28,604206,251264,36.8778,15.3359,2.4047
smem_cluster_local,12,0,1,128,16384,0,0,42,29,604206,251264,36.8778,15.3359,2.4047
smem_cluster_local,12,0,1,128,16384,0,0,42,30,604206,251232,36.8778,15.3340,2.4050
smem_cluster_local,12,0,1,128,16384,0,0,42,31,604206,251200,36.8778,15.3320,2.4053
smem_cluster_local,12,0,1,128,16384,0,0,42,32,604206,251264,36.8778,15.3359,2.4047
smem_cluster_local,12,0,1,128,16384,0,0,42,33,604206,251200,36.8778,15.3320,2.4053
smem_cluster_local,12,0,1,128,16384,0,0,42,34,604206,251232,36.8778,15.3340,2.4050
smem_cluster_local,12,0,1,128,16384,0,0,42,35,604206,251232,36.8778,15.3340,2.4050
smem_cluster_local,12,0,1,128,16384,0,0,42,36,604206,251200,36.8778,15.3320,2.4053
smem_cluster_local,12,0,1,128,16384,0,0,42,37,604206,251232,36.8778,15.3340,2.4050
smem_cluster_local,12,0,1,128,16384,0,0,42,38,604206,251232,36.8778,15.3340,2.4050
smem_cluster_local,12,0,1,128,16384,0,0,42,39,604206,251296,36.8778,15.3379,2.4044
smem_cluster_local,12,0,1,128,16384,0,0,42,40,604206,251264,36.8778,15.3359,2.4047
smem_cluster_local,12,0,1,128,16384,0,0,42,41,604206,251232,36.8778,15.3340,2.4050
smem_cluster_local,12,0,1,128,16384,0,0,42,42,604206,251264,36.8778,15.3359,2.4047
smem_cluster_local,12,0,1,128,16384,0,0,42,43,604206,251232,36.8778,15.3340,2.4050
smem_cluster_local,12,0,1,128,16384,0,0,42,44,604206,251200,36.8778,15.3320,2.4053
smem_cluster_local,12,0,1,128,16384,0,0,42,45,604206,251296,36.8778,15.3379,2.4044
smem_cluster_local,12,0,1,128,16384,0,0,42,46,604206,251232,36.8778,15.3340,2.4050
smem_cluster_local,12,0,1,128,16384,0,0,42,47,604206,251232,36.8778,15.3340,2.4050
smem_cluster_local,12,0,1,128,16384,0,0,42,48,604206,251264,36.8778,15.3359,2.4047
smem_cluster_local,12,0,1,128,16384,0,0,42,49,604206,251264,36.8778,15.3359,2.4047
smem_cluster_local,12,0,1,128,16384,0,0,42,50,604206,251264,36.8778,15.3359,2.4047
smem_cluster_local,12,0,1,128,16384,0,0,42,51,604206,251264,36.8778,15.3359,2.4047
smem_cluster_local,12,0,1,128,16384,0,0,42,52,604206,251232,36.8778,15.3340,2.4050
smem_cluster_local,12,0,1,128,16384,0,0,42,53,604206,251232,36.8778,15.3340,2.4050
smem_cluster_local,12,0,1,128,16384,0,0,42,54,604206,251232,36.8778,15.3340,2.4050
smem_cluster_local,12,0,1,128,16384,0,0,42,55,604206,251232,36.8778,15.3340,2.4050
smem_cluster_local,12,0,1,128,16384,0,0,42,56,604206,251232,36.8778,15.3340,2.4050
smem_cluster_local,12,0,1,128,16384,0,0,42,57,604206,251232,36.8778,15.3340,2.4050
smem_cluster_local,12,0,1,128,16384,0,0,42,58,604206,251232,36.8778,15.3340,2.4050
smem_cluster_local,12,0,1,128,16384,0,0,42,59,604206,251232,36.8778,15.3340,2.4050
smem_cluster_local,12,0,1,128,16384,0,0,42,60,604206,251264,36.8778,15.3359,2.4047
smem_cluster_local,12,0,1,128,16384,0,0,42,61,604206,251232,36.8778,15.3340,2.4050
smem_cluster_local,12,0,1,128,16384,0,0,42,62,604206,251232,36.8778,15.3340,2.4050
smem_cluster_local,12,0,1,128,16384,0,0,42,63,604206,251232,36.8778,15.3340,2.4050
smem_cluster_local,12,0,1,128,16384,0,0,42,64,604206,251264,36.8778,15.3359,2.4047
smem_cluster_local,12,0,1,128,16384,0,0,42,65,604206,251264,36.8778,15.3359,2.4047
smem_cluster_local,12,0,1,128,16384,0,0,42,66,604206,251200,36.8778,15.3320,2.4053
smem_cluster_local,12,0,1,128,16384,0,0,42,67,604206,251232,36.8778,15.3340,2.4050
smem_cluster_local,12,0,1,128,16384,0,0,42,68,604206,251264,36.8778,15.3359,2.4047
smem_cluster_local,12,0,1,128,16384,0,0,42,69,604206,251264,36.8778,15.3359,2.4047
smem_cluster_local,12,0,1,128,16384,0,0,42,70,604206,251232,36.8778,15.3340,2.4050
smem_cluster_local,12,0,1,128,16384,0,0,42,71,604206,251168,36.8778,15.3301,2.4056
smem_cluster_local,12,0,1,128,16384,0,0,42,72,604206,251232,36.8778,15.3340,2.4050
smem_cluster_local,12,0,1,128,16384,0,0,42,73,604206,251296,36.8778,15.3379,2.4044
smem_cluster_local,12,0,1,128,16384,0,0,42,74,604206,251264,36.8778,15.3359,2.4047
smem_cluster_local,12,0,1,128,16384,0,0,42,75,604206,251232,36.8778,15.3340,2.4050
smem_cluster_local,12,0,1,128,16384,0,0,42,76,604206,251232,36.8778,15.3340,2.4050
smem_cluster_local,12,0,1,128,16384,0,0,42,77,604206,251264,36.8778,15.3359,2.4047
smem_cluster_local,12,0,1,128,16384,0,0,42,78,604206,251264,36.8778,15.3359,2.4047
smem_cluster_local,12,0,1,128,16384,0,0,42,79,604206,251264,36.8778,15.3359,2.4047
smem_cluster_local,12,0,1,128,16384,0,0,42,80,604206,251264,36.8778,15.3359,2.4047
smem_cluster_local,12,0,1,128,16384,0,0,42,81,604206,251296,36.8778,15.3379,2.4044
smem_cluster_local,12,0,1,128,16384,0,0,42,82,604206,251232,36.8778,15.3340,2.4050
smem_cluster_local,12,0,1,128,16384,0,0,42,83,604206,251264,36.8778,15.3359,2.4047
smem_cluster_local,12,0,1,128,16384,0,0,42,84,604206,251264,36.8778,15.3359,2.4047
smem_cluster_local,12,0,1,128,16384,0,0,42,85,604206,251264,36.8778,15.3359,2.4047
smem_cluster_local,12,0,1,128,16384,0,0,42,86,604206,251232,36.8778,15.3340,2.4050
smem_cluster_local,12,0,1,128,16384,0,0,42,87,604206,251232,36.8778,15.3340,2.4050
smem_cluster_local,12,0,1,128,16384,0,0,42,88,604206,251200,36.8778,15.3320,2.4053
smem_cluster_local,12,0,1,128,16384,0,0,42,89,604206,251232,36.8778,15.3340,2.4050
smem_cluster_local,12,0,1,128,16384,0,0,42,90,604206,251232,36.8778,15.3340,2.4050
smem_cluster_local,12,0,1,128,16384,0,0,42,91,604206,251264,36.8778,15.3359,2.4047
smem_cluster_local,12,0,1,128,16384,0,0,42,92,604206,251232,36.8778,15.3340,2.4050
smem_cluster_local,12,0,1,128,16384,0,0,42,93,604206,251232,36.8778,15.3340,2.4050
smem_cluster_local,12,0,1,128,16384,0,0,42,94,604206,251264,36.8778,15.3359,2.4047
smem_cluster_local,12,0,1,128,16384,0,0,42,95,604206,251232,36.8778,15.3340,2.4050
smem_cluster_local,12,0,1,128,16384,0,0,42,96,604206,251264,36.8778,15.3359,2.4047
smem_cluster_local,12,0,1,128,16384,0,0,42,97,604206,251264,36.8778,15.3359,2.4047
smem_cluster_local,12,0,1,128,16384,0,0,42,98,604206,251232,36.8778,15.3340,2.4050
smem_cluster_local,12,0,1,128,16384,0,0,42,99,604206,251200,36.8778,15.3320,2.4053
smem_cluster_local,12,0,1,128,16384,0,0,42,100,604206,251264,36.8778,15.3359,2.4047
