# command: ./dsmem_remote --cluster-size 12 --distance 10 --reps 101 --steps 16384
# gpu: NVIDIA GB10
# compute_capability: 12.1
# sm_count: 48
# l2_bytes: 25165824
# sm_clock_max_khz: 2418000
# driver_version: 13000
# runtime_version: 13000
# seed: 42
# reps: 101
# steps: 16384
# warmup: 1
benchmark,cluster_size,distance,mapped,block_size,steps,buffer_bytes,seed,rep,cycles,ns,cycles_per_load,ns_per_load,ghz
dsmem_remote,12,10,1,128,16384,0,42,0,2947066,1225440,179.8746,74.7949,2.4049
dsmem_remote,12,10,1,128,16384,0,42,1,2947066,1225440,179.8746,74.7949,2.4049
dsmem_remote,12,10,1,128,16384,0,42,2,2947066,1225440,179.8746,74.7949,2.4049
dsmem_remote,12,10,1,128,16384,0,42,3,2947066,1225408,179.8746,74.7930,2.4050
dsmem_remote,12,10,1,128,16384,0,42,4,2947066,1225472,179.8746,74.7969,2.4048
dsmem_remote,12,10,1,128,16384,0,42,5,2947066,1225472,179.8746,74.7969,2.4048
dsmem_remote,12,10,1,128,16384,0,42,6,2947066,1225472,179.8746,74.7969,2.4048
dsmem_remote,12,10,1,128,16384,0,42,7,2947066,1225472,179.8746,74.7969,2.4048
dsmem_remote,12,10,1,128,16384,0,42,8,2947066,1225696,179.8746,74.8105,2.4044
dsmem_remote,12,10,1,128,16384,0,42,9,2947066,1225440,179.8746,74.7949,2.4049
dsmem_remote,12,10,1,128,16384,0,42,10,2947066,1225472,179.8746,74.7969,2.4048
dsmem_remote,12,10,1,128,16384,0,42,11,2947066,1225472,179.8746,74.7969,2.4048
dsmem_remote,12,10,1,128,16384,0,42,12,2947066,1225440,179.8746,74.7949,2.4049
dsmem_remote,12,10,1,128,16384,0,42,13,2947066,1225472,179.8746,74.7969,2.4048
dsmem_remote,12,10,1,128,16384,0,42,14,2947066,1225472,179.8746,74.7969,2.4048
dsmem_remote,12,10,1,128,16384,0,42,15,2947066,1225472,179.8746,74.7969,2.4048
dsmem_remote,12,10,1,128,16384,0,42,16,2947066,1225472,179.8746,74.7969,2.4048
dsmem_remote,12,10,1,128,16384,0,42,17,2947066,1225472,179.8746,74.7969,2.4048
dsmem_remote,12,10,1,128,16384,0,42,18,2947066,1225440,179.8746,74.7949,2.4049
dsmem_remote,12,10,1,128,16384,0,42,19,2947066,1225440,179.8746,74.7949,2.4049
dsmem_remote,12,10,1,128,16384,0,42,20,2947066,1225472,179.8746,74.7969,2.4048
dsmem_remote,12,10,1,128,16384,0,42,21,2947066,1225472,179.8746,74.7969,2.4048
dsmem_remote,12,10,1,128,16384,0,42,22,2947066,1225440,179.8746,74.7949,2.4049
dsmem_remote,12,10,1,128,16384,0,42,23,2947066,1225408,179.8746,74.7930,2.4050
dsmem_remote,12,10,1,128,16384,0,42,24,2947066,1225440,179.8746,74.7949,2.4049
dsmem_remote,12,10,1,128,16384,0,42,25,2947066,1225504,179.8746,74.7988,2.4048
dsmem_remote,12,10,1,128,16384,0,42,26,2947066,1225504,179.8746,74.7988,2.4048
dsmem_remote,12,10,1,128,16384,0,42,27,2947066,1225440,179.8746,74.7949,2.4049
dsmem_remote,12,10,1,128,16384,0,42,28,2947066,1225472,179.8746,74.7969,2.4048
dsmem_remote,12,10,1,128,16384,0,42,29,2947066,1225504,179.8746,74.7988,2.4048
dsmem_remote,12,10,1,128,16384,0,42,30,2947066,1225408,179.8746,74.7930,2.4050
dsmem_remote,12,10,1,128,16384,0,42,31,2947066,1225440,179.8746,74.7949,2.4049
dsmem_remote,12,10,1,128,16384,0,42,32,2947066,1225472,179.8746,74.7969,2.4048
dsmem_remote,12,10,1,128,16384,0,42,33,2947066,1225440,179.8746,74.7949,2.4049
dsmem_remote,12,10,1,128,16384,0,42,34,2947066,1225504,179.8746,74.7988,2.4048
dsmem_remote,12,10,1,128,16384,0,42,35,2947066,1225440,179.8746,74.7949,2.4049
dsmem_remote,12,10,1,128,16384,0,42,36,2947066,1225472,179.8746,74.7969,2.4048
dsmem_remote,12,10,1,128,16384,0,42,37,2947066,1225472,179.8746,74.7969,2.4048
dsmem_remote,12,10,1,128,16384,0,42,38,2947066,1225408,179.8746,74.7930,2.4050
dsmem_remote,12,10,1,128,16384,0,42,39,2947066,1225472,179.8746,74.7969,2.4048
dsmem_remote,12,10,1,128,16384,0,42,40,2947066,1225472,179.8746,74.7969,2.4048
dsmem_remote,12,10,1,128,16384,0,42,41,2947066,1225440,179.8746,74.7949,2.4049
dsmem_remote,12,10,1,128,16384,0,42,42,2947066,1225472,179.8746,74.7969,2.4048
dsmem_remote,12,10,1,128,16384,0,42,43,2947066,1225440,179.8746,74.7949,2.4049
dsmem_remote,12,10,1,128,16384,0,42,44,2947066,1225440,179.8746,74.7949,2.4049
dsmem_remote,12,10,1,128,16384,0,42,45,2947066,1225440,179.8746,74.7949,2.4049
dsmem_remote,12,10,1,128,16384,0,42,46,2947066,1225440,179.8746,74.7949,2.4049
dsmem_remote,12,10,1,128,16384,0,42,47,2947066,1225440,179.8746,74.7949,2.4049
dsmem_remote,12,10,1,128,16384,0,42,48,2947066,1225472,179.8746,74.7969,2.4048
dsmem_remote,12,10,1,128,16384,0,42,49,2947066,1225472,179.8746,74.7969,2.4048
dsmem_remote,12,10,1,128,16384,0,42,50,2947066,1225504,179.8746,74.7988,2.4048
dsmem_remote,12,10,1,128,16384,0,42,51,2947066,1225440,179.8746,74.7949,2.4049
dsmem_remote,12,10,1,128,16384,0,42,52,2947066,1225472,179.8746,74.7969,2.4048
dsmem_remote,12,10,1,128,16384,0,42,53,2947066,1225472,179.8746,74.7969,2.4048
dsmem_remote,12,10,1,128,16384,0,42,54,2947066,1225504,179.8746,74.7988,2.4048
dsmem_remote,12,10,1,128,16384,0,42,55,2947066,1225440,179.8746,74.7949,2.4049
dsmem_remote,12,10,1,128,16384,0,42,56,2947066,1225440,179.8746,74.7949,2.4049
dsmem_remote,12,10,1,128,16384,0,42,57,2947066,1225440,179.8746,74.7949,2.4049
dsmem_remote,12,10,1,128,16384,0,42,58,2947066,1225440,179.8746,74.7949,2.4049
dsmem_remote,12,10,1,128,16384,0,42,59,2947066,1225472,179.8746,74.7969,2.4048
dsmem_remote,12,10,1,128,16384,0,42,60,2947066,1225472,179.8746,74.7969,2.4048
dsmem_remote,12,10,1,128,16384,0,42,61,2947066,1225408,179.8746,74.7930,2.4050
dsmem_remote,12,10,1,128,16384,0,42,62,2947066,1225472,179.8746,74.7969,2.4048
dsmem_remote,12,10,1,128,16384,0,42,63,2947066,1225440,179.8746,74.7949,2.4049
dsmem_remote,12,10,1,128,16384,0,42,64,2947066,1225472,179.8746,74.7969,2.4048
dsmem_remote,12,10,1,128,16384,0,42,65,2947066,1225440,179.8746,74.7949,2.4049
dsmem_remote,12,10,1,128,16384,0,42,66,2947066,1225472,179.8746,74.7969,2.4048
dsmem_remote,12,10,1,128,16384,0,42,67,2947066,1225472,179.8746,74.7969,2.4048
dsmem_remote,12,10,1,128,16384,0,42,68,2947066,1225440,179.8746,74.7949,2.4049
dsmem_remote,12,10,1,128,16384,0,42,69,2947066,1225472,179.8746,74.7969,2.4048
dsmem_remote,12,10,1,128,16384,0,42,70,2947066,1225472,179.8746,74.7969,2.4048
dsmem_remote,12,10,1,128,16384,0,42,71,2947066,1225440,179.8746,74.7949,2.4049
dsmem_remote,12,10,1,128,16384,0,42,72,2947066,1225504,179.8746,74.7988,2.4048
dsmem_remote,12,10,1,128,16384,0,42,73,2947066,1225440,179.8746,74.7949,2.4049
dsmem_remote,12,10,1,128,16384,0,42,74,2947066,1225472,179.8746,74.7969,2.4048
dsmem_remote,12,10,1,128,16384,0,42,75,2947066,1225472,179.8746,74.7969,2.4048
dsmem_remote,12,10,1,128,16384,0,42,76,2947066,1225472,179.8746,74.7969,2.4048
dsmem_remote,12,10,1,128,16384,0,42,77,2947066,1225504,179.8746,74.7988,2.4048
dsmem_remote,12,10,1,128,16384,0,42,78,2947066,1225440,179.8746,74.7949,2.4049
dsmem_remote,12,10,1,128,16384,0,42,79,2947066,1225440,179.8746,74.7949,2.4049
dsmem_remote,12,10,1,128,16384,0,42,80,2947066,1225504,179.8746,74.7988,2.4048
dsmem_remote,12,10,1,128,16384,0,42,81,2947066,1225472,179.8746,74.7969,2.4048
dsmem_remote,12,10,1,128,16384,0,42,82,2947066,1225472,179.8746,74.7969,2.4048
dsmem_remote,12,10,1,128,16384,0,42,83,2947066,1225472,179.8746,74.7969,2.4048
dsmem_remote,12,10,1,128,16384,0,42,84,2947066,1225440,179.8746,74.7949,2.4049
dsmem_remote,12,10,1,128,16384,0,42,85,2947066,1225440,179.8746,74.7949,2.4049
dsmem_remote,12,10,1,128,16384,0,42,86,2947066,1225472,179.8746,74.7969,2.4048
dsmem_remote,12,10,1,128,16384,0,42,87,2947066,1225440,179.8746,74.7949,2.4049
dsmem_remote,12,10,1,128,16384,0,42,88,2947066,1225440,179.8746,74.7949,2.4049
dsmem_remote,12,10,1,128,16384,0,42,89,2947066,1225472,179.8746,74.7969,2.4048
dsmem_remote,12,10,1,128,16384,0,42,90,2947066,1225408,179.8746,74.7930,2.4050
dsmem_remote,12,10,1,128,16384,0,42,91,2947066,1225472,179.8746,74.7969,2.4048
dsmem_remote,12,10,1,128,16384,0,42,92,2947066,1225440,179.8746,74.7949,2.4049
dsmem_remote,12,10,1,128,16384,0,42,93,2947066,1225440,179.8746,74.7949,2.4049
dsmem_remote,12,10,1,128,16384,0,42,94,2947066,1225472,179.8746,74.7969,2.4048
dsmem_remote,12,10,1,128,16384,0,42,95,2947066,1225440,179.8746,74.7949,2.4049
dsmem_remote,12,10,1,128,16384,0,42,96,2947066,1225504,179.8746,74.7988,2.4048
dsmem_remote,12,10,1,128,16384,0,42,97,2947066,1225440,179.8746,74.7949,2.4049
dsmem_remote,12,10,1,128,16384,0,42,98,2947066,1225440,179.8746,74.7949,2.4049
dsmem_remote,12,10,1,128,16384,0,42,99,2947066,1225472,179.8746,74.7969,2.4048
dsmem_remote,12,10,1,128,16384,0,42,100,2947066,1225472,179.8746,74.7969,2.4048
